Archive member included to satisfy reference by file (symbol)

C:\Program Files (x86)\Arm GNU Toolchain arm-none-eabi\13.2 Rel1\lib\gcc\arm-none-eabi\13.2.1\thumb\v6-m\nofp\libnosys.a(errno.o)
                              newlib_stubs.o (errno)
C:\Program Files (x86)\Arm GNU Toolchain arm-none-eabi\13.2 Rel1\lib\gcc\arm-none-eabi\13.2.1\thumb\v6-m\nofp\libgcc.a(_divsi3.o)
                              main.o (__aeabi_idiv)
C:\Program Files (x86)\Arm GNU Toolchain arm-none-eabi\13.2 Rel1\lib\gcc\arm-none-eabi\13.2.1\thumb\v6-m\nofp\libgcc.a(_dvmd_tls.o)
                              C:\Program Files (x86)\Arm GNU Toolchain arm-none-eabi\13.2 Rel1\lib\gcc\arm-none-eabi\13.2.1\thumb\v6-m\nofp\libgcc.a(_divsi3.o) (__aeabi_idiv0)
C:\Program Files (x86)\Arm GNU Toolchain arm-none-eabi\13.2 Rel1\lib\gcc\arm-none-eabi\13.2.1\thumb\v6-m\nofp\libgcc.a(_fixunsdfsi.o)
                              main.o (__aeabi_d2uiz)
C:\Program Files (x86)\Arm GNU Toolchain arm-none-eabi\13.2 Rel1\lib\gcc\arm-none-eabi\13.2.1\thumb\v6-m\nofp\libgcc.a(addsf3.o)
                              main.o (__aeabi_fadd)
C:\Program Files (x86)\Arm GNU Toolchain arm-none-eabi\13.2 Rel1\lib\gcc\arm-none-eabi\13.2.1\thumb\v6-m\nofp\libgcc.a(divsf3.o)
                              main.o (__aeabi_fdiv)
C:\Program Files (x86)\Arm GNU Toolchain arm-none-eabi\13.2 Rel1\lib\gcc\arm-none-eabi\13.2.1\thumb\v6-m\nofp\libgcc.a(subsf3.o)
                              main.o (__aeabi_fsub)
C:\Program Files (x86)\Arm GNU Toolchain arm-none-eabi\13.2 Rel1\lib\gcc\arm-none-eabi\13.2.1\thumb\v6-m\nofp\libgcc.a(floatsisf.o)
                              main.o (__aeabi_i2f)
C:\Program Files (x86)\Arm GNU Toolchain arm-none-eabi\13.2 Rel1\lib\gcc\arm-none-eabi\13.2.1\thumb\v6-m\nofp\libgcc.a(muldf3.o)
                              main.o (__aeabi_dmul)
C:\Program Files (x86)\Arm GNU Toolchain arm-none-eabi\13.2 Rel1\lib\gcc\arm-none-eabi\13.2.1\thumb\v6-m\nofp\libgcc.a(subdf3.o)
                              C:\Program Files (x86)\Arm GNU Toolchain arm-none-eabi\13.2 Rel1\lib\gcc\arm-none-eabi\13.2.1\thumb\v6-m\nofp\libgcc.a(_fixunsdfsi.o) (__aeabi_dsub)
C:\Program Files (x86)\Arm GNU Toolchain arm-none-eabi\13.2 Rel1\lib\gcc\arm-none-eabi\13.2.1\thumb\v6-m\nofp\libgcc.a(fixdfsi.o)
                              C:\Program Files (x86)\Arm GNU Toolchain arm-none-eabi\13.2 Rel1\lib\gcc\arm-none-eabi\13.2.1\thumb\v6-m\nofp\libgcc.a(_fixunsdfsi.o) (__aeabi_d2iz)
C:\Program Files (x86)\Arm GNU Toolchain arm-none-eabi\13.2 Rel1\lib\gcc\arm-none-eabi\13.2.1\thumb\v6-m\nofp\libgcc.a(extendsfdf2.o)
                              main.o (__aeabi_f2d)
C:\Program Files (x86)\Arm GNU Toolchain arm-none-eabi\13.2 Rel1\lib\gcc\arm-none-eabi\13.2.1\thumb\v6-m\nofp\libgcc.a(_arm_cmpdf2.o)
                              C:\Program Files (x86)\Arm GNU Toolchain arm-none-eabi\13.2 Rel1\lib\gcc\arm-none-eabi\13.2.1\thumb\v6-m\nofp\libgcc.a(_fixunsdfsi.o) (__aeabi_dcmpge)
C:\Program Files (x86)\Arm GNU Toolchain arm-none-eabi\13.2 Rel1\lib\gcc\arm-none-eabi\13.2.1\thumb\v6-m\nofp\libgcc.a(_clzsi2.o)
                              C:\Program Files (x86)\Arm GNU Toolchain arm-none-eabi\13.2 Rel1\lib\gcc\arm-none-eabi\13.2.1\thumb\v6-m\nofp\libgcc.a(addsf3.o) (__clzsi2)
C:\Program Files (x86)\Arm GNU Toolchain arm-none-eabi\13.2 Rel1\lib\gcc\arm-none-eabi\13.2.1\thumb\v6-m\nofp\libgcc.a(eqdf2.o)
                              C:\Program Files (x86)\Arm GNU Toolchain arm-none-eabi\13.2 Rel1\lib\gcc\arm-none-eabi\13.2.1\thumb\v6-m\nofp\libgcc.a(_arm_cmpdf2.o) (__eqdf2)
C:\Program Files (x86)\Arm GNU Toolchain arm-none-eabi\13.2 Rel1\lib\gcc\arm-none-eabi\13.2.1\thumb\v6-m\nofp\libgcc.a(gedf2.o)
                              C:\Program Files (x86)\Arm GNU Toolchain arm-none-eabi\13.2 Rel1\lib\gcc\arm-none-eabi\13.2.1\thumb\v6-m\nofp\libgcc.a(_arm_cmpdf2.o) (__gedf2)
C:\Program Files (x86)\Arm GNU Toolchain arm-none-eabi\13.2 Rel1\lib\gcc\arm-none-eabi\13.2.1\thumb\v6-m\nofp\libgcc.a(ledf2.o)
                              C:\Program Files (x86)\Arm GNU Toolchain arm-none-eabi\13.2 Rel1\lib\gcc\arm-none-eabi\13.2.1\thumb\v6-m\nofp\libgcc.a(_arm_cmpdf2.o) (__ledf2)
C:\Program Files (x86)\Arm GNU Toolchain arm-none-eabi\13.2 Rel1\lib\gcc\arm-none-eabi\13.2.1\thumb\v6-m\nofp\libc_nano.a(libc_a-printf.o)
                              main.o (printf)
C:\Program Files (x86)\Arm GNU Toolchain arm-none-eabi\13.2 Rel1\lib\gcc\arm-none-eabi\13.2.1\thumb\v6-m\nofp\libc_nano.a(libc_a-memset.o)
                              main.o (memset)
C:\Program Files (x86)\Arm GNU Toolchain arm-none-eabi\13.2 Rel1\lib\gcc\arm-none-eabi\13.2.1\thumb\v6-m\nofp\libc_nano.a(libc_a-impure.o)
                              C:\Program Files (x86)\Arm GNU Toolchain arm-none-eabi\13.2 Rel1\lib\gcc\arm-none-eabi\13.2.1\thumb\v6-m\nofp\libc_nano.a(libc_a-printf.o) (_impure_ptr)
[...]
Memory Configuration

Name             Origin             Length             Attributes
flash            0x08000000         0x00010000
ram              0x20000000         0x00002000
*default*        0x00000000         0xffffffff

Linker script and memory map

LOAD main.o
LOAD adc.o
LOAD serial.o
LOAD UART2.o
LOAD startup.o
LOAD newlib_stubs.o
LOAD C:\Program Files (x86)\Arm GNU Toolchain arm-none-eabi\13.2 Rel1\lib\gcc\arm-none-eabi\13.2.1\thumb\v6-m\nofp\libnosys.a
LOAD C:\Program Files (x86)\Arm GNU Toolchain arm-none-eabi\13.2 Rel1\lib\gcc\arm-none-eabi\13.2.1\thumb\v6-m\nofp\libgcc.a
START GROUP
LOAD C:\Program Files (x86)\Arm GNU Toolchain arm-none-eabi\13.2 Rel1\lib\gcc\arm-none-eabi\13.2.1\thumb\v6-m\nofp\libgcc.a
LOAD C:\Program Files (x86)\Arm GNU Toolchain arm-none-eabi\13.2 Rel1\lib\gcc\arm-none-eabi\13.2.1\thumb\v6-m\nofp\libc_nano.a
LOAD C:\Program Files (x86)\Arm GNU Toolchain arm-none-eabi\13.2 Rel1\lib\gcc\arm-none-eabi\13.2.1\thumb\v6-m\nofp\libm.a
END GROUP

.text           0x08000000     0x50f4
 *(.vectors)
 .vectors       0x08000000       0xb8 startup.o
                0x08000000                Vectors
 *(.after_vectors*)
 .after_vectors
                0x080000b8       0x28 startup.o
                0x080000b8                ResetInit
 *(.text*)
 .text          0x080000e0      0xacc main.o
                0x080000e0                wait_1ms
                0x08000118                waitms
                0x0800013a                TIM2_Handler
                0x08000248                Hardware_Init
                0x080004c4                SendATCommand
                0x0800053c                GetPeriod
                0x08000638                PrintNumber
                0x080006d8                r_cont_decode
                0x0800075c                l_cont_decode
                0x080007a8                printCharAsBinary
                0x080007f8                char2int
                0x08000830                rolling_average
                0x080008b8                main
 .text          0x08000bac      0x10c adc.o
                0x08000bac                initADC
                0x08000c4c                readADC
 .text          0x08000cb8      0x5b4 serial.o
                0x08000cb8                ReadCom
                0x08000d2c                WriteCom
                0x08000dcc                initUART
                0x08000f1c                USART1_Handler
                0x08000f48                usart_rx
                0x08000f78                usart_tx
                0x08000fe0                PutBuf
                0x08001042                GetBuf
                0x08001098                GetBufCount
                0x080010ac                eputs
                0x080010e8                eputc
                0x08001106                egetc
                0x08001120                egets
                0x080011ac                egetc_echo
                0x080011d2                egets_echo
 .text          0x0800126c      0x5c8 UART2.o
                0x0800126c                ReadCom2
                0x080012e0                WriteCom2
                0x08001380                initUART2
                0x080014cc                USART2_Handler
                0x080014f8                usart_rx2
                0x08001528                usart_tx2
                0x08001590                PutBuf2
                0x080015f2                GetBuf2
                0x08001648                GetBufCount2
                0x0800165c                eputs2
                0x08001698                eputc2
                0x080016b6                egetc2
                0x080016d0                egets2
                0x0800175c                ReceivedBytes2
                0x08001774                egetc_echo2
                0x0800179a                egets_echo2
 .text          0x08001834      0x1a8 startup.o
                0x080018ac                initClock
                0x080019b4                EXTI2_3_Handler
                0x080019b4                TIM21_Handler
                0x080019b4                SysTick_Handler
                0x080019b4                I2C1_Handler
                0x080019b4                PendSV_Handler
                0x080019b4                NMI_Handler
                0x080019b4                WWDG_Handler
                0x080019b4                RTC_Handler
                0x080019b4                EXTI4_15_Handler
                0x080019b4                DMA_CH4_5_6_7_Handler
                0x080019b4                Default_Handler
                0x080019b4                LPUART1_Handler
                0x080019b4                FLASH_Handler
                0x080019b4                EXTI0_1_Handler
                0x080019b4                DMA_CH1_Handler
                0x080019b4                SPI2_Handler
                0x080019b4                DMA_CH2_3_Handler
                0x080019b4                I2C2_Handler
                0x080019b4                SVC_Handler
                0x080019b4                LPTIM1_Handler
                0x080019b4                SPI1_Handler
                0x080019b4                RCC_Handler
                0x080019b4                PVD_Handler
                0x080019b4                TIM6_Handler
                0x080019b4                TIM22_Handler
                0x080019b4                ADC_COMP_Handler
                0x080019c8                Hard_Fault_Handler
 .text          0x080019dc      0x29c newlib_stubs.o
                0x080019dc                _exit
                0x080019e6                _close
                0x080019fa                _execve
                0x08001a1c                _fork
                0x08001a34                _fstat
                0x08001a50                _getpid
                0x08001a5c                _kill
                0x08001a7c                _link
                0x08001a9c                _lseek
                0x08001ab2                _stat
                0x08001ace                _times
                0x08001ae2                _unlink
                0x08001b00                _wait
                0x08001b20                _isatty
                0x08001b48                _sbrk
                0x08001bac                _read
                0x08001c24                _write
 .text          0x08001c78        0x0 C:\Program Files (x86)\Arm GNU Toolchain arm-none-eabi\13.2 Rel1\lib\gcc\arm-none-eabi\13.2.1\thumb\v6-m\nofp\libnosys.a(errno.o)
 .text          0x08001c78      0x1d4 C:\Program Files (x86)\Arm GNU Toolchain arm-none-eabi\13.2 Rel1\lib\gcc\arm-none-eabi\13.2.1\thumb\v6-m\nofp\libgcc.a(_divsi3.o)
                0x08001c78                __divsi3
                0x08001c78                __aeabi_idiv
                0x08001e44                __aeabi_idivmod
 .text          0x08001e4c        0x4 C:\Program Files (x86)\Arm GNU Toolchain arm-none-eabi\13.2 Rel1\lib\gcc\arm-none-eabi\13.2.1\thumb\v6-m\nofp\libgcc.a(_dvmd_tls.o)
                0x08001e4c                __aeabi_idiv0
                0x08001e4c                __aeabi_ldiv0
 .text          0x08001e50        0x0 C:\Program Files (x86)\Arm GNU Toolchain arm-none-eabi\13.2 Rel1\lib\gcc\arm-none-eabi\13.2.1\thumb\v6-m\nofp\libgcc.a(_fixunsdfsi.o)
 .text.__fixunsdfsi
                0x08001e50       0x3c C:\Program Files (x86)\Arm GNU Toolchain arm-none-eabi\13.2 Rel1\lib\gcc\arm-none-eabi\13.2.1\thumb\v6-m\nofp\libgcc.a(_fixunsdfsi.o)
                0x08001e50                __aeabi_d2uiz
                0x08001e50                __fixunsdfsi
 .text          0x08001e8c        0x0 C:\Program Files (x86)\Arm GNU Toolchain arm-none-eabi\13.2 Rel1\lib\gcc\arm-none-eabi\13.2.1\thumb\v6-m\nofp\libgcc.a(addsf3.o)
 .text.__aeabi_fadd
                0x08001e8c      0x340 C:\Program Files (x86)\Arm GNU Toolchain arm-none-eabi\13.2 Rel1\lib\gcc\arm-none-eabi\13.2.1\thumb\v6-m\nofp\libgcc.a(addsf3.o)
                0x08001e8c                __aeabi_fadd
 .text          0x080021cc        0x0 C:\Program Files (x86)\Arm GNU Toolchain arm-none-eabi\13.2 Rel1\lib\gcc\arm-none-eabi\13.2.1\thumb\v6-m\nofp\libgcc.a(divsf3.o)
 .text.__aeabi_fdiv
                0x080021cc      0x224 C:\Program Files (x86)\Arm GNU Toolchain arm-none-eabi\13.2 Rel1\lib\gcc\arm-none-eabi\13.2.1\thumb\v6-m\nofp\libgcc.a(divsf3.o)
                0x080021cc                __aeabi_fdiv
 .text          0x080023f0        0x0 C:\Program Files (x86)\Arm GNU Toolchain arm-none-eabi\13.2 Rel1\lib\gcc\arm-none-eabi\13.2.1\thumb\v6-m\nofp\libgcc.a(subsf3.o)
 .text.__aeabi_fsub
                0x080023f0      0x38c C:\Program Files (x86)\Arm GNU Toolchain arm-none-eabi\13.2 Rel1\lib\gcc\arm-none-eabi\13.2.1\thumb\v6-m\nofp\libgcc.a(subsf3.o)
                0x080023f0                __aeabi_fsub
 .text          0x0800277c        0x0 C:\Program Files (x86)\Arm GNU Toolchain arm-none-eabi\13.2 Rel1\lib\gcc\arm-none-eabi\13.2.1\thumb\v6-m\nofp\libgcc.a(floatsisf.o)
 .text.__aeabi_i2f
                0x0800277c       0x94 C:\Program Files (x86)\Arm GNU Toolchain arm-none-eabi\13.2 Rel1\lib\gcc\arm-none-eabi\13.2.1\thumb\v6-m\nofp\libgcc.a(floatsisf.o)
                0x0800277c                __aeabi_i2f
 .text          0x08002810        0x0 C:\Program Files (x86)\Arm GNU Toolchain arm-none-eabi\13.2 Rel1\lib\gcc\arm-none-eabi\13.2.1\thumb\v6-m\nofp\libgcc.a(muldf3.o)
 .text.__aeabi_dmul
                0x08002810      0x598 C:\Program Files (x86)\Arm GNU Toolchain arm-none-eabi\13.2 Rel1\lib\gcc\arm-none-eabi\13.2.1\thumb\v6-m\nofp\libgcc.a(muldf3.o)
                0x08002810                __aeabi_dmul
 .text          0x08002da8        0x0 C:\Program Files (x86)\Arm GNU Toolchain arm-none-eabi\13.2 Rel1\lib\gcc\arm-none-eabi\13.2.1\thumb\v6-m\nofp\libgcc.a(subdf3.o)
 .text.__aeabi_dsub
                0x08002da8      0x710 C:\Program Files (x86)\Arm GNU Toolchain arm-none-eabi\13.2 Rel1\lib\gcc\arm-none-eabi\13.2.1\thumb\v6-m\nofp\libgcc.a(subdf3.o)
                0x08002da8                __aeabi_dsub
 .text          0x080034b8        0x0 C:\Program Files (x86)\Arm GNU Toolchain arm-none-eabi\13.2 Rel1\lib\gcc\arm-none-eabi\13.2.1\thumb\v6-m\nofp\libgcc.a(fixdfsi.o)
 .text.__aeabi_d2iz
                0x080034b8       0x78 C:\Program Files (x86)\Arm GNU Toolchain arm-none-eabi\13.2 Rel1\lib\gcc\arm-none-eabi\13.2.1\thumb\v6-m\nofp\libgcc.a(fixdfsi.o)
                0x080034b8                __aeabi_d2iz
 .text          0x08003530        0x0 C:\Program Files (x86)\Arm GNU Toolchain arm-none-eabi\13.2 Rel1\lib\gcc\arm-none-eabi\13.2.1\thumb\v6-m\nofp\libgcc.a(extendsfdf2.o)
 .text.__aeabi_f2d
                0x08003530       0x90 C:\Program Files (x86)\Arm GNU Toolchain arm-none-eabi\13.2 Rel1\lib\gcc\arm-none-eabi\13.2.1\thumb\v6-m\nofp\libgcc.a(extendsfdf2.o)
                0x08003530                __aeabi_f2d
 .text          0x080035c0       0x7c C:\Program Files (x86)\Arm GNU Toolchain arm-none-eabi\13.2 Rel1\lib\gcc\arm-none-eabi\13.2.1\thumb\v6-m\nofp\libgcc.a(_arm_cmpdf2.o)
                0x080035c0                __aeabi_cdrcmple
                0x080035d0                __aeabi_cdcmple
                0x080035d0                __aeabi_cdcmpeq
                0x080035e0                __aeabi_dcmpeq
                0x080035ec                __aeabi_dcmplt
                0x08003600                __aeabi_dcmple
                0x08003614                __aeabi_dcmpgt
                0x08003628                __aeabi_dcmpge
 .text          0x0800363c       0x3c C:\Program Files (x86)\Arm GNU Toolchain arm-none-eabi\13.2 Rel1\lib\gcc\arm-none-eabi\13.2.1\thumb\v6-m\nofp\libgcc.a(_clzsi2.o)
                0x0800363c                __clzsi2
 .text          0x08003678        0x0 C:\Program Files (x86)\Arm GNU Toolchain arm-none-eabi\13.2 Rel1\lib\gcc\arm-none-eabi\13.2.1\thumb\v6-m\nofp\libgcc.a(eqdf2.o)
 .text.__eqdf2  0x08003678       0x88 C:\Program Files (x86)\Arm GNU Toolchain arm-none-eabi\13.2 Rel1\lib\gcc\arm-none-eabi\13.2.1\thumb\v6-m\nofp\libgcc.a(eqdf2.o)
                0x08003678                __nedf2
                0x08003678                __eqdf2
 .text          0x08003700        0x0 C:\Program Files (x86)\Arm GNU Toolchain arm-none-eabi\13.2 Rel1\lib\gcc\arm-none-eabi\13.2.1\thumb\v6-m\nofp\libgcc.a(gedf2.o)
 .text.__gedf2  0x08003700       0xe0 C:\Program Files (x86)\Arm GNU Toolchain arm-none-eabi\13.2 Rel1\lib\gcc\arm-none-eabi\13.2.1\thumb\v6-m\nofp\libgcc.a(gedf2.o)
                0x08003700                __gedf2
                0x08003700                __gtdf2
 .text          0x080037e0        0x0 C:\Program Files (x86)\Arm GNU Toolchain arm-none-eabi\13.2 Rel1\lib\gcc\arm-none-eabi\13.2.1\thumb\v6-m\nofp\libgcc.a(ledf2.o)
 .text.__ledf2  0x080037e0       0xdc C:\Program Files (x86)\Arm GNU Toolchain arm-none-eabi\13.2 Rel1\lib\gcc\arm-none-eabi\13.2.1\thumb\v6-m\nofp\libgcc.a(ledf2.o)
                0x080037e0                __ledf2
                0x080037e0                __ltdf2
 .text          0x080038bc        0x0 C:\Program Files (x86)\Arm GNU Toolchain arm-none-eabi\13.2 Rel1\lib\gcc\arm-none-eabi\13.2.1\thumb\v6-m\nofp\libc_nano.a(libc_a-printf.o)
 .text._printf_r
                0x080038bc       0x18 C:\Program Files (x86)\Arm GNU Toolchain arm-none-eabi\13.2 Rel1\lib\gcc\arm-none-eabi\13.2.1\thumb\v6-m\nofp\libc_nano.a(libc_a-printf.o)
                0x080038bc                _iprintf_r
                0x080038bc                _printf_r
 .text.printf   0x080038d4       0x20 C:\Program Files (x86)\Arm GNU Toolchain arm-none-eabi\13.2 Rel1\lib\gcc\arm-none-eabi\13.2.1\thumb\v6-m\nofp\libc_nano.a(libc_a-printf.o)
                0x080038d4                iprintf
                0x080038d4                printf
 .text          0x080038f4        0x0 C:\Program Files (x86)\Arm GNU Toolchain arm-none-eabi\13.2 Rel1\lib\gcc\arm-none-eabi\13.2.1\thumb\v6-m\nofp\libc_nano.a(libc_a-memset.o)
 .text.memset   0x080038f4       0x10 C:\Program Files (x86)\Arm GNU Toolchain arm-none-eabi\13.2 Rel1\lib\gcc\arm-none-eabi\13.2.1\thumb\v6-m\nofp\libc_nano.a(libc_a-memset.o)
                0x080038f4                memset
 .text          0x08003904        0x0 C:\Program Files (x86)\Arm GNU Toolchain arm-none-eabi\13.2 Rel1\lib\gcc\arm-none-eabi\13.2.1\thumb\v6-m\nofp\libc_nano.a(libc_a-impure.o)
 .text          0x08003904        0x0 C:\Program Files (x86)\Arm GNU Toolchain arm-none-eabi\13.2 Rel1\lib\gcc\arm-none-eabi\13.2.1\thumb\v6-m\nofp\libc_nano.a(libc_a-nano-vfprintf.o)
 .text.__sfputc_r
                0x08003904       0x2a C:\Program Files (x86)\Arm GNU Toolchain arm-none-eabi\13.2 Rel1\lib\gcc\arm-none-eabi\13.2.1\thumb\v6-m\nofp\libc_nano.a(libc_a-nano-vfprintf.o)
 .text.__sfputs_r
                0x0800392e       0x24 C:\Program Files (x86)\Arm GNU Toolchain arm-none-eabi\13.2 Rel1\lib\gcc\arm-none-eabi\13.2.1\thumb\v6-m\nofp\libc_nano.a(libc_a-nano-vfprintf.o)
                0x0800392e                __sfputs_r
 .text.__sprint_r
                0x08003952       0x20 C:\Program Files (x86)\Arm GNU Toolchain arm-none-eabi\13.2 Rel1\lib\gcc\arm-none-eabi\13.2.1\thumb\v6-m\nofp\libc_nano.a(libc_a-nano-vfprintf.o)
                0x08003952                __sprint_r
 *fill*         0x08003972        0x2 
 .text._vfprintf_r
                0x08003974      0x238 C:\Program Files (x86)\Arm GNU Toolchain arm-none-eabi\13.2 Rel1\lib\gcc\arm-none-eabi\13.2.1\thumb\v6-m\nofp\libc_nano.a(libc_a-nano-vfprintf.o)
                0x08003974                _vfprintf_r
                0x08003974                _vfiprintf_r
 .text.vfprintf
                0x08003bac       0x18 C:\Program Files (x86)\Arm GNU Toolchain arm-none-eabi\13.2 Rel1\lib\gcc\arm-none-eabi\13.2.1\thumb\v6-m\nofp\libc_nano.a(libc_a-nano-vfprintf.o)
                0x08003bac                vfprintf
                0x08003bac                vfiprintf
 .text          0x08003bc4        0x0 C:\Program Files (x86)\Arm GNU Toolchain arm-none-eabi\13.2 Rel1\lib\gcc\arm-none-eabi\13.2.1\thumb\v6-m\nofp\libc_nano.a(libc_a-nano-vfprintf_i.o)
 .text._printf_common
                0x08003bc4       0xde C:\Program Files (x86)\Arm GNU Toolchain arm-none-eabi\13.2 Rel1\lib\gcc\arm-none-eabi\13.2.1\thumb\v6-m\nofp\libc_nano.a(libc_a-nano-vfprintf_i.o)
                0x08003bc4                _printf_common
 *fill*         0x08003ca2        0x2 
 .text._printf_i
                0x08003ca4      0x218 C:\Program Files (x86)\Arm GNU Toolchain arm-none-eabi\13.2 Rel1\lib\gcc\arm-none-eabi\13.2.1\thumb\v6-m\nofp\libc_nano.a(libc_a-nano-vfprintf_i.o)
                0x08003ca4                _printf_i
 .text          0x08003ebc        0x0 C:\Program Files (x86)\Arm GNU Toolchain arm-none-eabi\13.2 Rel1\lib\gcc\arm-none-eabi\13.2.1\thumb\v6-m\nofp\libc_nano.a(libc_a-findfp.o)
 .text.std      0x08003ebc       0x6c C:\Program Files (x86)\Arm GNU Toolchain arm-none-eabi\13.2 Rel1\lib\gcc\arm-none-eabi\13.2.1\thumb\v6-m\nofp\libc_nano.a(libc_a-findfp.o)
 .text.stdio_exit_handler
                0x08003f28       0x1c C:\Program Files (x86)\Arm GNU Toolchain arm-none-eabi\13.2 Rel1\lib\gcc\arm-none-eabi\13.2.1\thumb\v6-m\nofp\libc_nano.a(libc_a-findfp.o)
 .text.cleanup_stdio
                0x08003f44       0x3c C:\Program Files (x86)\Arm GNU Toolchain arm-none-eabi\13.2 Rel1\lib\gcc\arm-none-eabi\13.2.1\thumb\v6-m\nofp\libc_nano.a(libc_a-findfp.o)
 .text.__fp_lock
                0x08003f80       0x18 C:\Program Files (x86)\Arm GNU Toolchain arm-none-eabi\13.2 Rel1\lib\gcc\arm-none-eabi\13.2.1\thumb\v6-m\nofp\libc_nano.a(libc_a-findfp.o)
 .text.__fp_unlock
                0x08003f98       0x18 C:\Program Files (x86)\Arm GNU Toolchain arm-none-eabi\13.2 Rel1\lib\gcc\arm-none-eabi\13.2.1\thumb\v6-m\nofp\libc_nano.a(libc_a-findfp.o)
 .text.global_stdio_init.part.0
                0x08003fb0       0x3c C:\Program Files (x86)\Arm GNU Toolchain arm-none-eabi\13.2 Rel1\lib\gcc\arm-none-eabi\13.2.1\thumb\v6-m\nofp\libc_nano.a(libc_a-findfp.o)
 .text.__sfp_lock_acquire
                0x08003fec       0x10 C:\Program Files (x86)\Arm GNU Toolchain arm-none-eabi\13.2 Rel1\lib\gcc\arm-none-eabi\13.2.1\thumb\v6-m\nofp\libc_nano.a(libc_a-findfp.o)
                0x08003fec                __sfp_lock_acquire
 .text.__sfp_lock_release
                0x08003ffc       0x10 C:\Program Files (x86)\Arm GNU Toolchain arm-none-eabi\13.2 Rel1\lib\gcc\arm-none-eabi\13.2.1\thumb\v6-m\nofp\libc_nano.a(libc_a-findfp.o)
                0x08003ffc                __sfp_lock_release
 .text.__sfp    0x0800400c       0xa8 C:\Program Files (x86)\Arm GNU Toolchain arm-none-eabi\13.2 Rel1\lib\gcc\arm-none-eabi\13.2.1\thumb\v6-m\nofp\libc_nano.a(libc_a-findfp.o)
                0x0800400c                __sfp
 .text.__sinit  0x080040b4       0x30 C:\Program Files (x86)\Arm GNU Toolchain arm-none-eabi\13.2 Rel1\lib\gcc\arm-none-eabi\13.2.1\thumb\v6-m\nofp\libc_nano.a(libc_a-findfp.o)
                0x080040b4                __sinit
 .text.__fp_lock_all
                0x080040e4       0x1c C:\Program Files (x86)\Arm GNU Toolchain arm-none-eabi\13.2 Rel1\lib\gcc\arm-none-eabi\13.2.1\thumb\v6-m\nofp\libc_nano.a(libc_a-findfp.o)
                0x080040e4                __fp_lock_all
 .text.__fp_unlock_all
                0x08004100       0x1c C:\Program Files (x86)\Arm GNU Toolchain arm-none-eabi\13.2 Rel1\lib\gcc\arm-none-eabi\13.2.1\thumb\v6-m\nofp\libc_nano.a(libc_a-findfp.o)
                0x08004100                __fp_unlock_all
 .text          0x0800411c        0x0 C:\Program Files (x86)\Arm GNU Toolchain arm-none-eabi\13.2 Rel1\lib\gcc\arm-none-eabi\13.2.1\thumb\v6-m\nofp\libc_nano.a(libc_a-fvwrite.o)
 .text.__sfvwrite_r
                0x0800411c      0x2b4 C:\Program Files (x86)\Arm GNU Toolchain arm-none-eabi\13.2 Rel1\lib\gcc\arm-none-eabi\13.2.1\thumb\v6-m\nofp\libc_nano.a(libc_a-fvwrite.o)
                0x0800411c                __sfvwrite_r
 .text          0x080043d0        0x0 C:\Program Files (x86)\Arm GNU Toolchain arm-none-eabi\13.2 Rel1\lib\gcc\arm-none-eabi\13.2.1\thumb\v6-m\nofp\libc_nano.a(libc_a-fwalk.o)
 .text._fwalk_sglue
                0x080043d0       0x38 C:\Program Files (x86)\Arm GNU Toolchain arm-none-eabi\13.2 Rel1\lib\gcc\arm-none-eabi\13.2.1\thumb\v6-m\nofp\libc_nano.a(libc_a-fwalk.o)
                0x080043d0                _fwalk_sglue
 .text          0x08004408        0x0 C:\Program Files (x86)\Arm GNU Toolchain arm-none-eabi\13.2 Rel1\lib\gcc\arm-none-eabi\13.2.1\thumb\v6-m\nofp\libc_nano.a(libc_a-stdio.o)
 .text.__sread  0x08004408       0x28 C:\Program Files (x86)\Arm GNU Toolchain arm-none-eabi\13.2 Rel1\lib\gcc\arm-none-eabi\13.2.1\thumb\v6-m\nofp\libc_nano.a(libc_a-stdio.o)
                0x08004408                __sread
 .text.__seofread
                0x08004430        0x4 C:\Program Files (x86)\Arm GNU Toolchain arm-none-eabi\13.2 Rel1\lib\gcc\arm-none-eabi\13.2.1\thumb\v6-m\nofp\libc_nano.a(libc_a-stdio.o)
                0x08004430                __seofread
 .text.__swrite
                0x08004434       0x38 C:\Program Files (x86)\Arm GNU Toolchain arm-none-eabi\13.2 Rel1\lib\gcc\arm-none-eabi\13.2.1\thumb\v6-m\nofp\libc_nano.a(libc_a-stdio.o)
                0x08004434                __swrite
 .text.__sseek  0x0800446c       0x2c C:\Program Files (x86)\Arm GNU Toolchain arm-none-eabi\13.2 Rel1\lib\gcc\arm-none-eabi\13.2.1\thumb\v6-m\nofp\libc_nano.a(libc_a-stdio.o)
                0x0800446c                __sseek
 .text.__sclose
                0x08004498        0xc C:\Program Files (x86)\Arm GNU Toolchain arm-none-eabi\13.2 Rel1\lib\gcc\arm-none-eabi\13.2.1\thumb\v6-m\nofp\libc_nano.a(libc_a-stdio.o)
                0x08004498                __sclose
 .text          0x080044a4        0x0 C:\Program Files (x86)\Arm GNU Toolchain arm-none-eabi\13.2 Rel1\lib\gcc\arm-none-eabi\13.2.1\thumb\v6-m\nofp\libc_nano.a(libc_a-wbuf.o)
 .text.__swbuf_r
                0x080044a4       0x84 C:\Program Files (x86)\Arm GNU Toolchain arm-none-eabi\13.2 Rel1\lib\gcc\arm-none-eabi\13.2.1\thumb\v6-m\nofp\libc_nano.a(libc_a-wbuf.o)
                0x080044a4                __swbuf_r
 .text.__swbuf  0x08004528       0x14 C:\Program Files (x86)\Arm GNU Toolchain arm-none-eabi\13.2 Rel1\lib\gcc\arm-none-eabi\13.2.1\thumb\v6-m\nofp\libc_nano.a(libc_a-wbuf.o)
                0x08004528                __swbuf
 .text          0x0800453c        0x0 C:\Program Files (x86)\Arm GNU Toolchain arm-none-eabi\13.2 Rel1\lib\gcc\arm-none-eabi\13.2.1\thumb\v6-m\nofp\libc_nano.a(libc_a-wsetup.o)
 .text.__swsetup_r
                0x0800453c       0xbc C:\Program Files (x86)\Arm GNU Toolchain arm-none-eabi\13.2 Rel1\lib\gcc\arm-none-eabi\13.2.1\thumb\v6-m\nofp\libc_nano.a(libc_a-wsetup.o)
                0x0800453c                __swsetup_r
 .text          0x080045f8        0x0 C:\Program Files (x86)\Arm GNU Toolchain arm-none-eabi\13.2 Rel1\lib\gcc\arm-none-eabi\13.2.1\thumb\v6-m\nofp\libc_nano.a(libc_a-memmove.o)
 .text.memmove  0x080045f8       0x24 C:\Program Files (x86)\Arm GNU Toolchain arm-none-eabi\13.2 Rel1\lib\gcc\arm-none-eabi\13.2.1\thumb\v6-m\nofp\libc_nano.a(libc_a-memmove.o)
                0x080045f8                memmove
 .text          0x0800461c        0x0 C:\Program Files (x86)\Arm GNU Toolchain arm-none-eabi\13.2 Rel1\lib\gcc\arm-none-eabi\13.2.1\thumb\v6-m\nofp\libc_nano.a(libc_a-closer.o)
 .text._close_r
                0x0800461c       0x24 C:\Program Files (x86)\Arm GNU Toolchain arm-none-eabi\13.2 Rel1\lib\gcc\arm-none-eabi\13.2.1\thumb\v6-m\nofp\libc_nano.a(libc_a-closer.o)
                0x0800461c                _close_r
 .text          0x08004640        0x0 C:\Program Files (x86)\Arm GNU Toolchain arm-none-eabi\13.2 Rel1\lib\gcc\arm-none-eabi\13.2.1\thumb\v6-m\nofp\libc_nano.a(libc_a-lseekr.o)
 .text._lseek_r
                0x08004640       0x28 C:\Program Files (x86)\Arm GNU Toolchain arm-none-eabi\13.2 Rel1\lib\gcc\arm-none-eabi\13.2.1\thumb\v6-m\nofp\libc_nano.a(libc_a-lseekr.o)
                0x08004640                _lseek_r
 .text          0x08004668        0x0 C:\Program Files (x86)\Arm GNU Toolchain arm-none-eabi\13.2 Rel1\lib\gcc\arm-none-eabi\13.2.1\thumb\v6-m\nofp\libc_nano.a(libc_a-readr.o)
 .text._read_r  0x08004668       0x28 C:\Program Files (x86)\Arm GNU Toolchain arm-none-eabi\13.2 Rel1\lib\gcc\arm-none-eabi\13.2.1\thumb\v6-m\nofp\libc_nano.a(libc_a-readr.o)
                0x08004668                _read_r
 .text          0x08004690        0x0 C:\Program Files (x86)\Arm GNU Toolchain arm-none-eabi\13.2 Rel1\lib\gcc\arm-none-eabi\13.2.1\thumb\v6-m\nofp\libc_nano.a(libc_a-writer.o)
 .text._write_r
                0x08004690       0x28 C:\Program Files (x86)\Arm GNU Toolchain arm-none-eabi\13.2 Rel1\lib\gcc\arm-none-eabi\13.2.1\thumb\v6-m\nofp\libc_nano.a(libc_a-writer.o)
                0x08004690                _write_r
 .text          0x080046b8        0x0 C:\Program Files (x86)\Arm GNU Toolchain arm-none-eabi\13.2 Rel1\lib\gcc\arm-none-eabi\13.2.1\thumb\v6-m\nofp\libc_nano.a(libc_a-lock.o)
 .text.__retarget_lock_init
                0x080046b8        0x2 C:\Program Files (x86)\Arm GNU Toolchain arm-none-eabi\13.2 Rel1\lib\gcc\arm-none-eabi\13.2.1\thumb\v6-m\nofp\libc_nano.a(libc_a-lock.o)
                0x080046b8                __retarget_lock_init
 .text.__retarget_lock_init_recursive
                0x080046ba        0x2 C:\Program Files (x86)\Arm GNU Toolchain arm-none-eabi\13.2 Rel1\lib\gcc\arm-none-eabi\13.2.1\thumb\v6-m\nofp\libc_nano.a(libc_a-lock.o)
                0x080046ba                __retarget_lock_init_recursive
 .text.__retarget_lock_close
                0x080046bc        0x2 C:\Program Files (x86)\Arm GNU Toolchain arm-none-eabi\13.2 Rel1\lib\gcc\arm-none-eabi\13.2.1\thumb\v6-m\nofp\libc_nano.a(libc_a-lock.o)
                0x080046bc                __retarget_lock_close
 .text.__retarget_lock_close_recursive
                0x080046be        0x2 C:\Program Files (x86)\Arm GNU Toolchain arm-none-eabi\13.2 Rel1\lib\gcc\arm-none-eabi\13.2.1\thumb\v6-m\nofp\libc_nano.a(libc_a-lock.o)
                0x080046be                __retarget_lock_close_recursive
 .text.__retarget_lock_acquire
                0x080046c0        0x2 C:\Program Files (x86)\Arm GNU Toolchain arm-none-eabi\13.2 Rel1\lib\gcc\arm-none-eabi\13.2.1\thumb\v6-m\nofp\libc_nano.a(libc_a-lock.o)
                0x080046c0                __retarget_lock_acquire
 .text.__retarget_lock_acquire_recursive
                0x080046c2        0x2 C:\Program Files (x86)\Arm GNU Toolchain arm-none-eabi\13.2 Rel1\lib\gcc\arm-none-eabi\13.2.1\thumb\v6-m\nofp\libc_nano.a(libc_a-lock.o)
                0x080046c2                __retarget_lock_acquire_recursive
 .text.__retarget_lock_try_acquire
                0x080046c4        0x4 C:\Program Files (x86)\Arm GNU Toolchain arm-none-eabi\13.2 Rel1\lib\gcc\arm-none-eabi\13.2.1\thumb\v6-m\nofp\libc_nano.a(libc_a-lock.o)
                0x080046c4                __retarget_lock_try_acquire
 .text.__retarget_lock_try_acquire_recursive
                0x080046c8        0x4 C:\Program Files (x86)\Arm GNU Toolchain arm-none-eabi\13.2 Rel1\lib\gcc\arm-none-eabi\13.2.1\thumb\v6-m\nofp\libc_nano.a(libc_a-lock.o)
                0x080046c8                __retarget_lock_try_acquire_recursive
 .text.__retarget_lock_release
                0x080046cc        0x2 C:\Program Files (x86)\Arm GNU Toolchain arm-none-eabi\13.2 Rel1\lib\gcc\arm-none-eabi\13.2.1\thumb\v6-m\nofp\libc_nano.a(libc_a-lock.o)
                0x080046cc                __retarget_lock_release
 .text.__retarget_lock_release_recursive
                0x080046ce        0x2 C:\Program Files (x86)\Arm GNU Toolchain arm-none-eabi\13.2 Rel1\lib\gcc\arm-none-eabi\13.2.1\thumb\v6-m\nofp\libc_nano.a(libc_a-lock.o)
                0x080046ce                __retarget_lock_release_recursive
 .text          0x080046d0        0x0 C:\Program Files (x86)\Arm GNU Toolchain arm-none-eabi\13.2 Rel1\lib\gcc\arm-none-eabi\13.2.1\thumb\v6-m\nofp\libc_nano.a(libc_a-memchr-stub.o)
 .text.memchr   0x080046d0       0x16 C:\Program Files (x86)\Arm GNU Toolchain arm-none-eabi\13.2 Rel1\lib\gcc\arm-none-eabi\13.2.1\thumb\v6-m\nofp\libc_nano.a(libc_a-memchr-stub.o)
                0x080046d0                memchr
 .text          0x080046e6        0x0 C:\Program Files (x86)\Arm GNU Toolchain arm-none-eabi\13.2 Rel1\lib\gcc\arm-none-eabi\13.2.1\thumb\v6-m\nofp\libc_nano.a(libc_a-memcpy-stub.o)
 .text.memcpy   0x080046e6       0x12 C:\Program Files (x86)\Arm GNU Toolchain arm-none-eabi\13.2 Rel1\lib\gcc\arm-none-eabi\13.2.1\thumb\v6-m\nofp\libc_nano.a(libc_a-memcpy-stub.o)
                0x080046e6                memcpy
 .text          0x080046f8        0x0 C:\Program Files (x86)\Arm GNU Toolchain arm-none-eabi\13.2 Rel1\lib\gcc\arm-none-eabi\13.2.1\thumb\v6-m\nofp\libc_nano.a(libc_a-freer.o)
 .text._free_r  0x080046f8       0x94 C:\Program Files (x86)\Arm GNU Toolchain arm-none-eabi\13.2 Rel1\lib\gcc\arm-none-eabi\13.2.1\thumb\v6-m\nofp\libc_nano.a(libc_a-freer.o)
                0x080046f8                _free_r
 .text          0x0800478c        0x0 C:\Program Files (x86)\Arm GNU Toolchain arm-none-eabi\13.2 Rel1\lib\gcc\arm-none-eabi\13.2.1\thumb\v6-m\nofp\libc_nano.a(libc_a-mallocr.o)
 .text.sbrk_aligned
                0x0800478c       0x44 C:\Program Files (x86)\Arm GNU Toolchain arm-none-eabi\13.2 Rel1\lib\gcc\arm-none-eabi\13.2.1\thumb\v6-m\nofp\libc_nano.a(libc_a-mallocr.o)
 .text._malloc_r
                0x080047d0      0x100 C:\Program Files (x86)\Arm GNU Toolchain arm-none-eabi\13.2 Rel1\lib\gcc\arm-none-eabi\13.2.1\thumb\v6-m\nofp\libc_nano.a(libc_a-mallocr.o)
                0x080047d0                _malloc_r
 .text          0x080048d0        0x0 C:\Program Files (x86)\Arm GNU Toolchain arm-none-eabi\13.2 Rel1\lib\gcc\arm-none-eabi\13.2.1\thumb\v6-m\nofp\libc_nano.a(libc_a-mlock.o)
 .text.__malloc_lock
                0x080048d0       0x10 C:\Program Files (x86)\Arm GNU Toolchain arm-none-eabi\13.2 Rel1\lib\gcc\arm-none-eabi\13.2.1\thumb\v6-m\nofp\libc_nano.a(libc_a-mlock.o)
                0x080048d0                __malloc_lock
 .text.__malloc_unlock
                0x080048e0       0x10 C:\Program Files (x86)\Arm GNU Toolchain arm-none-eabi\13.2 Rel1\lib\gcc\arm-none-eabi\13.2.1\thumb\v6-m\nofp\libc_nano.a(libc_a-mlock.o)
                0x080048e0                __malloc_unlock
 .text          0x080048f0        0x0 C:\Program Files (x86)\Arm GNU Toolchain arm-none-eabi\13.2 Rel1\lib\gcc\arm-none-eabi\13.2.1\thumb\v6-m\nofp\libc_nano.a(libc_a-reallocr.o)
 .text._realloc_r
                0x080048f0       0x60 C:\Program Files (x86)\Arm GNU Toolchain arm-none-eabi\13.2 Rel1\lib\gcc\arm-none-eabi\13.2.1\thumb\v6-m\nofp\libc_nano.a(libc_a-reallocr.o)
                0x080048f0                _realloc_r
 .text          0x08004950        0x0 C:\Program Files (x86)\Arm GNU Toolchain arm-none-eabi\13.2 Rel1\lib\gcc\arm-none-eabi\13.2.1\thumb\v6-m\nofp\libc_nano.a(libc_a-fflush.o)
 .text.__sflush_r
                0x08004950      0x10c C:\Program Files (x86)\Arm GNU Toolchain arm-none-eabi\13.2 Rel1\lib\gcc\arm-none-eabi\13.2.1\thumb\v6-m\nofp\libc_nano.a(libc_a-fflush.o)
                0x08004950                __sflush_r
 .text._fflush_r
                0x08004a5c       0x56 C:\Program Files (x86)\Arm GNU Toolchain arm-none-eabi\13.2 Rel1\lib\gcc\arm-none-eabi\13.2.1\thumb\v6-m\nofp\libc_nano.a(libc_a-fflush.o)
                0x08004a5c                _fflush_r
 *fill*         0x08004ab2        0x2 
 .text.fflush   0x08004ab4       0x30 C:\Program Files (x86)\Arm GNU Toolchain arm-none-eabi\13.2 Rel1\lib\gcc\arm-none-eabi\13.2.1\thumb\v6-m\nofp\libc_nano.a(libc_a-fflush.o)
                0x08004ab4                fflush
 .text          0x08004ae4        0x0 C:\Program Files (x86)\Arm GNU Toolchain arm-none-eabi\13.2 Rel1\lib\gcc\arm-none-eabi\13.2.1\thumb\v6-m\nofp\libc_nano.a(libc_a-makebuf.o)
 .text.__swhatbuf_r
                0x08004ae4       0x54 C:\Program Files (x86)\Arm GNU Toolchain arm-none-eabi\13.2 Rel1\lib\gcc\arm-none-eabi\13.2.1\thumb\v6-m\nofp\libc_nano.a(libc_a-makebuf.o)
                0x08004ae4                __swhatbuf_r
 .text.__smakebuf_r
                0x08004b38       0x82 C:\Program Files (x86)\Arm GNU Toolchain arm-none-eabi\13.2 Rel1\lib\gcc\arm-none-eabi\13.2.1\thumb\v6-m\nofp\libc_nano.a(libc_a-makebuf.o)
                0x08004b38                __smakebuf_r
 .text          0x08004bba        0x0 C:\Program Files (x86)\Arm GNU Toolchain arm-none-eabi\13.2 Rel1\lib\gcc\arm-none-eabi\13.2.1\thumb\v6-m\nofp\libc_nano.a(libc_a-fstatr.o)
 *fill*         0x08004bba        0x2 
 .text._fstat_r
                0x08004bbc       0x24 C:\Program Files (x86)\Arm GNU Toolchain arm-none-eabi\13.2 Rel1\lib\gcc\arm-none-eabi\13.2.1\thumb\v6-m\nofp\libc_nano.a(libc_a-fstatr.o)
                0x08004bbc                _fstat_r
 .text          0x08004be0        0x0 C:\Program Files (x86)\Arm GNU Toolchain arm-none-eabi\13.2 Rel1\lib\gcc\arm-none-eabi\13.2.1\thumb\v6-m\nofp\libc_nano.a(libc_a-isattyr.o)
 .text._isatty_r
                0x08004be0       0x24 C:\Program Files (x86)\Arm GNU Toolchain arm-none-eabi\13.2 Rel1\lib\gcc\arm-none-eabi\13.2.1\thumb\v6-m\nofp\libc_nano.a(libc_a-isattyr.o)
                0x08004be0                _isatty_r
 .text          0x08004c04        0x0 C:\Program Files (x86)\Arm GNU Toolchain arm-none-eabi\13.2 Rel1\lib\gcc\arm-none-eabi\13.2.1\thumb\v6-m\nofp\libc_nano.a(libc_a-sbrkr.o)
 .text._sbrk_r  0x08004c04       0x24 C:\Program Files (x86)\Arm GNU Toolchain arm-none-eabi\13.2 Rel1\lib\gcc\arm-none-eabi\13.2.1\thumb\v6-m\nofp\libc_nano.a(libc_a-sbrkr.o)
                0x08004c04                _sbrk_r
 .text          0x08004c28        0x0 C:\Program Files (x86)\Arm GNU Toolchain arm-none-eabi\13.2 Rel1\lib\gcc\arm-none-eabi\13.2.1\thumb\v6-m\nofp\libc_nano.a(libc_a-msizer.o)
 .text._malloc_usable_size_r
                0x08004c28       0x10 C:\Program Files (x86)\Arm GNU Toolchain arm-none-eabi\13.2 Rel1\lib\gcc\arm-none-eabi\13.2.1\thumb\v6-m\nofp\libc_nano.a(libc_a-msizer.o)
                0x08004c28                _malloc_usable_size_r
 .text          0x08004c38       0x14 C:\Program Files (x86)\Arm GNU Toolchain arm-none-eabi\13.2 Rel1\lib\gcc\arm-none-eabi\13.2.1\thumb\v6-m\nofp\libgcc.a(_thumb1_case_shi.o)
                0x08004c38                __gnu_thumb1_case_shi
 .text          0x08004c4c      0x114 C:\Program Files (x86)\Arm GNU Toolchain arm-none-eabi\13.2 Rel1\lib\gcc\arm-none-eabi\13.2.1\thumb\v6-m\nofp\libgcc.a(_udivsi3.o)
                0x08004c4c                __aeabi_uidiv
                0x08004c4c                __udivsi3
                0x08004d58                __aeabi_uidivmod
 *(.rodata*)
 .rodata        0x08004d60      0x268 main.o
 .rodata        0x08004fc8       0x7c startup.o
 .rodata.__aeabi_fdiv
                0x08005044       0x7c C:\Program Files (x86)\Arm GNU Toolchain arm-none-eabi\13.2 Rel1\lib\gcc\arm-none-eabi\13.2.1\thumb\v6-m\nofp\libgcc.a(divsf3.o)
 .rodata._vfprintf_r.str1.1
                0x080050c0       0x33 C:\Program Files (x86)\Arm GNU Toolchain arm-none-eabi\13.2 Rel1\lib\gcc\arm-none-eabi\13.2.1\thumb\v6-m\nofp\libc_nano.a(libc_a-nano-vfprintf.o)
                                 0x11 (size before relaxing)
 .rodata._printf_i.str1.1
                0x080050f3       0x22 C:\Program Files (x86)\Arm GNU Toolchain arm-none-eabi\13.2 Rel1\lib\gcc\arm-none-eabi\13.2.1\thumb\v6-m\nofp\libc_nano.a(libc_a-nano-vfprintf_i.o)
                0x08005118                        . = ALIGN (0x4)
 *fill*         0x080050f3        0x1 
                0x080050f4                        PROVIDE (__init_array_start = .)
 *(SORT_BY_NAME(.init_array.*))
 *(.init_array)
                0x080050f4                        PROVIDE (__init_array_end = .)
                0x080050f4                        . = ALIGN (0x4)
                0x080050f4                        _etext = .

.glue_7         0x080050f4        0x0
 .glue_7        0x080050f4        0x0 linker stubs

.glue_7t        0x080050f4        0x0
 .glue_7t       0x080050f4        0x0 linker stubs

.vfp11_veneer   0x080050f4        0x0
 .vfp11_veneer  0x080050f4        0x0 linker stubs

.v4_bx          0x080050f4        0x0
 .v4_bx         0x080050f4        0x0 linker stubs

.iplt           0x080050f4        0x0
 .iplt          0x080050f4        0x0 main.o

.rel.dyn        0x080050f4        0x0
 .rel.iplt      0x080050f4        0x0 main.o

.data           0x20000000       0x64 load address 0x080050f4
                0x20000000                        . = ALIGN (0x4)
                0x20000000                        _data = .
 *(.data*)
 .data          0x20000000        0x4 main.o
                0x20000000                ISR_pwm1
                0x20000001                ISR_pwm2
                0x20000002                ISR_pwm3
                0x20000003                ISR_pwm4
 .data          0x20000004        0x0 adc.o
 .data          0x20000004        0x0 serial.o
 .data          0x20000004        0x0 UART2.o
 .data          0x20000004        0x0 startup.o
 .data          0x20000004        0x4 newlib_stubs.o
                0x20000004                environ
 .data          0x20000008        0x0 C:\Program Files (x86)\Arm GNU Toolchain arm-none-eabi\13.2 Rel1\lib\gcc\arm-none-eabi\13.2.1\thumb\v6-m\nofp\libnosys.a(errno.o)
 .data          0x20000008        0x0 C:\Program Files (x86)\Arm GNU Toolchain arm-none-eabi\13.2 Rel1\lib\gcc\arm-none-eabi\13.2.1\thumb\v6-m\nofp\libgcc.a(_divsi3.o)
 .data          0x20000008        0x0 C:\Program Files (x86)\Arm GNU Toolchain arm-none-eabi\13.2 Rel1\lib\gcc\arm-none-eabi\13.2.1\thumb\v6-m\nofp\libgcc.a(_dvmd_tls.o)
 .data          0x20000008        0x0 C:\Program Files (x86)\Arm GNU Toolchain arm-none-eabi\13.2 Rel1\lib\gcc\arm-none-eabi\13.2.1\thumb\v6-m\nofp\libgcc.a(_fixunsdfsi.o)
 .data          0x20000008        0x0 C:\Program Files (x86)\Arm GNU Toolchain arm-none-eabi\13.2 Rel1\lib\gcc\arm-none-eabi\13.2.1\thumb\v6-m\nofp\libgcc.a(addsf3.o)
 .data          0x20000008        0x0 C:\Program Files (x86)\Arm GNU Toolchain arm-none-eabi\13.2 Rel1\lib\gcc\arm-none-eabi\13.2.1\thumb\v6-m\nofp\libgcc.a(divsf3.o)
 .data          0x20000008        0x0 C:\Program Files (x86)\Arm GNU Toolchain arm-none-eabi\13.2 Rel1\lib\gcc\arm-none-eabi\13.2.1\thumb\v6-m\nofp\libgcc.a(subsf3.o)
 .data          0x20000008        0x0 C:\Program Files (x86)\Arm GNU Toolchain arm-none-eabi\13.2 Rel1\lib\gcc\arm-none-eabi\13.2.1\thumb\v6-m\nofp\libgcc.a(floatsisf.o)
 .data          0x20000008        0x0 C:\Program Files (x86)\Arm GNU Toolchain arm-none-eabi\13.2 Rel1\lib\gcc\arm-none-eabi\13.2.1\thumb\v6-m\nofp\libgcc.a(muldf3.o)
 .data          0x20000008        0x0 C:\Program Files (x86)\Arm GNU Toolchain arm-none-eabi\13.2 Rel1\lib\gcc\arm-none-eabi\13.2.1\thumb\v6-m\nofp\libgcc.a(subdf3.o)
 .data          0x20000008        0x0 C:\Program Files (x86)\Arm GNU Toolchain arm-none-eabi\13.2 Rel1\lib\gcc\arm-none-eabi\13.2.1\thumb\v6-m\nofp\libgcc.a(fixdfsi.o)
 .data          0x20000008        0x0 C:\Program Files (x86)\Arm GNU Toolchain arm-none-eabi\13.2 Rel1\lib\gcc\arm-none-eabi\13.2.1\thumb\v6-m\nofp\libgcc.a(extendsfdf2.o)
 .data          0x20000008        0x0 C:\Program Files (x86)\Arm GNU Toolchain arm-none-eabi\13.2 Rel1\lib\gcc\arm-none-eabi\13.2.1\thumb\v6-m\nofp\libgcc.a(_arm_cmpdf2.o)
 .data          0x20000008        0x0 C:\Program Files (x86)\Arm GNU Toolchain arm-none-eabi\13.2 Rel1\lib\gcc\arm-none-eabi\13.2.1\thumb\v6-m\nofp\libgcc.a(_clzsi2.o)
 .data          0x20000008        0x0 C:\Program Files (x86)\Arm GNU Toolchain arm-none-eabi\13.2 Rel1\lib\gcc\arm-none-eabi\13.2.1\thumb\v6-m\nofp\libgcc.a(eqdf2.o)
 .data          0x20000008        0x0 C:\Program Files (x86)\Arm GNU Toolchain arm-none-eabi\13.2 Rel1\lib\gcc\arm-none-eabi\13.2.1\thumb\v6-m\nofp\libgcc.a(gedf2.o)
 .data          0x20000008        0x0 C:\Program Files (x86)\Arm GNU Toolchain arm-none-eabi\13.2 Rel1\lib\gcc\arm-none-eabi\13.2.1\thumb\v6-m\nofp\libgcc.a(ledf2.o)
 .data          0x20000008        0x0 C:\Program Files (x86)\Arm GNU Toolchain arm-none-eabi\13.2 Rel1\lib\gcc\arm-none-eabi\13.2.1\thumb\v6-m\nofp\libc_nano.a(libc_a-printf.o)
 .data          0x20000008        0x0 C:\Program Files (x86)\Arm GNU Toolchain arm-none-eabi\13.2 Rel1\lib\gcc\arm-none-eabi\13.2.1\thumb\v6-m\nofp\libc_nano.a(libc_a-memset.o)
 .data          0x20000008        0x0 C:\Program Files (x86)\Arm GNU Toolchain arm-none-eabi\13.2 Rel1\lib\gcc\arm-none-eabi\13.2.1\thumb\v6-m\nofp\libc_nano.a(libc_a-impure.o)
 .data._impure_ptr
                0x20000008        0x4 C:\Program Files (x86)\Arm GNU Toolchain arm-none-eabi\13.2 Rel1\lib\gcc\arm-none-eabi\13.2.1\thumb\v6-m\nofp\libc_nano.a(libc_a-impure.o)
                0x20000008                _impure_ptr
 .data._impure_data
                0x2000000c       0x4c C:\Program Files (x86)\Arm GNU Toolchain arm-none-eabi\13.2 Rel1\lib\gcc\arm-none-eabi\13.2.1\thumb\v6-m\nofp\libc_nano.a(libc_a-impure.o)
                0x2000000c                _impure_data
 .data          0x20000058        0x0 C:\Program Files (x86)\Arm GNU Toolchain arm-none-eabi\13.2 Rel1\lib\gcc\arm-none-eabi\13.2.1\thumb\v6-m\nofp\libc_nano.a(libc_a-nano-vfprintf.o)
 .data          0x20000058        0x0 C:\Program Files (x86)\Arm GNU Toolchain arm-none-eabi\13.2 Rel1\lib\gcc\arm-none-eabi\13.2.1\thumb\v6-m\nofp\libc_nano.a(libc_a-nano-vfprintf_i.o)
 .data          0x20000058        0x0 C:\Program Files (x86)\Arm GNU Toolchain arm-none-eabi\13.2 Rel1\lib\gcc\arm-none-eabi\13.2.1\thumb\v6-m\nofp\libc_nano.a(libc_a-findfp.o)
 .data.__sglue  0x20000058        0xc C:\Program Files (x86)\Arm GNU Toolchain arm-none-eabi\13.2 Rel1\lib\gcc\arm-none-eabi\13.2.1\thumb\v6-m\nofp\libc_nano.a(libc_a-findfp.o)
                0x20000058                __sglue
 .data          0x20000064        0x0 C:\Program Files (x86)\Arm GNU Toolchain arm-none-eabi\13.2 Rel1\lib\gcc\arm-none-eabi\13.2.1\thumb\v6-m\nofp\libc_nano.a(libc_a-fvwrite.o)
 .data          0x20000064        0x0 C:\Program Files (x86)\Arm GNU Toolchain arm-none-eabi\13.2 Rel1\lib\gcc\arm-none-eabi\13.2.1\thumb\v6-m\nofp\libc_nano.a(libc_a-fwalk.o)
 .data          0x20000064        0x0 C:\Program Files (x86)\Arm GNU Toolchain arm-none-eabi\13.2 Rel1\lib\gcc\arm-none-eabi\13.2.1\thumb\v6-m\nofp\libc_nano.a(libc_a-stdio.o)
 .data          0x20000064        0x0 C:\Program Files (x86)\Arm GNU Toolchain arm-none-eabi\13.2 Rel1\lib\gcc\arm-none-eabi\13.2.1\thumb\v6-m\nofp\libc_nano.a(libc_a-wbuf.o)
 .data          0x20000064        0x0 C:\Program Files (x86)\Arm GNU Toolchain arm-none-eabi\13.2 Rel1\lib\gcc\arm-none-eabi\13.2.1\thumb\v6-m\nofp\libc_nano.a(libc_a-wsetup.o)
 .data          0x20000064        0x0 C:\Program Files (x86)\Arm GNU Toolchain arm-none-eabi\13.2 Rel1\lib\gcc\arm-none-eabi\13.2.1\thumb\v6-m\nofp\libc_nano.a(libc_a-memmove.o)
 .data          0x20000064        0x0 C:\Program Files (x86)\Arm GNU Toolchain arm-none-eabi\13.2 Rel1\lib\gcc\arm-none-eabi\13.2.1\thumb\v6-m\nofp\libc_nano.a(libc_a-closer.o)
 .data          0x20000064        0x0 C:\Program Files (x86)\Arm GNU Toolchain arm-none-eabi\13.2 Rel1\lib\gcc\arm-none-eabi\13.2.1\thumb\v6-m\nofp\libc_nano.a(libc_a-lseekr.o)
 .data          0x20000064        0x0 C:\Program Files (x86)\Arm GNU Toolchain arm-none-eabi\13.2 Rel1\lib\gcc\arm-none-eabi\13.2.1\thumb\v6-m\nofp\libc_nano.a(libc_a-readr.o)
 .data          0x20000064        0x0 C:\Program Files (x86)\Arm GNU Toolchain arm-none-eabi\13.2 Rel1\lib\gcc\arm-none-eabi\13.2.1\thumb\v6-m\nofp\libc_nano.a(libc_a-writer.o)
 .data          0x20000064        0x0 C:\Program Files (x86)\Arm GNU Toolchain arm-none-eabi\13.2 Rel1\lib\gcc\arm-none-eabi\13.2.1\thumb\v6-m\nofp\libc_nano.a(libc_a-lock.o)
 .data          0x20000064        0x0 C:\Program Files (x86)\Arm GNU Toolchain arm-none-eabi\13.2 Rel1\lib\gcc\arm-none-eabi\13.2.1\thumb\v6-m\nofp\libc_nano.a(libc_a-memchr-stub.o)
 .data          0x20000064        0x0 C:\Program Files (x86)\Arm GNU Toolchain arm-none-eabi\13.2 Rel1\lib\gcc\arm-none-eabi\13.2.1\thumb\v6-m\nofp\libc_nano.a(libc_a-memcpy-stub.o)
 .data          0x20000064        0x0 C:\Program Files (x86)\Arm GNU Toolchain arm-none-eabi\13.2 Rel1\lib\gcc\arm-none-eabi\13.2.1\thumb\v6-m\nofp\libc_nano.a(libc_a-freer.o)
 .data          0x20000064        0x0 C:\Program Files (x86)\Arm GNU Toolchain arm-none-eabi\13.2 Rel1\lib\gcc\arm-none-eabi\13.2.1\thumb\v6-m\nofp\libc_nano.a(libc_a-mallocr.o)
 .data          0x20000064        0x0 C:\Program Files (x86)\Arm GNU Toolchain arm-none-eabi\13.2 Rel1\lib\gcc\arm-none-eabi\13.2.1\thumb\v6-m\nofp\libc_nano.a(libc_a-mlock.o)
 .data          0x20000064        0x0 C:\Program Files (x86)\Arm GNU Toolchain arm-none-eabi\13.2 Rel1\lib\gcc\arm-none-eabi\13.2.1\thumb\v6-m\nofp\libc_nano.a(libc_a-reallocr.o)
 .data          0x20000064        0x0 C:\Program Files (x86)\Arm GNU Toolchain arm-none-eabi\13.2 Rel1\lib\gcc\arm-none-eabi\13.2.1\thumb\v6-m\nofp\libc_nano.a(libc_a-fflush.o)
 .data          0x20000064        0x0 C:\Program Files (x86)\Arm GNU Toolchain arm-none-eabi\13.2 Rel1\lib\gcc\arm-none-eabi\13.2.1\thumb\v6-m\nofp\libc_nano.a(libc_a-makebuf.o)
 .data          0x20000064        0x0 C:\Program Files (x86)\Arm GNU Toolchain arm-none-eabi\13.2 Rel1\lib\gcc\arm-none-eabi\13.2.1\thumb\v6-m\nofp\libc_nano.a(libc_a-fstatr.o)
 .data          0x20000064        0x0 C:\Program Files (x86)\Arm GNU Toolchain arm-none-eabi\13.2 Rel1\lib\gcc\arm-none-eabi\13.2.1\thumb\v6-m\nofp\libc_nano.a(libc_a-isattyr.o)
 .data          0x20000064        0x0 C:\Program Files (x86)\Arm GNU Toolchain arm-none-eabi\13.2 Rel1\lib\gcc\arm-none-eabi\13.2.1\thumb\v6-m\nofp\libc_nano.a(libc_a-sbrkr.o)
 .data          0x20000064        0x0 C:\Program Files (x86)\Arm GNU Toolchain arm-none-eabi\13.2 Rel1\lib\gcc\arm-none-eabi\13.2.1\thumb\v6-m\nofp\libc_nano.a(libc_a-msizer.o)
 .data          0x20000064        0x0 C:\Program Files (x86)\Arm GNU Toolchain arm-none-eabi\13.2 Rel1\lib\gcc\arm-none-eabi\13.2.1\thumb\v6-m\nofp\libgcc.a(_thumb1_case_shi.o)
 .data          0x20000064        0x0 C:\Program Files (x86)\Arm GNU Toolchain arm-none-eabi\13.2 Rel1\lib\gcc\arm-none-eabi\13.2.1\thumb\v6-m\nofp\libgcc.a(_udivsi3.o)
                0x20000064                        . = ALIGN (0x4)
                0x20000064                        _edata = .

.igot.plt       0x20000064        0x0 load address 0x08005158
 .igot.plt      0x20000064        0x0 main.o

.bss            0x20000064      0x2bc load address 0x08005158
                0x20000064                        _bss = .
 *(.bss*)
 .bss           0x20000064       0x1c main.o
                0x20000064                pwm_count
                0x20000068                buffr
 .bss           0x20000080        0x0 adc.o
 .bss           0x20000080       0xa4 serial.o
                0x20000080                ComRXBuffer
                0x200000cc                ComTXBuffer
                0x20000118                ComOpen
                0x2000011c                ComError
                0x20000120                ComBusy
 .bss           0x20000124       0xa4 UART2.o
                0x20000124                ComRXBuffer2
                0x20000170                ComTXBuffer2
                0x200001bc                ComOpen2
                0x200001c0                ComError2
                0x200001c4                ComBusy2
 .bss           0x200001c8        0x0 startup.o
 .bss           0x200001c8        0x8 newlib_stubs.o
                0x200001c8                __env
 .bss           0x200001d0        0x0 C:\Program Files (x86)\Arm GNU Toolchain arm-none-eabi\13.2 Rel1\lib\gcc\arm-none-eabi\13.2.1\thumb\v6-m\nofp\libnosys.a(errno.o)
 .bss.errno     0x200001d0        0x4 C:\Program Files (x86)\Arm GNU Toolchain arm-none-eabi\13.2 Rel1\lib\gcc\arm-none-eabi\13.2.1\thumb\v6-m\nofp\libnosys.a(errno.o)
                0x200001d0                errno
 .bss           0x200001d4        0x0 C:\Program Files (x86)\Arm GNU Toolchain arm-none-eabi\13.2 Rel1\lib\gcc\arm-none-eabi\13.2.1\thumb\v6-m\nofp\libgcc.a(_divsi3.o)
 .bss           0x200001d4        0x0 C:\Program Files (x86)\Arm GNU Toolchain arm-none-eabi\13.2 Rel1\lib\gcc\arm-none-eabi\13.2.1\thumb\v6-m\nofp\libgcc.a(_dvmd_tls.o)
 .bss           0x200001d4        0x0 C:\Program Files (x86)\Arm GNU Toolchain arm-none-eabi\13.2 Rel1\lib\gcc\arm-none-eabi\13.2.1\thumb\v6-m\nofp\libgcc.a(_fixunsdfsi.o)
 .bss           0x200001d4        0x0 C:\Program Files (x86)\Arm GNU Toolchain arm-none-eabi\13.2 Rel1\lib\gcc\arm-none-eabi\13.2.1\thumb\v6-m\nofp\libgcc.a(addsf3.o)
 .bss           0x200001d4        0x0 C:\Program Files (x86)\Arm GNU Toolchain arm-none-eabi\13.2 Rel1\lib\gcc\arm-none-eabi\13.2.1\thumb\v6-m\nofp\libgcc.a(divsf3.o)
 .bss           0x200001d4        0x0 C:\Program Files (x86)\Arm GNU Toolchain arm-none-eabi\13.2 Rel1\lib\gcc\arm-none-eabi\13.2.1\thumb\v6-m\nofp\libgcc.a(subsf3.o)
 .bss           0x200001d4        0x0 C:\Program Files (x86)\Arm GNU Toolchain arm-none-eabi\13.2 Rel1\lib\gcc\arm-none-eabi\13.2.1\thumb\v6-m\nofp\libgcc.a(floatsisf.o)
 .bss           0x200001d4        0x0 C:\Program Files (x86)\Arm GNU Toolchain arm-none-eabi\13.2 Rel1\lib\gcc\arm-none-eabi\13.2.1\thumb\v6-m\nofp\libgcc.a(muldf3.o)
 .bss           0x200001d4        0x0 C:\Program Files (x86)\Arm GNU Toolchain arm-none-eabi\13.2 Rel1\lib\gcc\arm-none-eabi\13.2.1\thumb\v6-m\nofp\libgcc.a(subdf3.o)
 .bss           0x200001d4        0x0 C:\Program Files (x86)\Arm GNU Toolchain arm-none-eabi\13.2 Rel1\lib\gcc\arm-none-eabi\13.2.1\thumb\v6-m\nofp\libgcc.a(fixdfsi.o)
 .bss           0x200001d4        0x0 C:\Program Files (x86)\Arm GNU Toolchain arm-none-eabi\13.2 Rel1\lib\gcc\arm-none-eabi\13.2.1\thumb\v6-m\nofp\libgcc.a(extendsfdf2.o)
 .bss           0x200001d4        0x0 C:\Program Files (x86)\Arm GNU Toolchain arm-none-eabi\13.2 Rel1\lib\gcc\arm-none-eabi\13.2.1\thumb\v6-m\nofp\libgcc.a(_arm_cmpdf2.o)
 .bss           0x200001d4        0x0 C:\Program Files (x86)\Arm GNU Toolchain arm-none-eabi\13.2 Rel1\lib\gcc\arm-none-eabi\13.2.1\thumb\v6-m\nofp\libgcc.a(_clzsi2.o)
 .bss           0x200001d4        0x0 C:\Program Files (x86)\Arm GNU Toolchain arm-none-eabi\13.2 Rel1\lib\gcc\arm-none-eabi\13.2.1\thumb\v6-m\nofp\libgcc.a(eqdf2.o)
 .bss           0x200001d4        0x0 C:\Program Files (x86)\Arm GNU Toolchain arm-none-eabi\13.2 Rel1\lib\gcc\arm-none-eabi\13.2.1\thumb\v6-m\nofp\libgcc.a(gedf2.o)
 .bss           0x200001d4        0x0 C:\Program Files (x86)\Arm GNU Toolchain arm-none-eabi\13.2 Rel1\lib\gcc\arm-none-eabi\13.2.1\thumb\v6-m\nofp\libgcc.a(ledf2.o)
 .bss           0x200001d4        0x0 C:\Program Files (x86)\Arm GNU Toolchain arm-none-eabi\13.2 Rel1\lib\gcc\arm-none-eabi\13.2.1\thumb\v6-m\nofp\libc_nano.a(libc_a-printf.o)
 .bss           0x200001d4        0x0 C:\Program Files (x86)\Arm GNU Toolchain arm-none-eabi\13.2 Rel1\lib\gcc\arm-none-eabi\13.2.1\thumb\v6-m\nofp\libc_nano.a(libc_a-memset.o)
 .bss           0x200001d4        0x0 C:\Program Files (x86)\Arm GNU Toolchain arm-none-eabi\13.2 Rel1\lib\gcc\arm-none-eabi\13.2.1\thumb\v6-m\nofp\libc_nano.a(libc_a-impure.o)
 .bss           0x200001d4        0x0 C:\Program Files (x86)\Arm GNU Toolchain arm-none-eabi\13.2 Rel1\lib\gcc\arm-none-eabi\13.2.1\thumb\v6-m\nofp\libc_nano.a(libc_a-nano-vfprintf.o)
 .bss           0x200001d4        0x0 C:\Program Files (x86)\Arm GNU Toolchain arm-none-eabi\13.2 Rel1\lib\gcc\arm-none-eabi\13.2.1\thumb\v6-m\nofp\libc_nano.a(libc_a-nano-vfprintf_i.o)
 .bss           0x200001d4        0x0 C:\Program Files (x86)\Arm GNU Toolchain arm-none-eabi\13.2 Rel1\lib\gcc\arm-none-eabi\13.2.1\thumb\v6-m\nofp\libc_nano.a(libc_a-findfp.o)
 .bss.__sf      0x200001d4      0x138 C:\Program Files (x86)\Arm GNU Toolchain arm-none-eabi\13.2 Rel1\lib\gcc\arm-none-eabi\13.2.1\thumb\v6-m\nofp\libc_nano.a(libc_a-findfp.o)
                0x200001d4                __sf
 .bss.__stdio_exit_handler
                0x2000030c        0x4 C:\Program Files (x86)\Arm GNU Toolchain arm-none-eabi\13.2 Rel1\lib\gcc\arm-none-eabi\13.2.1\thumb\v6-m\nofp\libc_nano.a(libc_a-findfp.o)
                0x2000030c                __stdio_exit_handler
 .bss           0x20000310        0x0 C:\Program Files (x86)\Arm GNU Toolchain arm-none-eabi\13.2 Rel1\lib\gcc\arm-none-eabi\13.2.1\thumb\v6-m\nofp\libc_nano.a(libc_a-fvwrite.o)
 .bss           0x20000310        0x0 C:\Program Files (x86)\Arm GNU Toolchain arm-none-eabi\13.2 Rel1\lib\gcc\arm-none-eabi\13.2.1\thumb\v6-m\nofp\libc_nano.a(libc_a-fwalk.o)
 .bss           0x20000310        0x0 C:\Program Files (x86)\Arm GNU Toolchain arm-none-eabi\13.2 Rel1\lib\gcc\arm-none-eabi\13.2.1\thumb\v6-m\nofp\libc_nano.a(libc_a-stdio.o)
 .bss           0x20000310        0x0 C:\Program Files (x86)\Arm GNU Toolchain arm-none-eabi\13.2 Rel1\lib\gcc\arm-none-eabi\13.2.1\thumb\v6-m\nofp\libc_nano.a(libc_a-wbuf.o)
 .bss           0x20000310        0x0 C:\Program Files (x86)\Arm GNU Toolchain arm-none-eabi\13.2 Rel1\lib\gcc\arm-none-eabi\13.2.1\thumb\v6-m\nofp\libc_nano.a(libc_a-wsetup.o)
 .bss           0x20000310        0x0 C:\Program Files (x86)\Arm GNU Toolchain arm-none-eabi\13.2 Rel1\lib\gcc\arm-none-eabi\13.2.1\thumb\v6-m\nofp\libc_nano.a(libc_a-memmove.o)
 .bss           0x20000310        0x0 C:\Program Files (x86)\Arm GNU Toolchain arm-none-eabi\13.2 Rel1\lib\gcc\arm-none-eabi\13.2.1\thumb\v6-m\nofp\libc_nano.a(libc_a-closer.o)
 .bss           0x20000310        0x0 C:\Program Files (x86)\Arm GNU Toolchain arm-none-eabi\13.2 Rel1\lib\gcc\arm-none-eabi\13.2.1\thumb\v6-m\nofp\libc_nano.a(libc_a-lseekr.o)
 .bss           0x20000310        0x0 C:\Program Files (x86)\Arm GNU Toolchain arm-none-eabi\13.2 Rel1\lib\gcc\arm-none-eabi\13.2.1\thumb\v6-m\nofp\libc_nano.a(libc_a-readr.o)
 .bss           0x20000310        0x0 C:\Program Files (x86)\Arm GNU Toolchain arm-none-eabi\13.2 Rel1\lib\gcc\arm-none-eabi\13.2.1\thumb\v6-m\nofp\libc_nano.a(libc_a-writer.o)
 .bss           0x20000310        0x0 C:\Program Files (x86)\Arm GNU Toolchain arm-none-eabi\13.2 Rel1\lib\gcc\arm-none-eabi\13.2.1\thumb\v6-m\nofp\libc_nano.a(libc_a-lock.o)
 .bss.__lock___arc4random_mutex
                0x20000310        0x1 C:\Program Files (x86)\Arm GNU Toolchain arm-none-eabi\13.2 Rel1\lib\gcc\arm-none-eabi\13.2.1\thumb\v6-m\nofp\libc_nano.a(libc_a-lock.o)
                0x20000310                __lock___arc4random_mutex
 .bss.__lock___dd_hash_mutex
                0x20000311        0x1 C:\Program Files (x86)\Arm GNU Toolchain arm-none-eabi\13.2 Rel1\lib\gcc\arm-none-eabi\13.2.1\thumb\v6-m\nofp\libc_nano.a(libc_a-lock.o)
                0x20000311                __lock___dd_hash_mutex
 .bss.__lock___tz_mutex
                0x20000312        0x1 C:\Program Files (x86)\Arm GNU Toolchain arm-none-eabi\13.2 Rel1\lib\gcc\arm-none-eabi\13.2.1\thumb\v6-m\nofp\libc_nano.a(libc_a-lock.o)
                0x20000312                __lock___tz_mutex
 .bss.__lock___env_recursive_mutex
                0x20000313        0x1 C:\Program Files (x86)\Arm GNU Toolchain arm-none-eabi\13.2 Rel1\lib\gcc\arm-none-eabi\13.2.1\thumb\v6-m\nofp\libc_nano.a(libc_a-lock.o)
                0x20000313                __lock___env_recursive_mutex
 .bss.__lock___malloc_recursive_mutex
                0x20000314        0x1 C:\Program Files (x86)\Arm GNU Toolchain arm-none-eabi\13.2 Rel1\lib\gcc\arm-none-eabi\13.2.1\thumb\v6-m\nofp\libc_nano.a(libc_a-lock.o)
                0x20000314                __lock___malloc_recursive_mutex
 .bss.__lock___at_quick_exit_mutex
                0x20000315        0x1 C:\Program Files (x86)\Arm GNU Toolchain arm-none-eabi\13.2 Rel1\lib\gcc\arm-none-eabi\13.2.1\thumb\v6-m\nofp\libc_nano.a(libc_a-lock.o)
                0x20000315                __lock___at_quick_exit_mutex
 .bss.__lock___atexit_recursive_mutex
                0x20000316        0x1 C:\Program Files (x86)\Arm GNU Toolchain arm-none-eabi\13.2 Rel1\lib\gcc\arm-none-eabi\13.2.1\thumb\v6-m\nofp\libc_nano.a(libc_a-lock.o)
                0x20000316                __lock___atexit_recursive_mutex
 .bss.__lock___sfp_recursive_mutex
                0x20000317        0x1 C:\Program Files (x86)\Arm GNU Toolchain arm-none-eabi\13.2 Rel1\lib\gcc\arm-none-eabi\13.2.1\thumb\v6-m\nofp\libc_nano.a(libc_a-lock.o)
                0x20000317                __lock___sfp_recursive_mutex
 .bss           0x20000318        0x0 C:\Program Files (x86)\Arm GNU Toolchain arm-none-eabi\13.2 Rel1\lib\gcc\arm-none-eabi\13.2.1\thumb\v6-m\nofp\libc_nano.a(libc_a-memchr-stub.o)
 .bss           0x20000318        0x0 C:\Program Files (x86)\Arm GNU Toolchain arm-none-eabi\13.2 Rel1\lib\gcc\arm-none-eabi\13.2.1\thumb\v6-m\nofp\libc_nano.a(libc_a-memcpy-stub.o)
 .bss           0x20000318        0x0 C:\Program Files (x86)\Arm GNU Toolchain arm-none-eabi\13.2 Rel1\lib\gcc\arm-none-eabi\13.2.1\thumb\v6-m\nofp\libc_nano.a(libc_a-freer.o)
 .bss           0x20000318        0x0 C:\Program Files (x86)\Arm GNU Toolchain arm-none-eabi\13.2 Rel1\lib\gcc\arm-none-eabi\13.2.1\thumb\v6-m\nofp\libc_nano.a(libc_a-mallocr.o)
 .bss.__malloc_sbrk_start
                0x20000318        0x4 C:\Program Files (x86)\Arm GNU Toolchain arm-none-eabi\13.2 Rel1\lib\gcc\arm-none-eabi\13.2.1\thumb\v6-m\nofp\libc_nano.a(libc_a-mallocr.o)
                0x20000318                __malloc_sbrk_start
 .bss.__malloc_free_list
                0x2000031c        0x4 C:\Program Files (x86)\Arm GNU Toolchain arm-none-eabi\13.2 Rel1\lib\gcc\arm-none-eabi\13.2.1\thumb\v6-m\nofp\libc_nano.a(libc_a-mallocr.o)
                0x2000031c                __malloc_free_list
 .bss           0x20000320        0x0 C:\Program Files (x86)\Arm GNU Toolchain arm-none-eabi\13.2 Rel1\lib\gcc\arm-none-eabi\13.2.1\thumb\v6-m\nofp\libc_nano.a(libc_a-mlock.o)
 .bss           0x20000320        0x0 C:\Program Files (x86)\Arm GNU Toolchain arm-none-eabi\13.2 Rel1\lib\gcc\arm-none-eabi\13.2.1\thumb\v6-m\nofp\libc_nano.a(libc_a-reallocr.o)
 .bss           0x20000320        0x0 C:\Program Files (x86)\Arm GNU Toolchain arm-none-eabi\13.2 Rel1\lib\gcc\arm-none-eabi\13.2.1\thumb\v6-m\nofp\libc_nano.a(libc_a-fflush.o)
 .bss           0x20000320        0x0 C:\Program Files (x86)\Arm GNU Toolchain arm-none-eabi\13.2 Rel1\lib\gcc\arm-none-eabi\13.2.1\thumb\v6-m\nofp\libc_nano.a(libc_a-makebuf.o)
 .bss           0x20000320        0x0 C:\Program Files (x86)\Arm GNU Toolchain arm-none-eabi\13.2 Rel1\lib\gcc\arm-none-eabi\13.2.1\thumb\v6-m\nofp\libc_nano.a(libc_a-fstatr.o)
 .bss           0x20000320        0x0 C:\Program Files (x86)\Arm GNU Toolchain arm-none-eabi\13.2 Rel1\lib\gcc\arm-none-eabi\13.2.1\thumb\v6-m\nofp\libc_nano.a(libc_a-isattyr.o)
 .bss           0x20000320        0x0 C:\Program Files (x86)\Arm GNU Toolchain arm-none-eabi\13.2 Rel1\lib\gcc\arm-none-eabi\13.2.1\thumb\v6-m\nofp\libc_nano.a(libc_a-sbrkr.o)
 .bss           0x20000320        0x0 C:\Program Files (x86)\Arm GNU Toolchain arm-none-eabi\13.2 Rel1\lib\gcc\arm-none-eabi\13.2.1\thumb\v6-m\nofp\libc_nano.a(libc_a-msizer.o)
 .bss           0x20000320        0x0 C:\Program Files (x86)\Arm GNU Toolchain arm-none-eabi\13.2 Rel1\lib\gcc\arm-none-eabi\13.2.1\thumb\v6-m\nofp\libgcc.a(_thumb1_case_shi.o)
 .bss           0x20000320        0x0 C:\Program Files (x86)\Arm GNU Toolchain arm-none-eabi\13.2 Rel1\lib\gcc\arm-none-eabi\13.2.1\thumb\v6-m\nofp\libgcc.a(_udivsi3.o)
 *(COMMON)
                0x20000320                        . = ALIGN (0x4)
                0x20000320                        _ebss = .
                [!provide]                        PROVIDE (end = .)
                0x20000320                        PROVIDE (_HeapStart = .)
                0x20002000                        PROVIDE (_StackTop = (ORIGIN (ram) + LENGTH (ram)))
OUTPUT(main.elf elf32-littlearm)
LOAD linker stubs

.debug_info     0x00000000     0x2654
 .debug_info    0x00000000      0x995 main.o
 .debug_info    0x00000995      0x2d8 adc.o
 .debug_info    0x00000c6d      0x79e serial.o
 .debug_info    0x0000140b      0x7b4 UART2.o
 .debug_info    0x00001bbf      0x391 startup.o
 .debug_info    0x00001f50      0x704 newlib_stubs.o

.debug_abbrev   0x00000000      0xba5
 .debug_abbrev  0x00000000      0x2fa main.o
 .debug_abbrev  0x000002fa      0x113 adc.o
 .debug_abbrev  0x0000040d      0x208 serial.o
 .debug_abbrev  0x00000615      0x21b UART2.o
 .debug_abbrev  0x00000830      0x1c2 startup.o
 .debug_abbrev  0x000009f2      0x1b3 newlib_stubs.o

.debug_aranges  0x00000000       0xc8
 .debug_aranges
                0x00000000       0x20 main.o
 .debug_aranges
                0x00000020       0x20 adc.o
 .debug_aranges
                0x00000040       0x20 serial.o
 .debug_aranges
                0x00000060       0x20 UART2.o
 .debug_aranges
                0x00000080       0x28 startup.o
 .debug_aranges
                0x000000a8       0x20 newlib_stubs.o

.debug_line     0x00000000     0x1802
 .debug_line    0x00000000      0x651 main.o
 .debug_line    0x00000651      0x1e2 adc.o
 .debug_line    0x00000833      0x520 serial.o
 .debug_line    0x00000d53      0x50b UART2.o
 .debug_line    0x0000125e      0x2c1 startup.o
 .debug_line    0x0000151f      0x2e3 newlib_stubs.o

.debug_str      0x00000000      0x9f7
 .debug_str     0x00000000      0x9f7 main.o
                                0x4a7 (size before relaxing)
 .debug_str     0x000009f7      0x25c adc.o
 .debug_str     0x000009f7      0x3a0 serial.o
 .debug_str     0x000009f7      0x3b1 UART2.o
 .debug_str     0x000009f7      0x2e1 startup.o
 .debug_str     0x000009f7      0x3d2 newlib_stubs.o

.comment        0x00000000       0x44
 .comment       0x00000000       0x44 main.o
                                 0x45 (size before relaxing)
 .comment       0x00000044       0x45 adc.o
 .comment       0x00000044       0x45 serial.o
 .comment       0x00000044       0x45 UART2.o
 .comment       0x00000044       0x45 startup.o
 .comment       0x00000044       0x45 newlib_stubs.o

.ARM.attributes
                0x00000000       0x2c
 .ARM.attributes
                0x00000000       0x2c main.o
 .ARM.attributes
                0x0000002c       0x2c adc.o
 .ARM.attributes
                0x00000058       0x2c serial.o
 .ARM.attributes
                0x00000084       0x2c UART2.o
 .ARM.attributes
                0x000000b0       0x2c startup.o
 .ARM.attributes
                0x000000dc       0x2c newlib_stubs.o
 .ARM.attributes
                0x00000108       0x2c C:\Program Files (x86)\Arm GNU Toolchain arm-none-eabi\13.2 Rel1\lib\gcc\arm-none-eabi\13.2.1\thumb\v6-m\nofp\libnosys.a(errno.o)
 .ARM.attributes
                0x00000134       0x1e C:\Program Files (x86)\Arm GNU Toolchain arm-none-eabi\13.2 Rel1\lib\gcc\arm-none-eabi\13.2.1\thumb\v6-m\nofp\libgcc.a(_divsi3.o)
 .ARM.attributes
                0x00000152       0x1e C:\Program Files (x86)\Arm GNU Toolchain arm-none-eabi\13.2 Rel1\lib\gcc\arm-none-eabi\13.2.1\thumb\v6-m\nofp\libgcc.a(_dvmd_tls.o)
 .ARM.attributes
                0x00000170       0x2c C:\Program Files (x86)\Arm GNU Toolchain arm-none-eabi\13.2 Rel1\lib\gcc\arm-none-eabi\13.2.1\thumb\v6-m\nofp\libgcc.a(_fixunsdfsi.o)
 .ARM.attributes
                0x0000019c       0x2c C:\Program Files (x86)\Arm GNU Toolchain arm-none-eabi\13.2 Rel1\lib\gcc\arm-none-eabi\13.2.1\thumb\v6-m\nofp\libgcc.a(addsf3.o)
 .ARM.attributes
                0x000001c8       0x2c C:\Program Files (x86)\Arm GNU Toolchain arm-none-eabi\13.2 Rel1\lib\gcc\arm-none-eabi\13.2.1\thumb\v6-m\nofp\libgcc.a(divsf3.o)
 .ARM.attributes
                0x000001f4       0x2c C:\Program Files (x86)\Arm GNU Toolchain arm-none-eabi\13.2 Rel1\lib\gcc\arm-none-eabi\13.2.1\thumb\v6-m\nofp\libgcc.a(subsf3.o)
 .ARM.attributes
                0x00000220       0x2c C:\Program Files (x86)\Arm GNU Toolchain arm-none-eabi\13.2 Rel1\lib\gcc\arm-none-eabi\13.2.1\thumb\v6-m\nofp\libgcc.a(floatsisf.o)
 .ARM.attributes
                0x0000024c       0x2c C:\Program Files (x86)\Arm GNU Toolchain arm-none-eabi\13.2 Rel1\lib\gcc\arm-none-eabi\13.2.1\thumb\v6-m\nofp\libgcc.a(muldf3.o)
 .ARM.attributes
                0x00000278       0x2c C:\Program Files (x86)\Arm GNU Toolchain arm-none-eabi\13.2 Rel1\lib\gcc\arm-none-eabi\13.2.1\thumb\v6-m\nofp\libgcc.a(subdf3.o)
 .ARM.attributes
                0x000002a4       0x2c C:\Program Files (x86)\Arm GNU Toolchain arm-none-eabi\13.2 Rel1\lib\gcc\arm-none-eabi\13.2.1\thumb\v6-m\nofp\libgcc.a(fixdfsi.o)
 .ARM.attributes
                0x000002d0       0x2c C:\Program Files (x86)\Arm GNU Toolchain arm-none-eabi\13.2 Rel1\lib\gcc\arm-none-eabi\13.2.1\thumb\v6-m\nofp\libgcc.a(extendsfdf2.o)
 .ARM.attributes
                0x000002fc       0x1e C:\Program Files (x86)\Arm GNU Toolchain arm-none-eabi\13.2 Rel1\lib\gcc\arm-none-eabi\13.2.1\thumb\v6-m\nofp\libgcc.a(_arm_cmpdf2.o)
 .ARM.attributes
                0x0000031a       0x1e C:\Program Files (x86)\Arm GNU Toolchain arm-none-eabi\13.2 Rel1\lib\gcc\arm-none-eabi\13.2.1\thumb\v6-m\nofp\libgcc.a(_clzsi2.o)
 .ARM.attributes
                0x00000338       0x2c C:\Program Files (x86)\Arm GNU Toolchain arm-none-eabi\13.2 Rel1\lib\gcc\arm-none-eabi\13.2.1\thumb\v6-m\nofp\libgcc.a(eqdf2.o)
 .ARM.attributes
                0x00000364       0x2c C:\Program Files (x86)\Arm GNU Toolchain arm-none-eabi\13.2 Rel1\lib\gcc\arm-none-eabi\13.2.1\thumb\v6-m\nofp\libgcc.a(gedf2.o)
 .ARM.attributes
                0x00000390       0x2c C:\Program Files (x86)\Arm GNU Toolchain arm-none-eabi\13.2 Rel1\lib\gcc\arm-none-eabi\13.2.1\thumb\v6-m\nofp\libgcc.a(ledf2.o)
 .ARM.attributes
                0x000003bc       0x2c C:\Program Files (x86)\Arm GNU Toolchain arm-none-eabi\13.2 Rel1\lib\gcc\arm-none-eabi\13.2.1\thumb\v6-m\nofp\libc_nano.a(libc_a-printf.o)
 .ARM.attributes
                0x000003e8       0x2c C:\Program Files (x86)\Arm GNU Toolchain arm-none-eabi\13.2 Rel1\lib\gcc\arm-none-eabi\13.2.1\thumb\v6-m\nofp\libc_nano.a(libc_a-memset.o)
 .ARM.attributes
                0x00000414       0x2c C:\Program Files (x86)\Arm GNU Toolchain arm-none-eabi\13.2 Rel1\lib\gcc\arm-none-eabi\13.2.1\thumb\v6-m\nofp\libc_nano.a(libc_a-impure.o)
 .ARM.attributes
                0x00000440       0x2c C:\Program Files (x86)\Arm GNU Toolchain arm-none-eabi\13.2 Rel1\lib\gcc\arm-none-eabi\13.2.1\thumb\v6-m\nofp\libc_nano.a(libc_a-nano-vfprintf.o)
 .ARM.attributes
                0x0000046c       0x2c C:\Program Files (x86)\Arm GNU Toolchain arm-none-eabi\13.2 Rel1\lib\gcc\arm-none-eabi\13.2.1\thumb\v6-m\nofp\libc_nano.a(libc_a-nano-vfprintf_i.o)
 .ARM.attributes
                0x00000498       0x2c C:\Program Files (x86)\Arm GNU Toolchain arm-none-eabi\13.2 Rel1\lib\gcc\arm-none-eabi\13.2.1\thumb\v6-m\nofp\libc_nano.a(libc_a-findfp.o)
 .ARM.attributes
                0x000004c4       0x2c C:\Program Files (x86)\Arm GNU Toolchain arm-none-eabi\13.2 Rel1\lib\gcc\arm-none-eabi\13.2.1\thumb\v6-m\nofp\libc_nano.a(libc_a-fvwrite.o)
 .ARM.attributes
                0x000004f0       0x2c C:\Program Files (x86)\Arm GNU Toolchain arm-none-eabi\13.2 Rel1\lib\gcc\arm-none-eabi\13.2.1\thumb\v6-m\nofp\libc_nano.a(libc_a-fwalk.o)
 .ARM.attributes
                0x0000051c       0x2c C:\Program Files (x86)\Arm GNU Toolchain arm-none-eabi\13.2 Rel1\lib\gcc\arm-none-eabi\13.2.1\thumb\v6-m\nofp\libc_nano.a(libc_a-stdio.o)
 .ARM.attributes
                0x00000548       0x2c C:\Program Files (x86)\Arm GNU Toolchain arm-none-eabi\13.2 Rel1\lib\gcc\arm-none-eabi\13.2.1\thumb\v6-m\nofp\libc_nano.a(libc_a-wbuf.o)
 .ARM.attributes
                0x00000574       0x2c C:\Program Files (x86)\Arm GNU Toolchain arm-none-eabi\13.2 Rel1\lib\gcc\arm-none-eabi\13.2.1\thumb\v6-m\nofp\libc_nano.a(libc_a-wsetup.o)
 .ARM.attributes
                0x000005a0       0x2c C:\Program Files (x86)\Arm GNU Toolchain arm-none-eabi\13.2 Rel1\lib\gcc\arm-none-eabi\13.2.1\thumb\v6-m\nofp\libc_nano.a(libc_a-memmove.o)
 .ARM.attributes
                0x000005cc       0x2c C:\Program Files (x86)\Arm GNU Toolchain arm-none-eabi\13.2 Rel1\lib\gcc\arm-none-eabi\13.2.1\thumb\v6-m\nofp\libc_nano.a(libc_a-closer.o)
 .ARM.attributes
                0x000005f8       0x2c C:\Program Files (x86)\Arm GNU Toolchain arm-none-eabi\13.2 Rel1\lib\gcc\arm-none-eabi\13.2.1\thumb\v6-m\nofp\libc_nano.a(libc_a-lseekr.o)
 .ARM.attributes
                0x00000624       0x2c C:\Program Files (x86)\Arm GNU Toolchain arm-none-eabi\13.2 Rel1\lib\gcc\arm-none-eabi\13.2.1\thumb\v6-m\nofp\libc_nano.a(libc_a-readr.o)
 .ARM.attributes
                0x00000650       0x2c C:\Program Files (x86)\Arm GNU Toolchain arm-none-eabi\13.2 Rel1\lib\gcc\arm-none-eabi\13.2.1\thumb\v6-m\nofp\libc_nano.a(libc_a-writer.o)
 .ARM.attributes
                0x0000067c       0x2c C:\Program Files (x86)\Arm GNU Toolchain arm-none-eabi\13.2 Rel1\lib\gcc\arm-none-eabi\13.2.1\thumb\v6-m\nofp\libc_nano.a(libc_a-lock.o)
 .ARM.attributes
                0x000006a8       0x2c C:\Program Files (x86)\Arm GNU Toolchain arm-none-eabi\13.2 Rel1\lib\gcc\arm-none-eabi\13.2.1\thumb\v6-m\nofp\libc_nano.a(libc_a-memchr-stub.o)
 .ARM.attributes
                0x000006d4       0x2c C:\Program Files (x86)\Arm GNU Toolchain arm-none-eabi\13.2 Rel1\lib\gcc\arm-none-eabi\13.2.1\thumb\v6-m\nofp\libc_nano.a(libc_a-memcpy-stub.o)
 .ARM.attributes
                0x00000700       0x2c C:\Program Files (x86)\Arm GNU Toolchain arm-none-eabi\13.2 Rel1\lib\gcc\arm-none-eabi\13.2.1\thumb\v6-m\nofp\libc_nano.a(libc_a-freer.o)
 .ARM.attributes
                0x0000072c       0x2c C:\Program Files (x86)\Arm GNU Toolchain arm-none-eabi\13.2 Rel1\lib\gcc\arm-none-eabi\13.2.1\thumb\v6-m\nofp\libc_nano.a(libc_a-mallocr.o)
 .ARM.attributes
                0x00000758       0x2c C:\Program Files (x86)\Arm GNU Toolchain arm-none-eabi\13.2 Rel1\lib\gcc\arm-none-eabi\13.2.1\thumb\v6-m\nofp\libc_nano.a(libc_a-mlock.o)
 .ARM.attributes
                0x00000784       0x2c C:\Program Files (x86)\Arm GNU Toolchain arm-none-eabi\13.2 Rel1\lib\gcc\arm-none-eabi\13.2.1\thumb\v6-m\nofp\libc_nano.a(libc_a-reallocr.o)
 .ARM.attributes
                0x000007b0       0x2c C:\Program Files (x86)\Arm GNU Toolchain arm-none-eabi\13.2 Rel1\lib\gcc\arm-none-eabi\13.2.1\thumb\v6-m\nofp\libc_nano.a(libc_a-fflush.o)
 .ARM.attributes
                0x000007dc       0x2c C:\Program Files (x86)\Arm GNU Toolchain arm-none-eabi\13.2 Rel1\lib\gcc\arm-none-eabi\13.2.1\thumb\v6-m\nofp\libc_nano.a(libc_a-makebuf.o)
 .ARM.attributes
                0x00000808       0x2c C:\Program Files (x86)\Arm GNU Toolchain arm-none-eabi\13.2 Rel1\lib\gcc\arm-none-eabi\13.2.1\thumb\v6-m\nofp\libc_nano.a(libc_a-fstatr.o)
 .ARM.attributes
                0x00000834       0x2c C:\Program Files (x86)\Arm GNU Toolchain arm-none-eabi\13.2 Rel1\lib\gcc\arm-none-eabi\13.2.1\thumb\v6-m\nofp\libc_nano.a(libc_a-isattyr.o)
 .ARM.attributes
                0x00000860       0x2c C:\Program Files (x86)\Arm GNU Toolchain arm-none-eabi\13.2 Rel1\lib\gcc\arm-none-eabi\13.2.1\thumb\v6-m\nofp\libc_nano.a(libc_a-sbrkr.o)
 .ARM.attributes
                0x0000088c       0x2c C:\Program Files (x86)\Arm GNU Toolchain arm-none-eabi\13.2 Rel1\lib\gcc\arm-none-eabi\13.2.1\thumb\v6-m\nofp\libc_nano.a(libc_a-msizer.o)
 .ARM.attributes
                0x000008b8       0x1e C:\Program Files (x86)\Arm GNU Toolchain arm-none-eabi\13.2 Rel1\lib\gcc\arm-none-eabi\13.2.1\thumb\v6-m\nofp\libgcc.a(_thumb1_case_shi.o)
 .ARM.attributes
                0x000008d6       0x1e C:\Program Files (x86)\Arm GNU Toolchain arm-none-eabi\13.2 Rel1\lib\gcc\arm-none-eabi\13.2.1\thumb\v6-m\nofp\libgcc.a(_udivsi3.o)

.debug_frame    0x00000000     0x1374
 .debug_frame   0x00000000      0x1a8 main.o
 .debug_frame   0x000001a8       0x4c adc.o
 .debug_frame   0x000001f4      0x1e8 serial.o
 .debug_frame   0x000003dc      0x204 UART2.o
 .debug_frame   0x000005e0       0x94 startup.o
 .debug_frame   0x00000674      0x228 newlib_stubs.o
 .debug_frame   0x0000089c       0x20 C:\Program Files (x86)\Arm GNU Toolchain arm-none-eabi\13.2 Rel1\lib\gcc\arm-none-eabi\13.2.1\thumb\v6-m\nofp\libgcc.a(_divsi3.o)
 .debug_frame   0x000008bc       0x2c C:\Program Files (x86)\Arm GNU Toolchain arm-none-eabi\13.2 Rel1\lib\gcc\arm-none-eabi\13.2.1\thumb\v6-m\nofp\libgcc.a(_fixunsdfsi.o)
 .debug_frame   0x000008e8       0x34 C:\Program Files (x86)\Arm GNU Toolchain arm-none-eabi\13.2 Rel1\lib\gcc\arm-none-eabi\13.2.1\thumb\v6-m\nofp\libgcc.a(addsf3.o)
 .debug_frame   0x0000091c       0x38 C:\Program Files (x86)\Arm GNU Toolchain arm-none-eabi\13.2 Rel1\lib\gcc\arm-none-eabi\13.2.1\thumb\v6-m\nofp\libgcc.a(divsf3.o)
 .debug_frame   0x00000954       0x38 C:\Program Files (x86)\Arm GNU Toolchain arm-none-eabi\13.2 Rel1\lib\gcc\arm-none-eabi\13.2.1\thumb\v6-m\nofp\libgcc.a(subsf3.o)
 .debug_frame   0x0000098c       0x2c C:\Program Files (x86)\Arm GNU Toolchain arm-none-eabi\13.2 Rel1\lib\gcc\arm-none-eabi\13.2.1\thumb\v6-m\nofp\libgcc.a(floatsisf.o)
 .debug_frame   0x000009b8       0x3c C:\Program Files (x86)\Arm GNU Toolchain arm-none-eabi\13.2 Rel1\lib\gcc\arm-none-eabi\13.2.1\thumb\v6-m\nofp\libgcc.a(muldf3.o)
 .debug_frame   0x000009f4       0x3c C:\Program Files (x86)\Arm GNU Toolchain arm-none-eabi\13.2 Rel1\lib\gcc\arm-none-eabi\13.2.1\thumb\v6-m\nofp\libgcc.a(subdf3.o)
 .debug_frame   0x00000a30       0x30 C:\Program Files (x86)\Arm GNU Toolchain arm-none-eabi\13.2 Rel1\lib\gcc\arm-none-eabi\13.2.1\thumb\v6-m\nofp\libgcc.a(fixdfsi.o)
 .debug_frame   0x00000a60       0x2c C:\Program Files (x86)\Arm GNU Toolchain arm-none-eabi\13.2 Rel1\lib\gcc\arm-none-eabi\13.2.1\thumb\v6-m\nofp\libgcc.a(extendsfdf2.o)
 .debug_frame   0x00000a8c       0x38 C:\Program Files (x86)\Arm GNU Toolchain arm-none-eabi\13.2 Rel1\lib\gcc\arm-none-eabi\13.2.1\thumb\v6-m\nofp\libgcc.a(eqdf2.o)
 .debug_frame   0x00000ac4       0x3c C:\Program Files (x86)\Arm GNU Toolchain arm-none-eabi\13.2 Rel1\lib\gcc\arm-none-eabi\13.2.1\thumb\v6-m\nofp\libgcc.a(gedf2.o)
 .debug_frame   0x00000b00       0x3c C:\Program Files (x86)\Arm GNU Toolchain arm-none-eabi\13.2 Rel1\lib\gcc\arm-none-eabi\13.2.1\thumb\v6-m\nofp\libgcc.a(ledf2.o)
 .debug_frame   0x00000b3c       0x4c C:\Program Files (x86)\Arm GNU Toolchain arm-none-eabi\13.2 Rel1\lib\gcc\arm-none-eabi\13.2.1\thumb\v6-m\nofp\libc_nano.a(libc_a-printf.o)
 .debug_frame   0x00000b88       0x20 C:\Program Files (x86)\Arm GNU Toolchain arm-none-eabi\13.2 Rel1\lib\gcc\arm-none-eabi\13.2.1\thumb\v6-m\nofp\libc_nano.a(libc_a-memset.o)
 .debug_frame   0x00000ba8       0x9c C:\Program Files (x86)\Arm GNU Toolchain arm-none-eabi\13.2 Rel1\lib\gcc\arm-none-eabi\13.2.1\thumb\v6-m\nofp\libc_nano.a(libc_a-nano-vfprintf.o)
 .debug_frame   0x00000c44       0x54 C:\Program Files (x86)\Arm GNU Toolchain arm-none-eabi\13.2 Rel1\lib\gcc\arm-none-eabi\13.2.1\thumb\v6-m\nofp\libc_nano.a(libc_a-nano-vfprintf_i.o)
 .debug_frame   0x00000c98      0x138 C:\Program Files (x86)\Arm GNU Toolchain arm-none-eabi\13.2 Rel1\lib\gcc\arm-none-eabi\13.2.1\thumb\v6-m\nofp\libc_nano.a(libc_a-findfp.o)
 .debug_frame   0x00000dd0       0x30 C:\Program Files (x86)\Arm GNU Toolchain arm-none-eabi\13.2 Rel1\lib\gcc\arm-none-eabi\13.2.1\thumb\v6-m\nofp\libc_nano.a(libc_a-fvwrite.o)
 .debug_frame   0x00000e00       0x34 C:\Program Files (x86)\Arm GNU Toolchain arm-none-eabi\13.2 Rel1\lib\gcc\arm-none-eabi\13.2.1\thumb\v6-m\nofp\libc_nano.a(libc_a-fwalk.o)
 .debug_frame   0x00000e34       0x90 C:\Program Files (x86)\Arm GNU Toolchain arm-none-eabi\13.2 Rel1\lib\gcc\arm-none-eabi\13.2.1\thumb\v6-m\nofp\libc_nano.a(libc_a-stdio.o)
 .debug_frame   0x00000ec4       0x48 C:\Program Files (x86)\Arm GNU Toolchain arm-none-eabi\13.2 Rel1\lib\gcc\arm-none-eabi\13.2.1\thumb\v6-m\nofp\libc_nano.a(libc_a-wbuf.o)
 .debug_frame   0x00000f0c       0x2c C:\Program Files (x86)\Arm GNU Toolchain arm-none-eabi\13.2 Rel1\lib\gcc\arm-none-eabi\13.2.1\thumb\v6-m\nofp\libc_nano.a(libc_a-wsetup.o)
 .debug_frame   0x00000f38       0x28 C:\Program Files (x86)\Arm GNU Toolchain arm-none-eabi\13.2 Rel1\lib\gcc\arm-none-eabi\13.2.1\thumb\v6-m\nofp\libc_nano.a(libc_a-memmove.o)
 .debug_frame   0x00000f60       0x2c C:\Program Files (x86)\Arm GNU Toolchain arm-none-eabi\13.2 Rel1\lib\gcc\arm-none-eabi\13.2.1\thumb\v6-m\nofp\libc_nano.a(libc_a-closer.o)
 .debug_frame   0x00000f8c       0x2c C:\Program Files (x86)\Arm GNU Toolchain arm-none-eabi\13.2 Rel1\lib\gcc\arm-none-eabi\13.2.1\thumb\v6-m\nofp\libc_nano.a(libc_a-lseekr.o)
 .debug_frame   0x00000fb8       0x2c C:\Program Files (x86)\Arm GNU Toolchain arm-none-eabi\13.2 Rel1\lib\gcc\arm-none-eabi\13.2.1\thumb\v6-m\nofp\libc_nano.a(libc_a-readr.o)
 .debug_frame   0x00000fe4       0x2c C:\Program Files (x86)\Arm GNU Toolchain arm-none-eabi\13.2 Rel1\lib\gcc\arm-none-eabi\13.2.1\thumb\v6-m\nofp\libc_nano.a(libc_a-writer.o)
 .debug_frame   0x00001010       0xb0 C:\Program Files (x86)\Arm GNU Toolchain arm-none-eabi\13.2 Rel1\lib\gcc\arm-none-eabi\13.2.1\thumb\v6-m\nofp\libc_nano.a(libc_a-lock.o)
 .debug_frame   0x000010c0       0x20 C:\Program Files (x86)\Arm GNU Toolchain arm-none-eabi\13.2 Rel1\lib\gcc\arm-none-eabi\13.2.1\thumb\v6-m\nofp\libc_nano.a(libc_a-memchr-stub.o)
 .debug_frame   0x000010e0       0x28 C:\Program Files (x86)\Arm GNU Toolchain arm-none-eabi\13.2 Rel1\lib\gcc\arm-none-eabi\13.2.1\thumb\v6-m\nofp\libc_nano.a(libc_a-memcpy-stub.o)
 .debug_frame   0x00001108       0x2c C:\Program Files (x86)\Arm GNU Toolchain arm-none-eabi\13.2 Rel1\lib\gcc\arm-none-eabi\13.2.1\thumb\v6-m\nofp\libc_nano.a(libc_a-freer.o)
 .debug_frame   0x00001134       0x50 C:\Program Files (x86)\Arm GNU Toolchain arm-none-eabi\13.2 Rel1\lib\gcc\arm-none-eabi\13.2.1\thumb\v6-m\nofp\libc_nano.a(libc_a-mallocr.o)
 .debug_frame   0x00001184       0x40 C:\Program Files (x86)\Arm GNU Toolchain arm-none-eabi\13.2 Rel1\lib\gcc\arm-none-eabi\13.2.1\thumb\v6-m\nofp\libc_nano.a(libc_a-mlock.o)
 .debug_frame   0x000011c4       0x34 C:\Program Files (x86)\Arm GNU Toolchain arm-none-eabi\13.2 Rel1\lib\gcc\arm-none-eabi\13.2.1\thumb\v6-m\nofp\libc_nano.a(libc_a-reallocr.o)
 .debug_frame   0x000011f8       0x68 C:\Program Files (x86)\Arm GNU Toolchain arm-none-eabi\13.2 Rel1\lib\gcc\arm-none-eabi\13.2.1\thumb\v6-m\nofp\libc_nano.a(libc_a-fflush.o)
 .debug_frame   0x00001260       0x50 C:\Program Files (x86)\Arm GNU Toolchain arm-none-eabi\13.2 Rel1\lib\gcc\arm-none-eabi\13.2.1\thumb\v6-m\nofp\libc_nano.a(libc_a-makebuf.o)
 .debug_frame   0x000012b0       0x2c C:\Program Files (x86)\Arm GNU Toolchain arm-none-eabi\13.2 Rel1\lib\gcc\arm-none-eabi\13.2.1\thumb\v6-m\nofp\libc_nano.a(libc_a-fstatr.o)
 .debug_frame   0x000012dc       0x2c C:\Program Files (x86)\Arm GNU Toolchain arm-none-eabi\13.2 Rel1\lib\gcc\arm-none-eabi\13.2.1\thumb\v6-m\nofp\libc_nano.a(libc_a-isattyr.o)
 .debug_frame   0x00001308       0x2c C:\Program Files (x86)\Arm GNU Toolchain arm-none-eabi\13.2 Rel1\lib\gcc\arm-none-eabi\13.2.1\thumb\v6-m\nofp\libc_nano.a(libc_a-sbrkr.o)
 .debug_frame   0x00001334       0x20 C:\Program Files (x86)\Arm GNU Toolchain arm-none-eabi\13.2 Rel1\lib\gcc\arm-none-eabi\13.2.1\thumb\v6-m\nofp\libc_nano.a(libc_a-msizer.o)
 .debug_frame   0x00001354       0x20 C:\Program Files (x86)\Arm GNU Toolchain arm-none-eabi\13.2 Rel1\lib\gcc\arm-none-eabi\13.2.1\thumb\v6-m\nofp\libgcc.a(_udivsi3.o)

.debug_rnglists
                0x00000000       0x1a
 .debug_rnglists
                0x00000000       0x1a startup.o

.debug_line_str
                0x00000000       0xd5
 .debug_line_str
                0x00000000       0xd5 C:\Program Files (x86)\Arm GNU Toolchain arm-none-eabi\13.2 Rel1\lib\gcc\arm-none-eabi\13.2.1\thumb\v6-m\nofp\libgcc.a(_divsi3.o)
                                 0xc9 (size before relaxing)
 .debug_line_str
                0x000000d5       0xc9 C:\Program Files (x86)\Arm GNU Toolchain arm-none-eabi\13.2 Rel1\lib\gcc\arm-none-eabi\13.2.1\thumb\v6-m\nofp\libgcc.a(_dvmd_tls.o)
 .debug_line_str
                0x000000d5       0xc9 C:\Program Files (x86)\Arm GNU Toolchain arm-none-eabi\13.2 Rel1\lib\gcc\arm-none-eabi\13.2.1\thumb\v6-m\nofp\libgcc.a(_arm_cmpdf2.o)
 .debug_line_str
                0x000000d5       0xc9 C:\Program Files (x86)\Arm GNU Toolchain arm-none-eabi\13.2 Rel1\lib\gcc\arm-none-eabi\13.2.1\thumb\v6-m\nofp\libgcc.a(_clzsi2.o)
 .debug_line_str
                0x000000d5       0xc9 C:\Program Files (x86)\Arm GNU Toolchain arm-none-eabi\13.2 Rel1\lib\gcc\arm-none-eabi\13.2.1\thumb\v6-m\nofp\libgcc.a(_thumb1_case_shi.o)
 .debug_line_str
                0x000000d5       0xc9 C:\Program Files (x86)\Arm GNU Toolchain arm-none-eabi\13.2 Rel1\lib\gcc\arm-none-eabi\13.2.1\thumb\v6-m\nofp\libgcc.a(_udivsi3.o)

Cross Reference Table

Symbol                                            File
ADC_COMP_Handler                                  startup.o
ComBusy                                           serial.o
ComBusy2                                          UART2.o
ComError                                          serial.o
ComError2                                         UART2.o
ComOpen                                           serial.o
ComOpen2                                          UART2.o
ComRXBuffer                                       serial.o
ComRXBuffer2                                      UART2.o
ComTXBuffer                                       serial.o
ComTXBuffer2                                      UART2.o
DMA_CH1_Handler                                   startup.o
DMA_CH2_3_Handler                                 startup.o
DMA_CH4_5_6_7_Handler                             startup.o
Default_Handler                                   startup.o
EXTI0_1_Handler                                   startup.o
EXTI2_3_Handler                                   startup.o
EXTI4_15_Handler                                  startup.o
FLASH_Handler                                     startup.o
GetBuf                                            serial.o
GetBuf2                                           UART2.o
GetBufCount                                       serial.o
GetBufCount2                                      UART2.o
GetPeriod                                         main.o
Hard_Fault_Handler                                startup.o
Hardware_Init                                     main.o
I2C1_Handler                                      startup.o
I2C2_Handler                                      startup.o
ISR_pwm1                                          main.o
ISR_pwm2                                          main.o
ISR_pwm3                                          main.o
ISR_pwm4                                          main.o
LPTIM1_Handler                                    startup.o
LPUART1_Handler                                   startup.o
NMI_Handler                                       startup.o
PVD_Handler                                       startup.o
PendSV_Handler                                    startup.o
PrintNumber                                       main.o
PutBuf                                            serial.o
PutBuf2                                           UART2.o
RCC_Handler                                       startup.o
RTC_Handler                                       startup.o
ReadCom                                           serial.o
ReadCom2                                          UART2.o
ReceivedBytes2                                    UART2.o
                                                  main.o
ResetInit                                         startup.o
SPI1_Handler                                      startup.o
SPI2_Handler                                      startup.o
SVC_Handler                                       startup.o
SendATCommand                                     main.o
SysTick_Handler                                   startup.o
TIM21_Handler                                     startup.o
TIM22_Handler                                     startup.o
TIM2_Handler                                      main.o
TIM6_Handler                                      startup.o
USART1_Handler                                    serial.o
USART2_Handler                                    UART2.o
Vectors                                           startup.o
WWDG_Handler                                      startup.o
WriteCom                                          serial.o
WriteCom2                                         UART2.o
_HeapStart                                        newlib_stubs.o
_StackTop                                         newlib_stubs.o
                                                  startup.o
__aeabi_cdcmpeq                                   C:\Program Files (x86)\Arm GNU Toolchain arm-none-eabi\13.2 Rel1\lib\gcc\arm-none-eabi\13.2.1\thumb\v6-m\nofp\libgcc.a(_arm_cmpdf2.o)
__aeabi_cdcmple                                   C:\Program Files (x86)\Arm GNU Toolchain arm-none-eabi\13.2 Rel1\lib\gcc\arm-none-eabi\13.2.1\thumb\v6-m\nofp\libgcc.a(_arm_cmpdf2.o)
__aeabi_cdrcmple                                  C:\Program Files (x86)\Arm GNU Toolchain arm-none-eabi\13.2 Rel1\lib\gcc\arm-none-eabi\13.2.1\thumb\v6-m\nofp\libgcc.a(_arm_cmpdf2.o)
__aeabi_d2iz                                      C:\Program Files (x86)\Arm GNU Toolchain arm-none-eabi\13.2 Rel1\lib\gcc\arm-none-eabi\13.2.1\thumb\v6-m\nofp\libgcc.a(fixdfsi.o)
                                                  C:\Program Files (x86)\Arm GNU Toolchain arm-none-eabi\13.2 Rel1\lib\gcc\arm-none-eabi\13.2.1\thumb\v6-m\nofp\libgcc.a(_fixunsdfsi.o)
__aeabi_d2uiz                                     C:\Program Files (x86)\Arm GNU Toolchain arm-none-eabi\13.2 Rel1\lib\gcc\arm-none-eabi\13.2.1\thumb\v6-m\nofp\libgcc.a(_fixunsdfsi.o)
                                                  main.o
__aeabi_dcmpeq                                    C:\Program Files (x86)\Arm GNU Toolchain arm-none-eabi\13.2 Rel1\lib\gcc\arm-none-eabi\13.2.1\thumb\v6-m\nofp\libgcc.a(_arm_cmpdf2.o)
__aeabi_dcmpge                                    C:\Program Files (x86)\Arm GNU Toolchain arm-none-eabi\13.2 Rel1\lib\gcc\arm-none-eabi\13.2.1\thumb\v6-m\nofp\libgcc.a(_arm_cmpdf2.o)
                                                  C:\Program Files (x86)\Arm GNU Toolchain arm-none-eabi\13.2 Rel1\lib\gcc\arm-none-eabi\13.2.1\thumb\v6-m\nofp\libgcc.a(_fixunsdfsi.o)
__aeabi_dcmpgt                                    C:\Program Files (x86)\Arm GNU Toolchain arm-none-eabi\13.2 Rel1\lib\gcc\arm-none-eabi\13.2.1\thumb\v6-m\nofp\libgcc.a(_arm_cmpdf2.o)
__aeabi_dcmple                                    C:\Program Files (x86)\Arm GNU Toolchain arm-none-eabi\13.2 Rel1\lib\gcc\arm-none-eabi\13.2.1\thumb\v6-m\nofp\libgcc.a(_arm_cmpdf2.o)
__aeabi_dcmplt                                    C:\Program Files (x86)\Arm GNU Toolchain arm-none-eabi\13.2 Rel1\lib\gcc\arm-none-eabi\13.2.1\thumb\v6-m\nofp\libgcc.a(_arm_cmpdf2.o)
__aeabi_dmul                                      C:\Program Files (x86)\Arm GNU Toolchain arm-none-eabi\13.2 Rel1\lib\gcc\arm-none-eabi\13.2.1\thumb\v6-m\nofp\libgcc.a(muldf3.o)
                                                  main.o
__aeabi_dsub                                      C:\Program Files (x86)\Arm GNU Toolchain arm-none-eabi\13.2 Rel1\lib\gcc\arm-none-eabi\13.2.1\thumb\v6-m\nofp\libgcc.a(subdf3.o)
                                                  C:\Program Files (x86)\Arm GNU Toolchain arm-none-eabi\13.2 Rel1\lib\gcc\arm-none-eabi\13.2.1\thumb\v6-m\nofp\libgcc.a(_fixunsdfsi.o)
__aeabi_f2d                                       C:\Program Files (x86)\Arm GNU Toolchain arm-none-eabi\13.2 Rel1\lib\gcc\arm-none-eabi\13.2.1\thumb\v6-m\nofp\libgcc.a(extendsfdf2.o)
                                                  main.o
__aeabi_fadd                                      C:\Program Files (x86)\Arm GNU Toolchain arm-none-eabi\13.2 Rel1\lib\gcc\arm-none-eabi\13.2.1\thumb\v6-m\nofp\libgcc.a(addsf3.o)
                                                  main.o
__aeabi_fdiv                                      C:\Program Files (x86)\Arm GNU Toolchain arm-none-eabi\13.2 Rel1\lib\gcc\arm-none-eabi\13.2.1\thumb\v6-m\nofp\libgcc.a(divsf3.o)
                                                  main.o
__aeabi_fsub                                      C:\Program Files (x86)\Arm GNU Toolchain arm-none-eabi\13.2 Rel1\lib\gcc\arm-none-eabi\13.2.1\thumb\v6-m\nofp\libgcc.a(subsf3.o)
                                                  main.o
__aeabi_i2f                                       C:\Program Files (x86)\Arm GNU Toolchain arm-none-eabi\13.2 Rel1\lib\gcc\arm-none-eabi\13.2.1\thumb\v6-m\nofp\libgcc.a(floatsisf.o)
                                                  main.o
__aeabi_idiv                                      C:\Program Files (x86)\Arm GNU Toolchain arm-none-eabi\13.2 Rel1\lib\gcc\arm-none-eabi\13.2.1\thumb\v6-m\nofp\libgcc.a(_divsi3.o)
                                                  C:\Program Files (x86)\Arm GNU Toolchain arm-none-eabi\13.2 Rel1\lib\gcc\arm-none-eabi\13.2.1\thumb\v6-m\nofp\libc_nano.a(libc_a-fvwrite.o)
                                                  UART2.o
                                                  serial.o
                                                  main.o
__aeabi_idiv0                                     C:\Program Files (x86)\Arm GNU Toolchain arm-none-eabi\13.2 Rel1\lib\gcc\arm-none-eabi\13.2.1\thumb\v6-m\nofp\libgcc.a(_dvmd_tls.o)
                                                  C:\Program Files (x86)\Arm GNU Toolchain arm-none-eabi\13.2 Rel1\lib\gcc\arm-none-eabi\13.2.1\thumb\v6-m\nofp\libgcc.a(_udivsi3.o)
                                                  C:\Program Files (x86)\Arm GNU Toolchain arm-none-eabi\13.2 Rel1\lib\gcc\arm-none-eabi\13.2.1\thumb\v6-m\nofp\libgcc.a(_divsi3.o)
__aeabi_idivmod                                   C:\Program Files (x86)\Arm GNU Toolchain arm-none-eabi\13.2 Rel1\lib\gcc\arm-none-eabi\13.2.1\thumb\v6-m\nofp\libgcc.a(_divsi3.o)
                                                  C:\Program Files (x86)\Arm GNU Toolchain arm-none-eabi\13.2 Rel1\lib\gcc\arm-none-eabi\13.2.1\thumb\v6-m\nofp\libc_nano.a(libc_a-fvwrite.o)
                                                  main.o
__aeabi_ldiv0                                     C:\Program Files (x86)\Arm GNU Toolchain arm-none-eabi\13.2 Rel1\lib\gcc\arm-none-eabi\13.2.1\thumb\v6-m\nofp\libgcc.a(_dvmd_tls.o)
__aeabi_uidiv                                     C:\Program Files (x86)\Arm GNU Toolchain arm-none-eabi\13.2 Rel1\lib\gcc\arm-none-eabi\13.2.1\thumb\v6-m\nofp\libgcc.a(_udivsi3.o)
__aeabi_uidivmod                                  C:\Program Files (x86)\Arm GNU Toolchain arm-none-eabi\13.2 Rel1\lib\gcc\arm-none-eabi\13.2.1\thumb\v6-m\nofp\libgcc.a(_udivsi3.o)
                                                  C:\Program Files (x86)\Arm GNU Toolchain arm-none-eabi\13.2 Rel1\lib\gcc\arm-none-eabi\13.2.1\thumb\v6-m\nofp\libc_nano.a(libc_a-nano-vfprintf_i.o)
__clzsi2                                          C:\Program Files (x86)\Arm GNU Toolchain arm-none-eabi\13.2 Rel1\lib\gcc\arm-none-eabi\13.2.1\thumb\v6-m\nofp\libgcc.a(_clzsi2.o)
                                                  C:\Program Files (x86)\Arm GNU Toolchain arm-none-eabi\13.2 Rel1\lib\gcc\arm-none-eabi\13.2.1\thumb\v6-m\nofp\libgcc.a(extendsfdf2.o)
                                                  C:\Program Files (x86)\Arm GNU Toolchain arm-none-eabi\13.2 Rel1\lib\gcc\arm-none-eabi\13.2.1\thumb\v6-m\nofp\libgcc.a(subdf3.o)
                                                  C:\Program Files (x86)\Arm GNU Toolchain arm-none-eabi\13.2 Rel1\lib\gcc\arm-none-eabi\13.2.1\thumb\v6-m\nofp\libgcc.a(muldf3.o)
                                                  C:\Program Files (x86)\Arm GNU Toolchain arm-none-eabi\13.2 Rel1\lib\gcc\arm-none-eabi\13.2.1\thumb\v6-m\nofp\libgcc.a(floatsisf.o)
                                                  C:\Program Files (x86)\Arm GNU Toolchain arm-none-eabi\13.2 Rel1\lib\gcc\arm-none-eabi\13.2.1\thumb\v6-m\nofp\libgcc.a(subsf3.o)
                                                  C:\Program Files (x86)\Arm GNU Toolchain arm-none-eabi\13.2 Rel1\lib\gcc\arm-none-eabi\13.2.1\thumb\v6-m\nofp\libgcc.a(divsf3.o)
                                                  C:\Program Files (x86)\Arm GNU Toolchain arm-none-eabi\13.2 Rel1\lib\gcc\arm-none-eabi\13.2.1\thumb\v6-m\nofp\libgcc.a(addsf3.o)
__divsi3                                          C:\Program Files (x86)\Arm GNU Toolchain arm-none-eabi\13.2 Rel1\lib\gcc\arm-none-eabi\13.2.1\thumb\v6-m\nofp\libgcc.a(_divsi3.o)
__env                                             newlib_stubs.o
__eqdf2                                           C:\Program Files (x86)\Arm GNU Toolchain arm-none-eabi\13.2 Rel1\lib\gcc\arm-none-eabi\13.2.1\thumb\v6-m\nofp\libgcc.a(eqdf2.o)
                                                  C:\Program Files (x86)\Arm GNU Toolchain arm-none-eabi\13.2 Rel1\lib\gcc\arm-none-eabi\13.2.1\thumb\v6-m\nofp\libgcc.a(_arm_cmpdf2.o)
__fixunsdfsi                                      C:\Program Files (x86)\Arm GNU Toolchain arm-none-eabi\13.2 Rel1\lib\gcc\arm-none-eabi\13.2.1\thumb\v6-m\nofp\libgcc.a(_fixunsdfsi.o)
__fp_lock_all                                     C:\Program Files (x86)\Arm GNU Toolchain arm-none-eabi\13.2 Rel1\lib\gcc\arm-none-eabi\13.2.1\thumb\v6-m\nofp\libc_nano.a(libc_a-findfp.o)
__fp_unlock_all                                   C:\Program Files (x86)\Arm GNU Toolchain arm-none-eabi\13.2 Rel1\lib\gcc\arm-none-eabi\13.2.1\thumb\v6-m\nofp\libc_nano.a(libc_a-findfp.o)
__gedf2                                           C:\Program Files (x86)\Arm GNU Toolchain arm-none-eabi\13.2 Rel1\lib\gcc\arm-none-eabi\13.2.1\thumb\v6-m\nofp\libgcc.a(gedf2.o)
                                                  C:\Program Files (x86)\Arm GNU Toolchain arm-none-eabi\13.2 Rel1\lib\gcc\arm-none-eabi\13.2.1\thumb\v6-m\nofp\libgcc.a(_arm_cmpdf2.o)