Archive member included to satisfy reference by file (symbol)

C:\Program Files (x86)\Arm GNU Toolchain arm-none-eabi\13.2 Rel1\lib\gcc\arm-none-eabi\13.2.1\thumb\v6-m\nofp\libnosys.a(errno.o)
                              newlib_stubs.o (errno)
C:\Program Files (x86)\Arm GNU Toolchain arm-none-eabi\13.2 Rel1\lib\gcc\arm-none-eabi\13.2.1\thumb\v6-m\nofp\libgcc.a(_divsi3.o)
                              serial.o (__aeabi_idiv)
C:\Program Files (x86)\Arm GNU Toolchain arm-none-eabi\13.2 Rel1\lib\gcc\arm-none-eabi\13.2.1\thumb\v6-m\nofp\libgcc.a(_dvmd_tls.o)
                              C:\Program Files (x86)\Arm GNU Toolchain arm-none-eabi\13.2 Rel1\lib\gcc\arm-none-eabi\13.2.1\thumb\v6-m\nofp\libgcc.a(_divsi3.o) (__aeabi_idiv0)
C:\Program Files (x86)\Arm GNU Toolchain arm-none-eabi\13.2 Rel1\lib\gcc\arm-none-eabi\13.2.1\thumb\v6-m\nofp\libc_nano.a(libc_a-atoi.o)
                              main.o (atoi)
C:\Program Files (x86)\Arm GNU Toolchain arm-none-eabi\13.2 Rel1\lib\gcc\arm-none-eabi\13.2.1\thumb\v6-m\nofp\libc_nano.a(libc_a-strtol.o)
                              C:\Program Files (x86)\Arm GNU Toolchain arm-none-eabi\13.2 Rel1\lib\gcc\arm-none-eabi\13.2.1\thumb\v6-m\nofp\libc_nano.a(libc_a-atoi.o) (_strtol_r)
C:\Program Files (x86)\Arm GNU Toolchain arm-none-eabi\13.2 Rel1\lib\gcc\arm-none-eabi\13.2.1\thumb\v6-m\nofp\libc_nano.a(libc_a-ctype_.o)
                              C:\Program Files (x86)\Arm GNU Toolchain arm-none-eabi\13.2 Rel1\lib\gcc\arm-none-eabi\13.2.1\thumb\v6-m\nofp\libc_nano.a(libc_a-strtol.o) (_ctype_)
C:\Program Files (x86)\Arm GNU Toolchain arm-none-eabi\13.2 Rel1\lib\gcc\arm-none-eabi\13.2.1\thumb\v6-m\nofp\libc_nano.a(libc_a-fflush.o)
                              main.o (fflush)
C:\Program Files (x86)\Arm GNU Toolchain arm-none-eabi\13.2 Rel1\lib\gcc\arm-none-eabi\13.2.1\thumb\v6-m\nofp\libc_nano.a(libc_a-findfp.o)
                              C:\Program Files (x86)\Arm GNU Toolchain arm-none-eabi\13.2 Rel1\lib\gcc\arm-none-eabi\13.2.1\thumb\v6-m\nofp\libc_nano.a(libc_a-fflush.o) (__sglue)
C:\Program Files (x86)\Arm GNU Toolchain arm-none-eabi\13.2 Rel1\lib\gcc\arm-none-eabi\13.2.1\thumb\v6-m\nofp\libc_nano.a(libc_a-fwalk.o)
                              C:\Program Files (x86)\Arm GNU Toolchain arm-none-eabi\13.2 Rel1\lib\gcc\arm-none-eabi\13.2.1\thumb\v6-m\nofp\libc_nano.a(libc_a-fflush.o) (_fwalk_sglue)
C:\Program Files (x86)\Arm GNU Toolchain arm-none-eabi\13.2 Rel1\lib\gcc\arm-none-eabi\13.2.1\thumb\v6-m\nofp\libc_nano.a(libc_a-printf.o)
                              main.o (printf)
C:\Program Files (x86)\Arm GNU Toolchain arm-none-eabi\13.2 Rel1\lib\gcc\arm-none-eabi\13.2.1\thumb\v6-m\nofp\libc_nano.a(libc_a-puts.o)
                              main.o (puts)
C:\Program Files (x86)\Arm GNU Toolchain arm-none-eabi\13.2 Rel1\lib\gcc\arm-none-eabi\13.2.1\thumb\v6-m\nofp\libc_nano.a(libc_a-stdio.o)
                              C:\Program Files (x86)\Arm GNU Toolchain arm-none-eabi\13.2 Rel1\lib\gcc\arm-none-eabi\13.2.1\thumb\v6-m\nofp\libc_nano.a(libc_a-findfp.o) (__sread)
C:\Program Files (x86)\Arm GNU Toolchain arm-none-eabi\13.2 Rel1\lib\gcc\arm-none-eabi\13.2.1\thumb\v6-m\nofp\libc_nano.a(libc_a-wbuf.o)
                              C:\Program Files (x86)\Arm GNU Toolchain arm-none-eabi\13.2 Rel1\lib\gcc\arm-none-eabi\13.2.1\thumb\v6-m\nofp\libc_nano.a(libc_a-puts.o) (__swbuf_r)
C:\Program Files (x86)\Arm GNU Toolchain arm-none-eabi\13.2 Rel1\lib\gcc\arm-none-eabi\13.2.1\thumb\v6-m\nofp\libc_nano.a(libc_a-wsetup.o)
                              C:\Program Files (x86)\Arm GNU Toolchain arm-none-eabi\13.2 Rel1\lib\gcc\arm-none-eabi\13.2.1\thumb\v6-m\nofp\libc_nano.a(libc_a-puts.o) (__swsetup_r)
C:\Program Files (x86)\Arm GNU Toolchain arm-none-eabi\13.2 Rel1\lib\gcc\arm-none-eabi\13.2.1\thumb\v6-m\nofp\libc_nano.a(libc_a-memset.o)
                              C:\Program Files (x86)\Arm GNU Toolchain arm-none-eabi\13.2 Rel1\lib\gcc\arm-none-eabi\13.2.1\thumb\v6-m\nofp\libc_nano.a(libc_a-findfp.o) (memset)
C:\Program Files (x86)\Arm GNU Toolchain arm-none-eabi\13.2 Rel1\lib\gcc\arm-none-eabi\13.2.1\thumb\v6-m\nofp\libc_nano.a(libc_a-closer.o)
                              C:\Program Files (x86)\Arm GNU Toolchain arm-none-eabi\13.2 Rel1\lib\gcc\arm-none-eabi\13.2.1\thumb\v6-m\nofp\libc_nano.a(libc_a-stdio.o) (_close_r)
C:\Program Files (x86)\Arm GNU Toolchain arm-none-eabi\13.2 Rel1\lib\gcc\arm-none-eabi\13.2.1\thumb\v6-m\nofp\libc_nano.a(libc_a-impure.o)
                              main.o (_impure_ptr)
C:\Program Files (x86)\Arm GNU Toolchain arm-none-eabi\13.2 Rel1\lib\gcc\arm-none-eabi\13.2.1\thumb\v6-m\nofp\libc_nano.a(libc_a-lseekr.o)
                              C:\Program Files (x86)\Arm GNU Toolchain arm-none-eabi\13.2 Rel1\lib\gcc\arm-none-eabi\13.2.1\thumb\v6-m\nofp\libc_nano.a(libc_a-stdio.o) (_lseek_r)
[...]
Memory Configuration

Name             Origin             Length             Attributes
flash            0x08000000         0x00010000
ram              0x20000000         0x00002000
*default*        0x00000000         0xffffffff

Linker script and memory map

LOAD main.o
LOAD serial.o
LOAD startup.o
LOAD newlib_stubs.o
LOAD C:\Program Files (x86)\Arm GNU Toolchain arm-none-eabi\13.2 Rel1\lib\gcc\arm-none-eabi\13.2.1\thumb\v6-m\nofp\libnosys.a
LOAD C:\Program Files (x86)\Arm GNU Toolchain arm-none-eabi\13.2 Rel1\lib\gcc\arm-none-eabi\13.2.1\thumb\v6-m\nofp\libgcc.a
START GROUP
LOAD C:\Program Files (x86)\Arm GNU Toolchain arm-none-eabi\13.2 Rel1\lib\gcc\arm-none-eabi\13.2.1\thumb\v6-m\nofp\libgcc.a
LOAD C:\Program Files (x86)\Arm GNU Toolchain arm-none-eabi\13.2 Rel1\lib\gcc\arm-none-eabi\13.2.1\thumb\v6-m\nofp\libc_nano.a
LOAD C:\Program Files (x86)\Arm GNU Toolchain arm-none-eabi\13.2 Rel1\lib\gcc\arm-none-eabi\13.2.1\thumb\v6-m\nofp\libm.a
END GROUP

.text           0x08000000     0x28f8
 *(.vectors)
 .vectors       0x08000000       0xb8 startup.o
                0x08000000                Vectors
 *(.after_vectors*)
 .after_vectors
                0x080000b8       0x28 startup.o
                0x080000b8                ResetInit
 *(.text*)
 .text          0x080000e0      0x300 main.o
                0x080000e0                wait_1ms
                0x08000118                delayms
                0x0800013a                TIM2_Handler
                0x08000200                Hardware_Init
                0x080002e4                main
 .text          0x080003e0      0x5b4 serial.o
                0x080003e0                ReadCom
                0x08000454                WriteCom
                0x080004f4                initUART
                0x08000644                USART1_Handler
                0x08000670                usart_rx
                0x080006a0                usart_tx
                0x08000708                PutBuf
                0x0800076a                GetBuf
                0x080007c0                GetBufCount
                0x080007d4                eputs
                0x08000810                eputc
                0x0800082e                egetc
                0x08000848                egets
                0x080008d4                egetc_echo
                0x080008fa                egets_echo
 .text          0x08000994      0x1a8 startup.o
                0x08000a0c                initClock
                0x08000b14                EXTI2_3_Handler
                0x08000b14                TIM21_Handler
                0x08000b14                SysTick_Handler
                0x08000b14                I2C1_Handler
                0x08000b14                PendSV_Handler
                0x08000b14                NMI_Handler
                0x08000b14                WWDG_Handler
                0x08000b14                RTC_Handler
                0x08000b14                EXTI4_15_Handler
                0x08000b14                DMA_CH4_5_6_7_Handler
                0x08000b14                Default_Handler
                0x08000b14                LPUART1_Handler
                0x08000b14                FLASH_Handler
                0x08000b14                EXTI0_1_Handler
                0x08000b14                DMA_CH1_Handler
                0x08000b14                SPI2_Handler
                0x08000b14                DMA_CH2_3_Handler
                0x08000b14                I2C2_Handler
                0x08000b14                SVC_Handler
                0x08000b14                LPTIM1_Handler
                0x08000b14                USART2_Handler
                0x08000b14                SPI1_Handler
                0x08000b14                RCC_Handler
                0x08000b14                PVD_Handler
                0x08000b14                TIM6_Handler
                0x08000b14                TIM22_Handler
                0x08000b14                ADC_COMP_Handler
                0x08000b28                Hard_Fault_Handler
 .text          0x08000b3c      0x29c newlib_stubs.o
                0x08000b3c                _exit
                0x08000b46                _close
                0x08000b5a                _execve
                0x08000b7c                _fork
                0x08000b94                _fstat
                0x08000bb0                _getpid
                0x08000bbc                _kill
                0x08000bdc                _link
                0x08000bfc                _lseek
                0x08000c12                _stat
                0x08000c2e                _times
                0x08000c42                _unlink
                0x08000c60                _wait
                0x08000c80                _isatty
                0x08000ca8                _sbrk
                0x08000d0c                _read
                0x08000d84                _write
 .text          0x08000dd8        0x0 C:\Program Files (x86)\Arm GNU Toolchain arm-none-eabi\13.2 Rel1\lib\gcc\arm-none-eabi\13.2.1\thumb\v6-m\nofp\libnosys.a(errno.o)
 .text          0x08000dd8      0x1d4 C:\Program Files (x86)\Arm GNU Toolchain arm-none-eabi\13.2 Rel1\lib\gcc\arm-none-eabi\13.2.1\thumb\v6-m\nofp\libgcc.a(_divsi3.o)
                0x08000dd8                __divsi3
                0x08000dd8                __aeabi_idiv
                0x08000fa4                __aeabi_idivmod
 .text          0x08000fac        0x4 C:\Program Files (x86)\Arm GNU Toolchain arm-none-eabi\13.2 Rel1\lib\gcc\arm-none-eabi\13.2.1\thumb\v6-m\nofp\libgcc.a(_dvmd_tls.o)
                0x08000fac                __aeabi_idiv0
                0x08000fac                __aeabi_ldiv0
 .text          0x08000fb0        0x0 C:\Program Files (x86)\Arm GNU Toolchain arm-none-eabi\13.2 Rel1\lib\gcc\arm-none-eabi\13.2.1\thumb\v6-m\nofp\libc_nano.a(libc_a-atoi.o)
 .text.atoi     0x08000fb0        0xc C:\Program Files (x86)\Arm GNU Toolchain arm-none-eabi\13.2 Rel1\lib\gcc\arm-none-eabi\13.2.1\thumb\v6-m\nofp\libc_nano.a(libc_a-atoi.o)
                0x08000fb0                atoi
 .text._atoi_r  0x08000fbc        0xc C:\Program Files (x86)\Arm GNU Toolchain arm-none-eabi\13.2 Rel1\lib\gcc\arm-none-eabi\13.2.1\thumb\v6-m\nofp\libc_nano.a(libc_a-atoi.o)
                0x08000fbc                _atoi_r
 .text          0x08000fc8        0x0 C:\Program Files (x86)\Arm GNU Toolchain arm-none-eabi\13.2 Rel1\lib\gcc\arm-none-eabi\13.2.1\thumb\v6-m\nofp\libc_nano.a(libc_a-strtol.o)
 .text._strtol_l.isra.0
                0x08000fc8      0x114 C:\Program Files (x86)\Arm GNU Toolchain arm-none-eabi\13.2 Rel1\lib\gcc\arm-none-eabi\13.2.1\thumb\v6-m\nofp\libc_nano.a(libc_a-strtol.o)
 .text._strtol_r
                0x080010dc        0x8 C:\Program Files (x86)\Arm GNU Toolchain arm-none-eabi\13.2 Rel1\lib\gcc\arm-none-eabi\13.2.1\thumb\v6-m\nofp\libc_nano.a(libc_a-strtol.o)
                0x080010dc                _strtol_r
 .text.strtol_l
                0x080010e4       0x18 C:\Program Files (x86)\Arm GNU Toolchain arm-none-eabi\13.2 Rel1\lib\gcc\arm-none-eabi\13.2.1\thumb\v6-m\nofp\libc_nano.a(libc_a-strtol.o)
                0x080010e4                strtol_l
 .text.strtol   0x080010fc       0x18 C:\Program Files (x86)\Arm GNU Toolchain arm-none-eabi\13.2 Rel1\lib\gcc\arm-none-eabi\13.2.1\thumb\v6-m\nofp\libc_nano.a(libc_a-strtol.o)
                0x080010fc                strtol
 .text          0x08001114        0x0 C:\Program Files (x86)\Arm GNU Toolchain arm-none-eabi\13.2 Rel1\lib\gcc\arm-none-eabi\13.2.1\thumb\v6-m\nofp\libc_nano.a(libc_a-ctype_.o)
 .text          0x08001114        0x0 C:\Program Files (x86)\Arm GNU Toolchain arm-none-eabi\13.2 Rel1\lib\gcc\arm-none-eabi\13.2.1\thumb\v6-m\nofp\libc_nano.a(libc_a-fflush.o)
 .text.__sflush_r
                0x08001114      0x10c C:\Program Files (x86)\Arm GNU Toolchain arm-none-eabi\13.2 Rel1\lib\gcc\arm-none-eabi\13.2.1\thumb\v6-m\nofp\libc_nano.a(libc_a-fflush.o)
                0x08001114                __sflush_r
 .text._fflush_r
                0x08001220       0x56 C:\Program Files (x86)\Arm GNU Toolchain arm-none-eabi\13.2 Rel1\lib\gcc\arm-none-eabi\13.2.1\thumb\v6-m\nofp\libc_nano.a(libc_a-fflush.o)
                0x08001220                _fflush_r
 *fill*         0x08001276        0x2 
 .text.fflush   0x08001278       0x30 C:\Program Files (x86)\Arm GNU Toolchain arm-none-eabi\13.2 Rel1\lib\gcc\arm-none-eabi\13.2.1\thumb\v6-m\nofp\libc_nano.a(libc_a-fflush.o)
                0x08001278                fflush
 .text          0x080012a8        0x0 C:\Program Files (x86)\Arm GNU Toolchain arm-none-eabi\13.2 Rel1\lib\gcc\arm-none-eabi\13.2.1\thumb\v6-m\nofp\libc_nano.a(libc_a-findfp.o)
 .text.std      0x080012a8       0x6c C:\Program Files (x86)\Arm GNU Toolchain arm-none-eabi\13.2 Rel1\lib\gcc\arm-none-eabi\13.2.1\thumb\v6-m\nofp\libc_nano.a(libc_a-findfp.o)
 .text.stdio_exit_handler
                0x08001314       0x1c C:\Program Files (x86)\Arm GNU Toolchain arm-none-eabi\13.2 Rel1\lib\gcc\arm-none-eabi\13.2.1\thumb\v6-m\nofp\libc_nano.a(libc_a-findfp.o)
 .text.cleanup_stdio
                0x08001330       0x3c C:\Program Files (x86)\Arm GNU Toolchain arm-none-eabi\13.2 Rel1\lib\gcc\arm-none-eabi\13.2.1\thumb\v6-m\nofp\libc_nano.a(libc_a-findfp.o)
 .text.__fp_lock
                0x0800136c       0x18 C:\Program Files (x86)\Arm GNU Toolchain arm-none-eabi\13.2 Rel1\lib\gcc\arm-none-eabi\13.2.1\thumb\v6-m\nofp\libc_nano.a(libc_a-findfp.o)
 .text.__fp_unlock
                0x08001384       0x18 C:\Program Files (x86)\Arm GNU Toolchain arm-none-eabi\13.2 Rel1\lib\gcc\arm-none-eabi\13.2.1\thumb\v6-m\nofp\libc_nano.a(libc_a-findfp.o)
 .text.global_stdio_init.part.0
                0x0800139c       0x3c C:\Program Files (x86)\Arm GNU Toolchain arm-none-eabi\13.2 Rel1\lib\gcc\arm-none-eabi\13.2.1\thumb\v6-m\nofp\libc_nano.a(libc_a-findfp.o)
 .text.__sfp_lock_acquire
                0x080013d8       0x10 C:\Program Files (x86)\Arm GNU Toolchain arm-none-eabi\13.2 Rel1\lib\gcc\arm-none-eabi\13.2.1\thumb\v6-m\nofp\libc_nano.a(libc_a-findfp.o)
                0x080013d8                __sfp_lock_acquire
 .text.__sfp_lock_release
                0x080013e8       0x10 C:\Program Files (x86)\Arm GNU Toolchain arm-none-eabi\13.2 Rel1\lib\gcc\arm-none-eabi\13.2.1\thumb\v6-m\nofp\libc_nano.a(libc_a-findfp.o)
                0x080013e8                __sfp_lock_release
 .text.__sfp    0x080013f8       0xa8 C:\Program Files (x86)\Arm GNU Toolchain arm-none-eabi\13.2 Rel1\lib\gcc\arm-none-eabi\13.2.1\thumb\v6-m\nofp\libc_nano.a(libc_a-findfp.o)
                0x080013f8                __sfp
 .text.__sinit  0x080014a0       0x30 C:\Program Files (x86)\Arm GNU Toolchain arm-none-eabi\13.2 Rel1\lib\gcc\arm-none-eabi\13.2.1\thumb\v6-m\nofp\libc_nano.a(libc_a-findfp.o)
                0x080014a0                __sinit
 .text.__fp_lock_all
                0x080014d0       0x1c C:\Program Files (x86)\Arm GNU Toolchain arm-none-eabi\13.2 Rel1\lib\gcc\arm-none-eabi\13.2.1\thumb\v6-m\nofp\libc_nano.a(libc_a-findfp.o)
                0x080014d0                __fp_lock_all
 .text.__fp_unlock_all
                0x080014ec       0x1c C:\Program Files (x86)\Arm GNU Toolchain arm-none-eabi\13.2 Rel1\lib\gcc\arm-none-eabi\13.2.1\thumb\v6-m\nofp\libc_nano.a(libc_a-findfp.o)
                0x080014ec                __fp_unlock_all
 .text          0x08001508        0x0 C:\Program Files (x86)\Arm GNU Toolchain arm-none-eabi\13.2 Rel1\lib\gcc\arm-none-eabi\13.2.1\thumb\v6-m\nofp\libc_nano.a(libc_a-fwalk.o)
 .text._fwalk_sglue
                0x08001508       0x38 C:\Program Files (x86)\Arm GNU Toolchain arm-none-eabi\13.2 Rel1\lib\gcc\arm-none-eabi\13.2.1\thumb\v6-m\nofp\libc_nano.a(libc_a-fwalk.o)
                0x08001508                _fwalk_sglue
 .text          0x08001540        0x0 C:\Program Files (x86)\Arm GNU Toolchain arm-none-eabi\13.2 Rel1\lib\gcc\arm-none-eabi\13.2.1\thumb\v6-m\nofp\libc_nano.a(libc_a-printf.o)
 .text._printf_r
                0x08001540       0x18 C:\Program Files (x86)\Arm GNU Toolchain arm-none-eabi\13.2 Rel1\lib\gcc\arm-none-eabi\13.2.1\thumb\v6-m\nofp\libc_nano.a(libc_a-printf.o)
                0x08001540                _iprintf_r
                0x08001540                _printf_r
 .text.printf   0x08001558       0x20 C:\Program Files (x86)\Arm GNU Toolchain arm-none-eabi\13.2 Rel1\lib\gcc\arm-none-eabi\13.2.1\thumb\v6-m\nofp\libc_nano.a(libc_a-printf.o)
                0x08001558                iprintf
                0x08001558                printf
 .text          0x08001578        0x0 C:\Program Files (x86)\Arm GNU Toolchain arm-none-eabi\13.2 Rel1\lib\gcc\arm-none-eabi\13.2.1\thumb\v6-m\nofp\libc_nano.a(libc_a-puts.o)
 .text._puts_r  0x08001578       0xac C:\Program Files (x86)\Arm GNU Toolchain arm-none-eabi\13.2 Rel1\lib\gcc\arm-none-eabi\13.2.1\thumb\v6-m\nofp\libc_nano.a(libc_a-puts.o)
                0x08001578                _puts_r
 .text.puts     0x08001624       0x14 C:\Program Files (x86)\Arm GNU Toolchain arm-none-eabi\13.2 Rel1\lib\gcc\arm-none-eabi\13.2.1\thumb\v6-m\nofp\libc_nano.a(libc_a-puts.o)
                0x08001624                puts
 .text          0x08001638        0x0 C:\Program Files (x86)\Arm GNU Toolchain arm-none-eabi\13.2 Rel1\lib\gcc\arm-none-eabi\13.2.1\thumb\v6-m\nofp\libc_nano.a(libc_a-stdio.o)
 .text.__sread  0x08001638       0x28 C:\Program Files (x86)\Arm GNU Toolchain arm-none-eabi\13.2 Rel1\lib\gcc\arm-none-eabi\13.2.1\thumb\v6-m\nofp\libc_nano.a(libc_a-stdio.o)
                0x08001638                __sread
 .text.__seofread
                0x08001660        0x4 C:\Program Files (x86)\Arm GNU Toolchain arm-none-eabi\13.2 Rel1\lib\gcc\arm-none-eabi\13.2.1\thumb\v6-m\nofp\libc_nano.a(libc_a-stdio.o)
                0x08001660                __seofread
 .text.__swrite
                0x08001664       0x38 C:\Program Files (x86)\Arm GNU Toolchain arm-none-eabi\13.2 Rel1\lib\gcc\arm-none-eabi\13.2.1\thumb\v6-m\nofp\libc_nano.a(libc_a-stdio.o)
                0x08001664                __swrite
 .text.__sseek  0x0800169c       0x2c C:\Program Files (x86)\Arm GNU Toolchain arm-none-eabi\13.2 Rel1\lib\gcc\arm-none-eabi\13.2.1\thumb\v6-m\nofp\libc_nano.a(libc_a-stdio.o)
                0x0800169c                __sseek
 .text.__sclose
                0x080016c8        0xc C:\Program Files (x86)\Arm GNU Toolchain arm-none-eabi\13.2 Rel1\lib\gcc\arm-none-eabi\13.2.1\thumb\v6-m\nofp\libc_nano.a(libc_a-stdio.o)
                0x080016c8                __sclose
 .text          0x080016d4        0x0 C:\Program Files (x86)\Arm GNU Toolchain arm-none-eabi\13.2 Rel1\lib\gcc\arm-none-eabi\13.2.1\thumb\v6-m\nofp\libc_nano.a(libc_a-wbuf.o)
 .text.__swbuf_r
                0x080016d4       0x84 C:\Program Files (x86)\Arm GNU Toolchain arm-none-eabi\13.2 Rel1\lib\gcc\arm-none-eabi\13.2.1\thumb\v6-m\nofp\libc_nano.a(libc_a-wbuf.o)
                0x080016d4                __swbuf_r
 .text.__swbuf  0x08001758       0x14 C:\Program Files (x86)\Arm GNU Toolchain arm-none-eabi\13.2 Rel1\lib\gcc\arm-none-eabi\13.2.1\thumb\v6-m\nofp\libc_nano.a(libc_a-wbuf.o)
                0x08001758                __swbuf
 .text          0x0800176c        0x0 C:\Program Files (x86)\Arm GNU Toolchain arm-none-eabi\13.2 Rel1\lib\gcc\arm-none-eabi\13.2.1\thumb\v6-m\nofp\libc_nano.a(libc_a-wsetup.o)
 .text.__swsetup_r
                0x0800176c       0xbc C:\Program Files (x86)\Arm GNU Toolchain arm-none-eabi\13.2 Rel1\lib\gcc\arm-none-eabi\13.2.1\thumb\v6-m\nofp\libc_nano.a(libc_a-wsetup.o)
                0x0800176c                __swsetup_r
 .text          0x08001828        0x0 C:\Program Files (x86)\Arm GNU Toolchain arm-none-eabi\13.2 Rel1\lib\gcc\arm-none-eabi\13.2.1\thumb\v6-m\nofp\libc_nano.a(libc_a-memset.o)
 .text.memset   0x08001828       0x10 C:\Program Files (x86)\Arm GNU Toolchain arm-none-eabi\13.2 Rel1\lib\gcc\arm-none-eabi\13.2.1\thumb\v6-m\nofp\libc_nano.a(libc_a-memset.o)
                0x08001828                memset
 .text          0x08001838        0x0 C:\Program Files (x86)\Arm GNU Toolchain arm-none-eabi\13.2 Rel1\lib\gcc\arm-none-eabi\13.2.1\thumb\v6-m\nofp\libc_nano.a(libc_a-closer.o)
 .text._close_r
                0x08001838       0x24 C:\Program Files (x86)\Arm GNU Toolchain arm-none-eabi\13.2 Rel1\lib\gcc\arm-none-eabi\13.2.1\thumb\v6-m\nofp\libc_nano.a(libc_a-closer.o)
                0x08001838                _close_r
 .text          0x0800185c        0x0 C:\Program Files (x86)\Arm GNU Toolchain arm-none-eabi\13.2 Rel1\lib\gcc\arm-none-eabi\13.2.1\thumb\v6-m\nofp\libc_nano.a(libc_a-impure.o)
 .text          0x0800185c        0x0 C:\Program Files (x86)\Arm GNU Toolchain arm-none-eabi\13.2 Rel1\lib\gcc\arm-none-eabi\13.2.1\thumb\v6-m\nofp\libc_nano.a(libc_a-lseekr.o)
 .text._lseek_r
                0x0800185c       0x28 C:\Program Files (x86)\Arm GNU Toolchain arm-none-eabi\13.2 Rel1\lib\gcc\arm-none-eabi\13.2.1\thumb\v6-m\nofp\libc_nano.a(libc_a-lseekr.o)
                0x0800185c                _lseek_r
 .text          0x08001884        0x0 C:\Program Files (x86)\Arm GNU Toolchain arm-none-eabi\13.2 Rel1\lib\gcc\arm-none-eabi\13.2.1\thumb\v6-m\nofp\libc_nano.a(libc_a-readr.o)
 .text._read_r  0x08001884       0x28 C:\Program Files (x86)\Arm GNU Toolchain arm-none-eabi\13.2 Rel1\lib\gcc\arm-none-eabi\13.2.1\thumb\v6-m\nofp\libc_nano.a(libc_a-readr.o)
                0x08001884                _read_r
 .text          0x080018ac        0x0 C:\Program Files (x86)\Arm GNU Toolchain arm-none-eabi\13.2 Rel1\lib\gcc\arm-none-eabi\13.2.1\thumb\v6-m\nofp\libc_nano.a(libc_a-writer.o)
 .text._write_r
                0x080018ac       0x28 C:\Program Files (x86)\Arm GNU Toolchain arm-none-eabi\13.2 Rel1\lib\gcc\arm-none-eabi\13.2.1\thumb\v6-m\nofp\libc_nano.a(libc_a-writer.o)
                0x080018ac                _write_r
 .text          0x080018d4        0x0 C:\Program Files (x86)\Arm GNU Toolchain arm-none-eabi\13.2 Rel1\lib\gcc\arm-none-eabi\13.2.1\thumb\v6-m\nofp\libc_nano.a(libc_a-errno.o)
 .text.__errno  0x080018d4        0xc C:\Program Files (x86)\Arm GNU Toolchain arm-none-eabi\13.2 Rel1\lib\gcc\arm-none-eabi\13.2.1\thumb\v6-m\nofp\libc_nano.a(libc_a-errno.o)
                0x080018d4                __errno
 .text          0x080018e0        0x0 C:\Program Files (x86)\Arm GNU Toolchain arm-none-eabi\13.2 Rel1\lib\gcc\arm-none-eabi\13.2.1\thumb\v6-m\nofp\libc_nano.a(libc_a-lock.o)
 .text.__retarget_lock_init
                0x080018e0        0x2 C:\Program Files (x86)\Arm GNU Toolchain arm-none-eabi\13.2 Rel1\lib\gcc\arm-none-eabi\13.2.1\thumb\v6-m\nofp\libc_nano.a(libc_a-lock.o)
                0x080018e0                __retarget_lock_init
 .text.__retarget_lock_init_recursive
                0x080018e2        0x2 C:\Program Files (x86)\Arm GNU Toolchain arm-none-eabi\13.2 Rel1\lib\gcc\arm-none-eabi\13.2.1\thumb\v6-m\nofp\libc_nano.a(libc_a-lock.o)
                0x080018e2                __retarget_lock_init_recursive
 .text.__retarget_lock_close
                0x080018e4        0x2 C:\Program Files (x86)\Arm GNU Toolchain arm-none-eabi\13.2 Rel1\lib\gcc\arm-none-eabi\13.2.1\thumb\v6-m\nofp\libc_nano.a(libc_a-lock.o)
                0x080018e4                __retarget_lock_close
 .text.__retarget_lock_close_recursive
                0x080018e6        0x2 C:\Program Files (x86)\Arm GNU Toolchain arm-none-eabi\13.2 Rel1\lib\gcc\arm-none-eabi\13.2.1\thumb\v6-m\nofp\libc_nano.a(libc_a-lock.o)
                0x080018e6                __retarget_lock_close_recursive
 .text.__retarget_lock_acquire
                0x080018e8        0x2 C:\Program Files (x86)\Arm GNU Toolchain arm-none-eabi\13.2 Rel1\lib\gcc\arm-none-eabi\13.2.1\thumb\v6-m\nofp\libc_nano.a(libc_a-lock.o)
                0x080018e8                __retarget_lock_acquire
 .text.__retarget_lock_acquire_recursive
                0x080018ea        0x2 C:\Program Files (x86)\Arm GNU Toolchain arm-none-eabi\13.2 Rel1\lib\gcc\arm-none-eabi\13.2.1\thumb\v6-m\nofp\libc_nano.a(libc_a-lock.o)
                0x080018ea                __retarget_lock_acquire_recursive
 .text.__retarget_lock_try_acquire
                0x080018ec        0x4 C:\Program Files (x86)\Arm GNU Toolchain arm-none-eabi\13.2 Rel1\lib\gcc\arm-none-eabi\13.2.1\thumb\v6-m\nofp\libc_nano.a(libc_a-lock.o)
                0x080018ec                __retarget_lock_try_acquire
 .text.__retarget_lock_try_acquire_recursive
                0x080018f0        0x4 C:\Program Files (x86)\Arm GNU Toolchain arm-none-eabi\13.2 Rel1\lib\gcc\arm-none-eabi\13.2.1\thumb\v6-m\nofp\libc_nano.a(libc_a-lock.o)
                0x080018f0                __retarget_lock_try_acquire_recursive
 .text.__retarget_lock_release
                0x080018f4        0x2 C:\Program Files (x86)\Arm GNU Toolchain arm-none-eabi\13.2 Rel1\lib\gcc\arm-none-eabi\13.2.1\thumb\v6-m\nofp\libc_nano.a(libc_a-lock.o)
                0x080018f4                __retarget_lock_release
 .text.__retarget_lock_release_recursive
                0x080018f6        0x2 C:\Program Files (x86)\Arm GNU Toolchain arm-none-eabi\13.2 Rel1\lib\gcc\arm-none-eabi\13.2.1\thumb\v6-m\nofp\libc_nano.a(libc_a-lock.o)
                0x080018f6                __retarget_lock_release_recursive
 .text          0x080018f8        0x0 C:\Program Files (x86)\Arm GNU Toolchain arm-none-eabi\13.2 Rel1\lib\gcc\arm-none-eabi\13.2.1\thumb\v6-m\nofp\libc_nano.a(libc_a-freer.o)
 .text._free_r  0x080018f8       0x94 C:\Program Files (x86)\Arm GNU Toolchain arm-none-eabi\13.2 Rel1\lib\gcc\arm-none-eabi\13.2.1\thumb\v6-m\nofp\libc_nano.a(libc_a-freer.o)
                0x080018f8                _free_r
 .text          0x0800198c        0x0 C:\Program Files (x86)\Arm GNU Toolchain arm-none-eabi\13.2 Rel1\lib\gcc\arm-none-eabi\13.2.1\thumb\v6-m\nofp\libc_nano.a(libc_a-mallocr.o)
 .text.sbrk_aligned
                0x0800198c       0x44 C:\Program Files (x86)\Arm GNU Toolchain arm-none-eabi\13.2 Rel1\lib\gcc\arm-none-eabi\13.2.1\thumb\v6-m\nofp\libc_nano.a(libc_a-mallocr.o)
 .text._malloc_r
                0x080019d0      0x100 C:\Program Files (x86)\Arm GNU Toolchain arm-none-eabi\13.2 Rel1\lib\gcc\arm-none-eabi\13.2.1\thumb\v6-m\nofp\libc_nano.a(libc_a-mallocr.o)
                0x080019d0                _malloc_r
 .text          0x08001ad0        0x0 C:\Program Files (x86)\Arm GNU Toolchain arm-none-eabi\13.2 Rel1\lib\gcc\arm-none-eabi\13.2.1\thumb\v6-m\nofp\libc_nano.a(libc_a-mlock.o)
 .text.__malloc_lock
                0x08001ad0       0x10 C:\Program Files (x86)\Arm GNU Toolchain arm-none-eabi\13.2 Rel1\lib\gcc\arm-none-eabi\13.2.1\thumb\v6-m\nofp\libc_nano.a(libc_a-mlock.o)
                0x08001ad0                __malloc_lock
 .text.__malloc_unlock
                0x08001ae0       0x10 C:\Program Files (x86)\Arm GNU Toolchain arm-none-eabi\13.2 Rel1\lib\gcc\arm-none-eabi\13.2.1\thumb\v6-m\nofp\libc_nano.a(libc_a-mlock.o)
                0x08001ae0                __malloc_unlock
 .text          0x08001af0        0x0 C:\Program Files (x86)\Arm GNU Toolchain arm-none-eabi\13.2 Rel1\lib\gcc\arm-none-eabi\13.2.1\thumb\v6-m\nofp\libc_nano.a(libc_a-nano-vfprintf.o)
 .text.__sfputc_r
                0x08001af0       0x2a C:\Program Files (x86)\Arm GNU Toolchain arm-none-eabi\13.2 Rel1\lib\gcc\arm-none-eabi\13.2.1\thumb\v6-m\nofp\libc_nano.a(libc_a-nano-vfprintf.o)
 .text.__sfputs_r
                0x08001b1a       0x24 C:\Program Files (x86)\Arm GNU Toolchain arm-none-eabi\13.2 Rel1\lib\gcc\arm-none-eabi\13.2.1\thumb\v6-m\nofp\libc_nano.a(libc_a-nano-vfprintf.o)
                0x08001b1a                __sfputs_r
 .text.__sprint_r
                0x08001b3e       0x20 C:\Program Files (x86)\Arm GNU Toolchain arm-none-eabi\13.2 Rel1\lib\gcc\arm-none-eabi\13.2.1\thumb\v6-m\nofp\libc_nano.a(libc_a-nano-vfprintf.o)
                0x08001b3e                __sprint_r
 *fill*         0x08001b5e        0x2 
 .text._vfprintf_r
                0x08001b60      0x238 C:\Program Files (x86)\Arm GNU Toolchain arm-none-eabi\13.2 Rel1\lib\gcc\arm-none-eabi\13.2.1\thumb\v6-m\nofp\libc_nano.a(libc_a-nano-vfprintf.o)
                0x08001b60                _vfprintf_r
                0x08001b60                _vfiprintf_r
 .text.vfprintf
                0x08001d98       0x18 C:\Program Files (x86)\Arm GNU Toolchain arm-none-eabi\13.2 Rel1\lib\gcc\arm-none-eabi\13.2.1\thumb\v6-m\nofp\libc_nano.a(libc_a-nano-vfprintf.o)
                0x08001d98                vfprintf
                0x08001d98                vfiprintf
 .text          0x08001db0        0x0 C:\Program Files (x86)\Arm GNU Toolchain arm-none-eabi\13.2 Rel1\lib\gcc\arm-none-eabi\13.2.1\thumb\v6-m\nofp\libc_nano.a(libc_a-nano-vfprintf_i.o)
 .text._printf_common
                0x08001db0       0xde C:\Program Files (x86)\Arm GNU Toolchain arm-none-eabi\13.2 Rel1\lib\gcc\arm-none-eabi\13.2.1\thumb\v6-m\nofp\libc_nano.a(libc_a-nano-vfprintf_i.o)
                0x08001db0                _printf_common
 *fill*         0x08001e8e        0x2 
 .text._printf_i
                0x08001e90      0x218 C:\Program Files (x86)\Arm GNU Toolchain arm-none-eabi\13.2 Rel1\lib\gcc\arm-none-eabi\13.2.1\thumb\v6-m\nofp\libc_nano.a(libc_a-nano-vfprintf_i.o)
                0x08001e90                _printf_i
 .text          0x080020a8        0x0 C:\Program Files (x86)\Arm GNU Toolchain arm-none-eabi\13.2 Rel1\lib\gcc\arm-none-eabi\13.2.1\thumb\v6-m\nofp\libc_nano.a(libc_a-fvwrite.o)
 .text.__sfvwrite_r
                0x080020a8      0x2b4 C:\Program Files (x86)\Arm GNU Toolchain arm-none-eabi\13.2 Rel1\lib\gcc\arm-none-eabi\13.2.1\thumb\v6-m\nofp\libc_nano.a(libc_a-fvwrite.o)
                0x080020a8                __sfvwrite_r
 .text          0x0800235c        0x0 C:\Program Files (x86)\Arm GNU Toolchain arm-none-eabi\13.2 Rel1\lib\gcc\arm-none-eabi\13.2.1\thumb\v6-m\nofp\libc_nano.a(libc_a-makebuf.o)
 .text.__swhatbuf_r
                0x0800235c       0x54 C:\Program Files (x86)\Arm GNU Toolchain arm-none-eabi\13.2 Rel1\lib\gcc\arm-none-eabi\13.2.1\thumb\v6-m\nofp\libc_nano.a(libc_a-makebuf.o)
                0x0800235c                __swhatbuf_r
 .text.__smakebuf_r
                0x080023b0       0x82 C:\Program Files (x86)\Arm GNU Toolchain arm-none-eabi\13.2 Rel1\lib\gcc\arm-none-eabi\13.2.1\thumb\v6-m\nofp\libc_nano.a(libc_a-makebuf.o)
                0x080023b0                __smakebuf_r
 .text          0x08002432        0x0 C:\Program Files (x86)\Arm GNU Toolchain arm-none-eabi\13.2 Rel1\lib\gcc\arm-none-eabi\13.2.1\thumb\v6-m\nofp\libc_nano.a(libc_a-memmove.o)
 .text.memmove  0x08002432       0x24 C:\Program Files (x86)\Arm GNU Toolchain arm-none-eabi\13.2 Rel1\lib\gcc\arm-none-eabi\13.2.1\thumb\v6-m\nofp\libc_nano.a(libc_a-memmove.o)
                0x08002432                memmove
 .text          0x08002456        0x0 C:\Program Files (x86)\Arm GNU Toolchain arm-none-eabi\13.2 Rel1\lib\gcc\arm-none-eabi\13.2.1\thumb\v6-m\nofp\libc_nano.a(libc_a-fstatr.o)
 *fill*         0x08002456        0x2 
 .text._fstat_r
                0x08002458       0x24 C:\Program Files (x86)\Arm GNU Toolchain arm-none-eabi\13.2 Rel1\lib\gcc\arm-none-eabi\13.2.1\thumb\v6-m\nofp\libc_nano.a(libc_a-fstatr.o)
                0x08002458                _fstat_r
 .text          0x0800247c        0x0 C:\Program Files (x86)\Arm GNU Toolchain arm-none-eabi\13.2 Rel1\lib\gcc\arm-none-eabi\13.2.1\thumb\v6-m\nofp\libc_nano.a(libc_a-isattyr.o)
 .text._isatty_r
                0x0800247c       0x24 C:\Program Files (x86)\Arm GNU Toolchain arm-none-eabi\13.2 Rel1\lib\gcc\arm-none-eabi\13.2.1\thumb\v6-m\nofp\libc_nano.a(libc_a-isattyr.o)
                0x0800247c                _isatty_r
 .text          0x080024a0        0x0 C:\Program Files (x86)\Arm GNU Toolchain arm-none-eabi\13.2 Rel1\lib\gcc\arm-none-eabi\13.2.1\thumb\v6-m\nofp\libc_nano.a(libc_a-sbrkr.o)
 .text._sbrk_r  0x080024a0       0x24 C:\Program Files (x86)\Arm GNU Toolchain arm-none-eabi\13.2 Rel1\lib\gcc\arm-none-eabi\13.2.1\thumb\v6-m\nofp\libc_nano.a(libc_a-sbrkr.o)
                0x080024a0                _sbrk_r
 .text          0x080024c4        0x0 C:\Program Files (x86)\Arm GNU Toolchain arm-none-eabi\13.2 Rel1\lib\gcc\arm-none-eabi\13.2.1\thumb\v6-m\nofp\libc_nano.a(libc_a-memchr-stub.o)
 .text.memchr   0x080024c4       0x16 C:\Program Files (x86)\Arm GNU Toolchain arm-none-eabi\13.2 Rel1\lib\gcc\arm-none-eabi\13.2.1\thumb\v6-m\nofp\libc_nano.a(libc_a-memchr-stub.o)
                0x080024c4                memchr
 .text          0x080024da        0x0 C:\Program Files (x86)\Arm GNU Toolchain arm-none-eabi\13.2 Rel1\lib\gcc\arm-none-eabi\13.2.1\thumb\v6-m\nofp\libc_nano.a(libc_a-memcpy-stub.o)
 .text.memcpy   0x080024da       0x12 C:\Program Files (x86)\Arm GNU Toolchain arm-none-eabi\13.2 Rel1\lib\gcc\arm-none-eabi\13.2.1\thumb\v6-m\nofp\libc_nano.a(libc_a-memcpy-stub.o)
                0x080024da                memcpy
 .text          0x080024ec        0x0 C:\Program Files (x86)\Arm GNU Toolchain arm-none-eabi\13.2 Rel1\lib\gcc\arm-none-eabi\13.2.1\thumb\v6-m\nofp\libc_nano.a(libc_a-reallocr.o)
 .text._realloc_r
                0x080024ec       0x60 C:\Program Files (x86)\Arm GNU Toolchain arm-none-eabi\13.2 Rel1\lib\gcc\arm-none-eabi\13.2.1\thumb\v6-m\nofp\libc_nano.a(libc_a-reallocr.o)
                0x080024ec                _realloc_r
 .text          0x0800254c        0x0 C:\Program Files (x86)\Arm GNU Toolchain arm-none-eabi\13.2 Rel1\lib\gcc\arm-none-eabi\13.2.1\thumb\v6-m\nofp\libc_nano.a(libc_a-msizer.o)
 .text._malloc_usable_size_r
                0x0800254c       0x10 C:\Program Files (x86)\Arm GNU Toolchain arm-none-eabi\13.2 Rel1\lib\gcc\arm-none-eabi\13.2.1\thumb\v6-m\nofp\libc_nano.a(libc_a-msizer.o)
                0x0800254c                _malloc_usable_size_r
 .text          0x0800255c       0x14 C:\Program Files (x86)\Arm GNU Toolchain arm-none-eabi\13.2 Rel1\lib\gcc\arm-none-eabi\13.2.1\thumb\v6-m\nofp\libgcc.a(_thumb1_case_shi.o)
                0x0800255c                __gnu_thumb1_case_shi
 .text          0x08002570      0x114 C:\Program Files (x86)\Arm GNU Toolchain arm-none-eabi\13.2 Rel1\lib\gcc\arm-none-eabi\13.2.1\thumb\v6-m\nofp\libgcc.a(_udivsi3.o)
                0x08002570                __aeabi_uidiv
                0x08002570                __udivsi3
                0x0800267c                __aeabi_uidivmod
 *(.rodata*)
 .rodata        0x08002684       0xc3 main.o
 *fill*         0x08002747        0x1 
 .rodata        0x08002748       0x7c startup.o
 .rodata._ctype_
                0x080027c4      0x101 C:\Program Files (x86)\Arm GNU Toolchain arm-none-eabi\13.2 Rel1\lib\gcc\arm-none-eabi\13.2.1\thumb\v6-m\nofp\libc_nano.a(libc_a-ctype_.o)
                0x080027c4                _ctype_
 .rodata._vfprintf_r.str1.1
                0x080028c5       0x33 C:\Program Files (x86)\Arm GNU Toolchain arm-none-eabi\13.2 Rel1\lib\gcc\arm-none-eabi\13.2.1\thumb\v6-m\nofp\libc_nano.a(libc_a-nano-vfprintf.o)
                                 0x11 (size before relaxing)
 .rodata._printf_i.str1.1
                0x080028f8       0x22 C:\Program Files (x86)\Arm GNU Toolchain arm-none-eabi\13.2 Rel1\lib\gcc\arm-none-eabi\13.2.1\thumb\v6-m\nofp\libc_nano.a(libc_a-nano-vfprintf_i.o)
                0x0800291c                        . = ALIGN (0x4)
                0x080028f8                        PROVIDE (__init_array_start = .)
 *(SORT_BY_NAME(.init_array.*))
 *(.init_array)
                0x080028f8                        PROVIDE (__init_array_end = .)
                0x0800291c                        . = ALIGN (0x4)
                0x080028f8                        _etext = .

.glue_7         0x080028f8        0x0
 .glue_7        0x080028f8        0x0 linker stubs

.glue_7t        0x080028f8        0x0
 .glue_7t       0x080028f8        0x0 linker stubs

.vfp11_veneer   0x080028f8        0x0
 .vfp11_veneer  0x080028f8        0x0 linker stubs

.v4_bx          0x080028f8        0x0
 .v4_bx         0x080028f8        0x0 linker stubs

.iplt           0x080028f8        0x0
 .iplt          0x080028f8        0x0 main.o

.rel.dyn        0x080028f8        0x0
 .rel.iplt      0x080028f8        0x0 main.o

.data           0x20000000       0x64 load address 0x080028f8
                0x20000000                        . = ALIGN (0x4)
                0x20000000                        _data = .
 *(.data*)
 .data          0x20000000        0x2 main.o
                0x20000000                pwm1
                0x20000001                pwm2
 .data          0x20000002        0x0 serial.o
 .data          0x20000002        0x0 startup.o
 *fill*         0x20000002        0x2 
 .data          0x20000004        0x4 newlib_stubs.o
                0x20000004                environ
 .data          0x20000008        0x0 C:\Program Files (x86)\Arm GNU Toolchain arm-none-eabi\13.2 Rel1\lib\gcc\arm-none-eabi\13.2.1\thumb\v6-m\nofp\libnosys.a(errno.o)
 .data          0x20000008        0x0 C:\Program Files (x86)\Arm GNU Toolchain arm-none-eabi\13.2 Rel1\lib\gcc\arm-none-eabi\13.2.1\thumb\v6-m\nofp\libgcc.a(_divsi3.o)
 .data          0x20000008        0x0 C:\Program Files (x86)\Arm GNU Toolchain arm-none-eabi\13.2 Rel1\lib\gcc\arm-none-eabi\13.2.1\thumb\v6-m\nofp\libgcc.a(_dvmd_tls.o)
 .data          0x20000008        0x0 C:\Program Files (x86)\Arm GNU Toolchain arm-none-eabi\13.2 Rel1\lib\gcc\arm-none-eabi\13.2.1\thumb\v6-m\nofp\libc_nano.a(libc_a-atoi.o)
 .data          0x20000008        0x0 C:\Program Files (x86)\Arm GNU Toolchain arm-none-eabi\13.2 Rel1\lib\gcc\arm-none-eabi\13.2.1\thumb\v6-m\nofp\libc_nano.a(libc_a-strtol.o)
 .data          0x20000008        0x0 C:\Program Files (x86)\Arm GNU Toolchain arm-none-eabi\13.2 Rel1\lib\gcc\arm-none-eabi\13.2.1\thumb\v6-m\nofp\libc_nano.a(libc_a-ctype_.o)
 .data          0x20000008        0x0 C:\Program Files (x86)\Arm GNU Toolchain arm-none-eabi\13.2 Rel1\lib\gcc\arm-none-eabi\13.2.1\thumb\v6-m\nofp\libc_nano.a(libc_a-fflush.o)
 .data          0x20000008        0x0 C:\Program Files (x86)\Arm GNU Toolchain arm-none-eabi\13.2 Rel1\lib\gcc\arm-none-eabi\13.2.1\thumb\v6-m\nofp\libc_nano.a(libc_a-findfp.o)
 .data.__sglue  0x20000008        0xc C:\Program Files (x86)\Arm GNU Toolchain arm-none-eabi\13.2 Rel1\lib\gcc\arm-none-eabi\13.2.1\thumb\v6-m\nofp\libc_nano.a(libc_a-findfp.o)
                0x20000008                __sglue
 .data          0x20000014        0x0 C:\Program Files (x86)\Arm GNU Toolchain arm-none-eabi\13.2 Rel1\lib\gcc\arm-none-eabi\13.2.1\thumb\v6-m\nofp\libc_nano.a(libc_a-fwalk.o)
 .data          0x20000014        0x0 C:\Program Files (x86)\Arm GNU Toolchain arm-none-eabi\13.2 Rel1\lib\gcc\arm-none-eabi\13.2.1\thumb\v6-m\nofp\libc_nano.a(libc_a-printf.o)
 .data          0x20000014        0x0 C:\Program Files (x86)\Arm GNU Toolchain arm-none-eabi\13.2 Rel1\lib\gcc\arm-none-eabi\13.2.1\thumb\v6-m\nofp\libc_nano.a(libc_a-puts.o)
 .data          0x20000014        0x0 C:\Program Files (x86)\Arm GNU Toolchain arm-none-eabi\13.2 Rel1\lib\gcc\arm-none-eabi\13.2.1\thumb\v6-m\nofp\libc_nano.a(libc_a-stdio.o)
 .data          0x20000014        0x0 C:\Program Files (x86)\Arm GNU Toolchain arm-none-eabi\13.2 Rel1\lib\gcc\arm-none-eabi\13.2.1\thumb\v6-m\nofp\libc_nano.a(libc_a-wbuf.o)
 .data          0x20000014        0x0 C:\Program Files (x86)\Arm GNU Toolchain arm-none-eabi\13.2 Rel1\lib\gcc\arm-none-eabi\13.2.1\thumb\v6-m\nofp\libc_nano.a(libc_a-wsetup.o)
 .data          0x20000014        0x0 C:\Program Files (x86)\Arm GNU Toolchain arm-none-eabi\13.2 Rel1\lib\gcc\arm-none-eabi\13.2.1\thumb\v6-m\nofp\libc_nano.a(libc_a-memset.o)
 .data          0x20000014        0x0 C:\Program Files (x86)\Arm GNU Toolchain arm-none-eabi\13.2 Rel1\lib\gcc\arm-none-eabi\13.2.1\thumb\v6-m\nofp\libc_nano.a(libc_a-closer.o)
 .data          0x20000014        0x0 C:\Program Files (x86)\Arm GNU Toolchain arm-none-eabi\13.2 Rel1\lib\gcc\arm-none-eabi\13.2.1\thumb\v6-m\nofp\libc_nano.a(libc_a-impure.o)
 .data._impure_ptr
                0x20000014        0x4 C:\Program Files (x86)\Arm GNU Toolchain arm-none-eabi\13.2 Rel1\lib\gcc\arm-none-eabi\13.2.1\thumb\v6-m\nofp\libc_nano.a(libc_a-impure.o)
                0x20000014                _impure_ptr
 .data._impure_data
                0x20000018       0x4c C:\Program Files (x86)\Arm GNU Toolchain arm-none-eabi\13.2 Rel1\lib\gcc\arm-none-eabi\13.2.1\thumb\v6-m\nofp\libc_nano.a(libc_a-impure.o)
                0x20000018                _impure_data
 .data          0x20000064        0x0 C:\Program Files (x86)\Arm GNU Toolchain arm-none-eabi\13.2 Rel1\lib\gcc\arm-none-eabi\13.2.1\thumb\v6-m\nofp\libc_nano.a(libc_a-lseekr.o)
 .data          0x20000064        0x0 C:\Program Files (x86)\Arm GNU Toolchain arm-none-eabi\13.2 Rel1\lib\gcc\arm-none-eabi\13.2.1\thumb\v6-m\nofp\libc_nano.a(libc_a-readr.o)
 .data          0x20000064        0x0 C:\Program Files (x86)\Arm GNU Toolchain arm-none-eabi\13.2 Rel1\lib\gcc\arm-none-eabi\13.2.1\thumb\v6-m\nofp\libc_nano.a(libc_a-writer.o)
 .data          0x20000064        0x0 C:\Program Files (x86)\Arm GNU Toolchain arm-none-eabi\13.2 Rel1\lib\gcc\arm-none-eabi\13.2.1\thumb\v6-m\nofp\libc_nano.a(libc_a-errno.o)
 .data          0x20000064        0x0 C:\Program Files (x86)\Arm GNU Toolchain arm-none-eabi\13.2 Rel1\lib\gcc\arm-none-eabi\13.2.1\thumb\v6-m\nofp\libc_nano.a(libc_a-lock.o)
 .data          0x20000064        0x0 C:\Program Files (x86)\Arm GNU Toolchain arm-none-eabi\13.2 Rel1\lib\gcc\arm-none-eabi\13.2.1\thumb\v6-m\nofp\libc_nano.a(libc_a-freer.o)
 .data          0x20000064        0x0 C:\Program Files (x86)\Arm GNU Toolchain arm-none-eabi\13.2 Rel1\lib\gcc\arm-none-eabi\13.2.1\thumb\v6-m\nofp\libc_nano.a(libc_a-mallocr.o)
 .data          0x20000064        0x0 C:\Program Files (x86)\Arm GNU Toolchain arm-none-eabi\13.2 Rel1\lib\gcc\arm-none-eabi\13.2.1\thumb\v6-m\nofp\libc_nano.a(libc_a-mlock.o)
 .data          0x20000064        0x0 C:\Program Files (x86)\Arm GNU Toolchain arm-none-eabi\13.2 Rel1\lib\gcc\arm-none-eabi\13.2.1\thumb\v6-m\nofp\libc_nano.a(libc_a-nano-vfprintf.o)
 .data          0x20000064        0x0 C:\Program Files (x86)\Arm GNU Toolchain arm-none-eabi\13.2 Rel1\lib\gcc\arm-none-eabi\13.2.1\thumb\v6-m\nofp\libc_nano.a(libc_a-nano-vfprintf_i.o)
 .data          0x20000064        0x0 C:\Program Files (x86)\Arm GNU Toolchain arm-none-eabi\13.2 Rel1\lib\gcc\arm-none-eabi\13.2.1\thumb\v6-m\nofp\libc_nano.a(libc_a-fvwrite.o)
 .data          0x20000064        0x0 C:\Program Files (x86)\Arm GNU Toolchain arm-none-eabi\13.2 Rel1\lib\gcc\arm-none-eabi\13.2.1\thumb\v6-m\nofp\libc_nano.a(libc_a-makebuf.o)
 .data          0x20000064        0x0 C:\Program Files (x86)\Arm GNU Toolchain arm-none-eabi\13.2 Rel1\lib\gcc\arm-none-eabi\13.2.1\thumb\v6-m\nofp\libc_nano.a(libc_a-memmove.o)
 .data          0x20000064        0x0 C:\Program Files (x86)\Arm GNU Toolchain arm-none-eabi\13.2 Rel1\lib\gcc\arm-none-eabi\13.2.1\thumb\v6-m\nofp\libc_nano.a(libc_a-fstatr.o)
 .data          0x20000064        0x0 C:\Program Files (x86)\Arm GNU Toolchain arm-none-eabi\13.2 Rel1\lib\gcc\arm-none-eabi\13.2.1\thumb\v6-m\nofp\libc_nano.a(libc_a-isattyr.o)
 .data          0x20000064        0x0 C:\Program Files (x86)\Arm GNU Toolchain arm-none-eabi\13.2 Rel1\lib\gcc\arm-none-eabi\13.2.1\thumb\v6-m\nofp\libc_nano.a(libc_a-sbrkr.o)
 .data          0x20000064        0x0 C:\Program Files (x86)\Arm GNU Toolchain arm-none-eabi\13.2 Rel1\lib\gcc\arm-none-eabi\13.2.1\thumb\v6-m\nofp\libc_nano.a(libc_a-memchr-stub.o)
 .data          0x20000064        0x0 C:\Program Files (x86)\Arm GNU Toolchain arm-none-eabi\13.2 Rel1\lib\gcc\arm-none-eabi\13.2.1\thumb\v6-m\nofp\libc_nano.a(libc_a-memcpy-stub.o)
 .data          0x20000064        0x0 C:\Program Files (x86)\Arm GNU Toolchain arm-none-eabi\13.2 Rel1\lib\gcc\arm-none-eabi\13.2.1\thumb\v6-m\nofp\libc_nano.a(libc_a-reallocr.o)
 .data          0x20000064        0x0 C:\Program Files (x86)\Arm GNU Toolchain arm-none-eabi\13.2 Rel1\lib\gcc\arm-none-eabi\13.2.1\thumb\v6-m\nofp\libc_nano.a(libc_a-msizer.o)
 .data          0x20000064        0x0 C:\Program Files (x86)\Arm GNU Toolchain arm-none-eabi\13.2 Rel1\lib\gcc\arm-none-eabi\13.2.1\thumb\v6-m\nofp\libgcc.a(_thumb1_case_shi.o)
 .data          0x20000064        0x0 C:\Program Files (x86)\Arm GNU Toolchain arm-none-eabi\13.2 Rel1\lib\gcc\arm-none-eabi\13.2.1\thumb\v6-m\nofp\libgcc.a(_udivsi3.o)
                0x20000064                        . = ALIGN (0x4)
                0x20000064                        _edata = .

.igot.plt       0x20000064        0x0 load address 0x0800295c
 .igot.plt      0x20000064        0x0 main.o

.bss            0x20000064      0x200 load address 0x0800295c
                0x20000064                        _bss = .
 *(.bss*)
 .bss           0x20000064        0x4 main.o
                0x20000064                PWM_Counter
 .bss           0x20000068       0xa4 serial.o
                0x20000068                ComRXBuffer
                0x200000b4                ComTXBuffer
                0x20000100                ComOpen
                0x20000104                ComError
                0x20000108                ComBusy
 .bss           0x2000010c        0x0 startup.o
 .bss           0x2000010c        0x8 newlib_stubs.o
                0x2000010c                __env
 .bss           0x20000114        0x0 C:\Program Files (x86)\Arm GNU Toolchain arm-none-eabi\13.2 Rel1\lib\gcc\arm-none-eabi\13.2.1\thumb\v6-m\nofp\libnosys.a(errno.o)
 .bss.errno     0x20000114        0x4 C:\Program Files (x86)\Arm GNU Toolchain arm-none-eabi\13.2 Rel1\lib\gcc\arm-none-eabi\13.2.1\thumb\v6-m\nofp\libnosys.a(errno.o)
                0x20000114                errno
 .bss           0x20000118        0x0 C:\Program Files (x86)\Arm GNU Toolchain arm-none-eabi\13.2 Rel1\lib\gcc\arm-none-eabi\13.2.1\thumb\v6-m\nofp\libgcc.a(_divsi3.o)
 .bss           0x20000118        0x0 C:\Program Files (x86)\Arm GNU Toolchain arm-none-eabi\13.2 Rel1\lib\gcc\arm-none-eabi\13.2.1\thumb\v6-m\nofp\libgcc.a(_dvmd_tls.o)
 .bss           0x20000118        0x0 C:\Program Files (x86)\Arm GNU Toolchain arm-none-eabi\13.2 Rel1\lib\gcc\arm-none-eabi\13.2.1\thumb\v6-m\nofp\libc_nano.a(libc_a-atoi.o)
 .bss           0x20000118        0x0 C:\Program Files (x86)\Arm GNU Toolchain arm-none-eabi\13.2 Rel1\lib\gcc\arm-none-eabi\13.2.1\thumb\v6-m\nofp\libc_nano.a(libc_a-strtol.o)
 .bss           0x20000118        0x0 C:\Program Files (x86)\Arm GNU Toolchain arm-none-eabi\13.2 Rel1\lib\gcc\arm-none-eabi\13.2.1\thumb\v6-m\nofp\libc_nano.a(libc_a-ctype_.o)
 .bss           0x20000118        0x0 C:\Program Files (x86)\Arm GNU Toolchain arm-none-eabi\13.2 Rel1\lib\gcc\arm-none-eabi\13.2.1\thumb\v6-m\nofp\libc_nano.a(libc_a-fflush.o)
 .bss           0x20000118        0x0 C:\Program Files (x86)\Arm GNU Toolchain arm-none-eabi\13.2 Rel1\lib\gcc\arm-none-eabi\13.2.1\thumb\v6-m\nofp\libc_nano.a(libc_a-findfp.o)
 .bss.__sf      0x20000118      0x138 C:\Program Files (x86)\Arm GNU Toolchain arm-none-eabi\13.2 Rel1\lib\gcc\arm-none-eabi\13.2.1\thumb\v6-m\nofp\libc_nano.a(libc_a-findfp.o)
                0x20000118                __sf
 .bss.__stdio_exit_handler
                0x20000250        0x4 C:\Program Files (x86)\Arm GNU Toolchain arm-none-eabi\13.2 Rel1\lib\gcc\arm-none-eabi\13.2.1\thumb\v6-m\nofp\libc_nano.a(libc_a-findfp.o)
                0x20000250                __stdio_exit_handler
 .bss           0x20000254        0x0 C:\Program Files (x86)\Arm GNU Toolchain arm-none-eabi\13.2 Rel1\lib\gcc\arm-none-eabi\13.2.1\thumb\v6-m\nofp\libc_nano.a(libc_a-fwalk.o)
 .bss           0x20000254        0x0 C:\Program Files (x86)\Arm GNU Toolchain arm-none-eabi\13.2 Rel1\lib\gcc\arm-none-eabi\13.2.1\thumb\v6-m\nofp\libc_nano.a(libc_a-printf.o)
 .bss           0x20000254        0x0 C:\Program Files (x86)\Arm GNU Toolchain arm-none-eabi\13.2 Rel1\lib\gcc\arm-none-eabi\13.2.1\thumb\v6-m\nofp\libc_nano.a(libc_a-puts.o)
 .bss           0x20000254        0x0 C:\Program Files (x86)\Arm GNU Toolchain arm-none-eabi\13.2 Rel1\lib\gcc\arm-none-eabi\13.2.1\thumb\v6-m\nofp\libc_nano.a(libc_a-stdio.o)
 .bss           0x20000254        0x0 C:\Program Files (x86)\Arm GNU Toolchain arm-none-eabi\13.2 Rel1\lib\gcc\arm-none-eabi\13.2.1\thumb\v6-m\nofp\libc_nano.a(libc_a-wbuf.o)
 .bss           0x20000254        0x0 C:\Program Files (x86)\Arm GNU Toolchain arm-none-eabi\13.2 Rel1\lib\gcc\arm-none-eabi\13.2.1\thumb\v6-m\nofp\libc_nano.a(libc_a-wsetup.o)
 .bss           0x20000254        0x0 C:\Program Files (x86)\Arm GNU Toolchain arm-none-eabi\13.2 Rel1\lib\gcc\arm-none-eabi\13.2.1\thumb\v6-m\nofp\libc_nano.a(libc_a-memset.o)
 .bss           0x20000254        0x0 C:\Program Files (x86)\Arm GNU Toolchain arm-none-eabi\13.2 Rel1\lib\gcc\arm-none-eabi\13.2.1\thumb\v6-m\nofp\libc_nano.a(libc_a-closer.o)
 .bss           0x20000254        0x0 C:\Program Files (x86)\Arm GNU Toolchain arm-none-eabi\13.2 Rel1\lib\gcc\arm-none-eabi\13.2.1\thumb\v6-m\nofp\libc_nano.a(libc_a-impure.o)
 .bss           0x20000254        0x0 C:\Program Files (x86)\Arm GNU Toolchain arm-none-eabi\13.2 Rel1\lib\gcc\arm-none-eabi\13.2.1\thumb\v6-m\nofp\libc_nano.a(libc_a-lseekr.o)
 .bss           0x20000254        0x0 C:\Program Files (x86)\Arm GNU Toolchain arm-none-eabi\13.2 Rel1\lib\gcc\arm-none-eabi\13.2.1\thumb\v6-m\nofp\libc_nano.a(libc_a-readr.o)
 .bss           0x20000254        0x0 C:\Program Files (x86)\Arm GNU Toolchain arm-none-eabi\13.2 Rel1\lib\gcc\arm-none-eabi\13.2.1\thumb\v6-m\nofp\libc_nano.a(libc_a-writer.o)
 .bss           0x20000254        0x0 C:\Program Files (x86)\Arm GNU Toolchain arm-none-eabi\13.2 Rel1\lib\gcc\arm-none-eabi\13.2.1\thumb\v6-m\nofp\libc_nano.a(libc_a-errno.o)
 .bss           0x20000254        0x0 C:\Program Files (x86)\Arm GNU Toolchain arm-none-eabi\13.2 Rel1\lib\gcc\arm-none-eabi\13.2.1\thumb\v6-m\nofp\libc_nano.a(libc_a-lock.o)
 .bss.__lock___arc4random_mutex
                0x20000254        0x1 C:\Program Files (x86)\Arm GNU Toolchain arm-none-eabi\13.2 Rel1\lib\gcc\arm-none-eabi\13.2.1\thumb\v6-m\nofp\libc_nano.a(libc_a-lock.o)
                0x20000254                __lock___arc4random_mutex
 .bss.__lock___dd_hash_mutex
                0x20000255        0x1 C:\Program Files (x86)\Arm GNU Toolchain arm-none-eabi\13.2 Rel1\lib\gcc\arm-none-eabi\13.2.1\thumb\v6-m\nofp\libc_nano.a(libc_a-lock.o)
                0x20000255                __lock___dd_hash_mutex
 .bss.__lock___tz_mutex
                0x20000256        0x1 C:\Program Files (x86)\Arm GNU Toolchain arm-none-eabi\13.2 Rel1\lib\gcc\arm-none-eabi\13.2.1\thumb\v6-m\nofp\libc_nano.a(libc_a-lock.o)
                0x20000256                __lock___tz_mutex
 .bss.__lock___env_recursive_mutex
                0x20000257        0x1 C:\Program Files (x86)\Arm GNU Toolchain arm-none-eabi\13.2 Rel1\lib\gcc\arm-none-eabi\13.2.1\thumb\v6-m\nofp\libc_nano.a(libc_a-lock.o)
                0x20000257                __lock___env_recursive_mutex
 .bss.__lock___malloc_recursive_mutex
                0x20000258        0x1 C:\Program Files (x86)\Arm GNU Toolchain arm-none-eabi\13.2 Rel1\lib\gcc\arm-none-eabi\13.2.1\thumb\v6-m\nofp\libc_nano.a(libc_a-lock.o)
                0x20000258                __lock___malloc_recursive_mutex
 .bss.__lock___at_quick_exit_mutex
                0x20000259        0x1 C:\Program Files (x86)\Arm GNU Toolchain arm-none-eabi\13.2 Rel1\lib\gcc\arm-none-eabi\13.2.1\thumb\v6-m\nofp\libc_nano.a(libc_a-lock.o)
                0x20000259                __lock___at_quick_exit_mutex
 .bss.__lock___atexit_recursive_mutex
                0x2000025a        0x1 C:\Program Files (x86)\Arm GNU Toolchain arm-none-eabi\13.2 Rel1\lib\gcc\arm-none-eabi\13.2.1\thumb\v6-m\nofp\libc_nano.a(libc_a-lock.o)
                0x2000025a                __lock___atexit_recursive_mutex
 .bss.__lock___sfp_recursive_mutex
                0x2000025b        0x1 C:\Program Files (x86)\Arm GNU Toolchain arm-none-eabi\13.2 Rel1\lib\gcc\arm-none-eabi\13.2.1\thumb\v6-m\nofp\libc_nano.a(libc_a-lock.o)
                0x2000025b                __lock___sfp_recursive_mutex
 .bss           0x2000025c        0x0 C:\Program Files (x86)\Arm GNU Toolchain arm-none-eabi\13.2 Rel1\lib\gcc\arm-none-eabi\13.2.1\thumb\v6-m\nofp\libc_nano.a(libc_a-freer.o)
 .bss           0x2000025c        0x0 C:\Program Files (x86)\Arm GNU Toolchain arm-none-eabi\13.2 Rel1\lib\gcc\arm-none-eabi\13.2.1\thumb\v6-m\nofp\libc_nano.a(libc_a-mallocr.o)
 .bss.__malloc_sbrk_start
                0x2000025c        0x4 C:\Program Files (x86)\Arm GNU Toolchain arm-none-eabi\13.2 Rel1\lib\gcc\arm-none-eabi\13.2.1\thumb\v6-m\nofp\libc_nano.a(libc_a-mallocr.o)
                0x2000025c                __malloc_sbrk_start
 .bss.__malloc_free_list
                0x20000260        0x4 C:\Program Files (x86)\Arm GNU Toolchain arm-none-eabi\13.2 Rel1\lib\gcc\arm-none-eabi\13.2.1\thumb\v6-m\nofp\libc_nano.a(libc_a-mallocr.o)
                0x20000260                __malloc_free_list
 .bss           0x20000264        0x0 C:\Program Files (x86)\Arm GNU Toolchain arm-none-eabi\13.2 Rel1\lib\gcc\arm-none-eabi\13.2.1\thumb\v6-m\nofp\libc_nano.a(libc_a-mlock.o)
 .bss           0x20000264        0x0 C:\Program Files (x86)\Arm GNU Toolchain arm-none-eabi\13.2 Rel1\lib\gcc\arm-none-eabi\13.2.1\thumb\v6-m\nofp\libc_nano.a(libc_a-nano-vfprintf.o)
 .bss           0x20000264        0x0 C:\Program Files (x86)\Arm GNU Toolchain arm-none-eabi\13.2 Rel1\lib\gcc\arm-none-eabi\13.2.1\thumb\v6-m\nofp\libc_nano.a(libc_a-nano-vfprintf_i.o)
 .bss           0x20000264        0x0 C:\Program Files (x86)\Arm GNU Toolchain arm-none-eabi\13.2 Rel1\lib\gcc\arm-none-eabi\13.2.1\thumb\v6-m\nofp\libc_nano.a(libc_a-fvwrite.o)
 .bss           0x20000264        0x0 C:\Program Files (x86)\Arm GNU Toolchain arm-none-eabi\13.2 Rel1\lib\gcc\arm-none-eabi\13.2.1\thumb\v6-m\nofp\libc_nano.a(libc_a-makebuf.o)
 .bss           0x20000264        0x0 C:\Program Files (x86)\Arm GNU Toolchain arm-none-eabi\13.2 Rel1\lib\gcc\arm-none-eabi\13.2.1\thumb\v6-m\nofp\libc_nano.a(libc_a-memmove.o)
 .bss           0x20000264        0x0 C:\Program Files (x86)\Arm GNU Toolchain arm-none-eabi\13.2 Rel1\lib\gcc\arm-none-eabi\13.2.1\thumb\v6-m\nofp\libc_nano.a(libc_a-fstatr.o)
 .bss           0x20000264        0x0 C:\Program Files (x86)\Arm GNU Toolchain arm-none-eabi\13.2 Rel1\lib\gcc\arm-none-eabi\13.2.1\thumb\v6-m\nofp\libc_nano.a(libc_a-isattyr.o)
 .bss           0x20000264        0x0 C:\Program Files (x86)\Arm GNU Toolchain arm-none-eabi\13.2 Rel1\lib\gcc\arm-none-eabi\13.2.1\thumb\v6-m\nofp\libc_nano.a(libc_a-sbrkr.o)
 .bss           0x20000264        0x0 C:\Program Files (x86)\Arm GNU Toolchain arm-none-eabi\13.2 Rel1\lib\gcc\arm-none-eabi\13.2.1\thumb\v6-m\nofp\libc_nano.a(libc_a-memchr-stub.o)
 .bss           0x20000264        0x0 C:\Program Files (x86)\Arm GNU Toolchain arm-none-eabi\13.2 Rel1\lib\gcc\arm-none-eabi\13.2.1\thumb\v6-m\nofp\libc_nano.a(libc_a-memcpy-stub.o)
 .bss           0x20000264        0x0 C:\Program Files (x86)\Arm GNU Toolchain arm-none-eabi\13.2 Rel1\lib\gcc\arm-none-eabi\13.2.1\thumb\v6-m\nofp\libc_nano.a(libc_a-reallocr.o)
 .bss           0x20000264        0x0 C:\Program Files (x86)\Arm GNU Toolchain arm-none-eabi\13.2 Rel1\lib\gcc\arm-none-eabi\13.2.1\thumb\v6-m\nofp\libc_nano.a(libc_a-msizer.o)
 .bss           0x20000264        0x0 C:\Program Files (x86)\Arm GNU Toolchain arm-none-eabi\13.2 Rel1\lib\gcc\arm-none-eabi\13.2.1\thumb\v6-m\nofp\libgcc.a(_thumb1_case_shi.o)
 .bss           0x20000264        0x0 C:\Program Files (x86)\Arm GNU Toolchain arm-none-eabi\13.2 Rel1\lib\gcc\arm-none-eabi\13.2.1\thumb\v6-m\nofp\libgcc.a(_udivsi3.o)
 *(COMMON)
                0x20000264                        . = ALIGN (0x4)
                0x20000264                        _ebss = .
                [!provide]                        PROVIDE (end = .)
                0x20000264                        PROVIDE (_HeapStart = .)
                0x20002000                        PROVIDE (_StackTop = (ORIGIN (ram) + LENGTH (ram)))
OUTPUT(main.elf elf32-littlearm)
LOAD linker stubs

.debug_info     0x00000000     0x1f44
 .debug_info    0x00000000      0xd11 main.o
 .debug_info    0x00000d11      0x79e serial.o
 .debug_info    0x000014af      0x391 startup.o
 .debug_info    0x00001840      0x704 newlib_stubs.o

.debug_abbrev   0x00000000      0x828
 .debug_abbrev  0x00000000      0x2ab main.o
 .debug_abbrev  0x000002ab      0x208 serial.o
 .debug_abbrev  0x000004b3      0x1c2 startup.o
 .debug_abbrev  0x00000675      0x1b3 newlib_stubs.o

.debug_aranges  0x00000000       0x88
 .debug_aranges
                0x00000000       0x20 main.o
 .debug_aranges
                0x00000020       0x20 serial.o
 .debug_aranges
                0x00000040       0x28 startup.o
 .debug_aranges
                0x00000068       0x20 newlib_stubs.o

.debug_line     0x00000000      0xe90
 .debug_line    0x00000000      0x3cc main.o
 .debug_line    0x000003cc      0x520 serial.o
 .debug_line    0x000008ec      0x2c1 startup.o
 .debug_line    0x00000bad      0x2e3 newlib_stubs.o

.debug_str      0x00000000      0x9f6
 .debug_str     0x00000000      0x9f6 main.o
                                0x655 (size before relaxing)
 .debug_str     0x000009f6      0x39f serial.o
 .debug_str     0x000009f6      0x2e0 startup.o
 .debug_str     0x000009f6      0x3d1 newlib_stubs.o

.comment        0x00000000       0x44
 .comment       0x00000000       0x44 main.o
                                 0x45 (size before relaxing)
 .comment       0x00000044       0x45 serial.o
 .comment       0x00000044       0x45 startup.o
 .comment       0x00000044       0x45 newlib_stubs.o

.ARM.attributes
                0x00000000       0x2c
 .ARM.attributes
                0x00000000       0x2c main.o
 .ARM.attributes
                0x0000002c       0x2c serial.o
 .ARM.attributes
                0x00000058       0x2c startup.o
 .ARM.attributes
                0x00000084       0x2c newlib_stubs.o
 .ARM.attributes
                0x000000b0       0x2c C:\Program Files (x86)\Arm GNU Toolchain arm-none-eabi\13.2 Rel1\lib\gcc\arm-none-eabi\13.2.1\thumb\v6-m\nofp\libnosys.a(errno.o)
 .ARM.attributes
                0x000000dc       0x1e C:\Program Files (x86)\Arm GNU Toolchain arm-none-eabi\13.2 Rel1\lib\gcc\arm-none-eabi\13.2.1\thumb\v6-m\nofp\libgcc.a(_divsi3.o)
 .ARM.attributes
                0x000000fa       0x1e C:\Program Files (x86)\Arm GNU Toolchain arm-none-eabi\13.2 Rel1\lib\gcc\arm-none-eabi\13.2.1\thumb\v6-m\nofp\libgcc.a(_dvmd_tls.o)
 .ARM.attributes
                0x00000118       0x2c C:\Program Files (x86)\Arm GNU Toolchain arm-none-eabi\13.2 Rel1\lib\gcc\arm-none-eabi\13.2.1\thumb\v6-m\nofp\libc_nano.a(libc_a-atoi.o)
 .ARM.attributes
                0x00000144       0x2c C:\Program Files (x86)\Arm GNU Toolchain arm-none-eabi\13.2 Rel1\lib\gcc\arm-none-eabi\13.2.1\thumb\v6-m\nofp\libc_nano.a(libc_a-strtol.o)
 .ARM.attributes
                0x00000170       0x2c C:\Program Files (x86)\Arm GNU Toolchain arm-none-eabi\13.2 Rel1\lib\gcc\arm-none-eabi\13.2.1\thumb\v6-m\nofp\libc_nano.a(libc_a-ctype_.o)
 .ARM.attributes
                0x0000019c       0x2c C:\Program Files (x86)\Arm GNU Toolchain arm-none-eabi\13.2 Rel1\lib\gcc\arm-none-eabi\13.2.1\thumb\v6-m\nofp\libc_nano.a(libc_a-fflush.o)
 .ARM.attributes
                0x000001c8       0x2c C:\Program Files (x86)\Arm GNU Toolchain arm-none-eabi\13.2 Rel1\lib\gcc\arm-none-eabi\13.2.1\thumb\v6-m\nofp\libc_nano.a(libc_a-findfp.o)
 .ARM.attributes
                0x000001f4       0x2c C:\Program Files (x86)\Arm GNU Toolchain arm-none-eabi\13.2 Rel1\lib\gcc\arm-none-eabi\13.2.1\thumb\v6-m\nofp\libc_nano.a(libc_a-fwalk.o)
 .ARM.attributes
                0x00000220       0x2c C:\Program Files (x86)\Arm GNU Toolchain arm-none-eabi\13.2 Rel1\lib\gcc\arm-none-eabi\13.2.1\thumb\v6-m\nofp\libc_nano.a(libc_a-printf.o)
 .ARM.attributes
                0x0000024c       0x2c C:\Program Files (x86)\Arm GNU Toolchain arm-none-eabi\13.2 Rel1\lib\gcc\arm-none-eabi\13.2.1\thumb\v6-m\nofp\libc_nano.a(libc_a-puts.o)
 .ARM.attributes
                0x00000278       0x2c C:\Program Files (x86)\Arm GNU Toolchain arm-none-eabi\13.2 Rel1\lib\gcc\arm-none-eabi\13.2.1\thumb\v6-m\nofp\libc_nano.a(libc_a-stdio.o)
 .ARM.attributes
                0x000002a4       0x2c C:\Program Files (x86)\Arm GNU Toolchain arm-none-eabi\13.2 Rel1\lib\gcc\arm-none-eabi\13.2.1\thumb\v6-m\nofp\libc_nano.a(libc_a-wbuf.o)
 .ARM.attributes
                0x000002d0       0x2c C:\Program Files (x86)\Arm GNU Toolchain arm-none-eabi\13.2 Rel1\lib\gcc\arm-none-eabi\13.2.1\thumb\v6-m\nofp\libc_nano.a(libc_a-wsetup.o)
 .ARM.attributes
                0x000002fc       0x2c C:\Program Files (x86)\Arm GNU Toolchain arm-none-eabi\13.2 Rel1\lib\gcc\arm-none-eabi\13.2.1\thumb\v6-m\nofp\libc_nano.a(libc_a-memset.o)
 .ARM.attributes
                0x00000328       0x2c C:\Program Files (x86)\Arm GNU Toolchain arm-none-eabi\13.2 Rel1\lib\gcc\arm-none-eabi\13.2.1\thumb\v6-m\nofp\libc_nano.a(libc_a-closer.o)
 .ARM.attributes
                0x00000354       0x2c C:\Program Files (x86)\Arm GNU Toolchain arm-none-eabi\13.2 Rel1\lib\gcc\arm-none-eabi\13.2.1\thumb\v6-m\nofp\libc_nano.a(libc_a-impure.o)
 .ARM.attributes
                0x00000380       0x2c C:\Program Files (x86)\Arm GNU Toolchain arm-none-eabi\13.2 Rel1\lib\gcc\arm-none-eabi\13.2.1\thumb\v6-m\nofp\libc_nano.a(libc_a-lseekr.o)
 .ARM.attributes
                0x000003ac       0x2c C:\Program Files (x86)\Arm GNU Toolchain arm-none-eabi\13.2 Rel1\lib\gcc\arm-none-eabi\13.2.1\thumb\v6-m\nofp\libc_nano.a(libc_a-readr.o)
 .ARM.attributes
                0x000003d8       0x2c C:\Program Files (x86)\Arm GNU Toolchain arm-none-eabi\13.2 Rel1\lib\gcc\arm-none-eabi\13.2.1\thumb\v6-m\nofp\libc_nano.a(libc_a-writer.o)
 .ARM.attributes
                0x00000404       0x2c C:\Program Files (x86)\Arm GNU Toolchain arm-none-eabi\13.2 Rel1\lib\gcc\arm-none-eabi\13.2.1\thumb\v6-m\nofp\libc_nano.a(libc_a-errno.o)
 .ARM.attributes
                0x00000430       0x2c C:\Program Files (x86)\Arm GNU Toolchain arm-none-eabi\13.2 Rel1\lib\gcc\arm-none-eabi\13.2.1\thumb\v6-m\nofp\libc_nano.a(libc_a-lock.o)
 .ARM.attributes
                0x0000045c       0x2c C:\Program Files (x86)\Arm GNU Toolchain arm-none-eabi\13.2 Rel1\lib\gcc\arm-none-eabi\13.2.1\thumb\v6-m\nofp\libc_nano.a(libc_a-freer.o)
 .ARM.attributes
                0x00000488       0x2c C:\Program Files (x86)\Arm GNU Toolchain arm-none-eabi\13.2 Rel1\lib\gcc\arm-none-eabi\13.2.1\thumb\v6-m\nofp\libc_nano.a(libc_a-mallocr.o)
 .ARM.attributes
                0x000004b4       0x2c C:\Program Files (x86)\Arm GNU Toolchain arm-none-eabi\13.2 Rel1\lib\gcc\arm-none-eabi\13.2.1\thumb\v6-m\nofp\libc_nano.a(libc_a-mlock.o)
 .ARM.attributes
                0x000004e0       0x2c C:\Program Files (x86)\Arm GNU Toolchain arm-none-eabi\13.2 Rel1\lib\gcc\arm-none-eabi\13.2.1\thumb\v6-m\nofp\libc_nano.a(libc_a-nano-vfprintf.o)
 .ARM.attributes
                0x0000050c       0x2c C:\Program Files (x86)\Arm GNU Toolchain arm-none-eabi\13.2 Rel1\lib\gcc\arm-none-eabi\13.2.1\thumb\v6-m\nofp\libc_nano.a(libc_a-nano-vfprintf_i.o)
 .ARM.attributes
                0x00000538       0x2c C:\Program Files (x86)\Arm GNU Toolchain arm-none-eabi\13.2 Rel1\lib\gcc\arm-none-eabi\13.2.1\thumb\v6-m\nofp\libc_nano.a(libc_a-fvwrite.o)
 .ARM.attributes
                0x00000564       0x2c C:\Program Files (x86)\Arm GNU Toolchain arm-none-eabi\13.2 Rel1\lib\gcc\arm-none-eabi\13.2.1\thumb\v6-m\nofp\libc_nano.a(libc_a-makebuf.o)
 .ARM.attributes
                0x00000590       0x2c C:\Program Files (x86)\Arm GNU Toolchain arm-none-eabi\13.2 Rel1\lib\gcc\arm-none-eabi\13.2.1\thumb\v6-m\nofp\libc_nano.a(libc_a-memmove.o)
 .ARM.attributes
                0x000005bc       0x2c C:\Program Files (x86)\Arm GNU Toolchain arm-none-eabi\13.2 Rel1\lib\gcc\arm-none-eabi\13.2.1\thumb\v6-m\nofp\libc_nano.a(libc_a-fstatr.o)
 .ARM.attributes
                0x000005e8       0x2c C:\Program Files (x86)\Arm GNU Toolchain arm-none-eabi\13.2 Rel1\lib\gcc\arm-none-eabi\13.2.1\thumb\v6-m\nofp\libc_nano.a(libc_a-isattyr.o)
 .ARM.attributes
                0x00000614       0x2c C:\Program Files (x86)\Arm GNU Toolchain arm-none-eabi\13.2 Rel1\lib\gcc\arm-none-eabi\13.2.1\thumb\v6-m\nofp\libc_nano.a(libc_a-sbrkr.o)
 .ARM.attributes
                0x00000640       0x2c C:\Program Files (x86)\Arm GNU Toolchain arm-none-eabi\13.2 Rel1\lib\gcc\arm-none-eabi\13.2.1\thumb\v6-m\nofp\libc_nano.a(libc_a-memchr-stub.o)
 .ARM.attributes
                0x0000066c       0x2c C:\Program Files (x86)\Arm GNU Toolchain arm-none-eabi\13.2 Rel1\lib\gcc\arm-none-eabi\13.2.1\thumb\v6-m\nofp\libc_nano.a(libc_a-memcpy-stub.o)
 .ARM.attributes
                0x00000698       0x2c C:\Program Files (x86)\Arm GNU Toolchain arm-none-eabi\13.2 Rel1\lib\gcc\arm-none-eabi\13.2.1\thumb\v6-m\nofp\libc_nano.a(libc_a-reallocr.o)
 .ARM.attributes
                0x000006c4       0x2c C:\Program Files (x86)\Arm GNU Toolchain arm-none-eabi\13.2 Rel1\lib\gcc\arm-none-eabi\13.2.1\thumb\v6-m\nofp\libc_nano.a(libc_a-msizer.o)
 .ARM.attributes
                0x000006f0       0x1e C:\Program Files (x86)\Arm GNU Toolchain arm-none-eabi\13.2 Rel1\lib\gcc\arm-none-eabi\13.2.1\thumb\v6-m\nofp\libgcc.a(_thumb1_case_shi.o)
 .ARM.attributes
                0x0000070e       0x1e C:\Program Files (x86)\Arm GNU Toolchain arm-none-eabi\13.2 Rel1\lib\gcc\arm-none-eabi\13.2.1\thumb\v6-m\nofp\libgcc.a(_udivsi3.o)

.debug_frame    0x00000000      0xebc
 .debug_frame   0x00000000       0xa4 main.o
 .debug_frame   0x000000a4      0x1e8 serial.o
 .debug_frame   0x0000028c       0x94 startup.o
 .debug_frame   0x00000320      0x228 newlib_stubs.o
 .debug_frame   0x00000548       0x20 C:\Program Files (x86)\Arm GNU Toolchain arm-none-eabi\13.2 Rel1\lib\gcc\arm-none-eabi\13.2.1\thumb\v6-m\nofp\libgcc.a(_divsi3.o)
 .debug_frame   0x00000568       0x40 C:\Program Files (x86)\Arm GNU Toolchain arm-none-eabi\13.2 Rel1\lib\gcc\arm-none-eabi\13.2.1\thumb\v6-m\nofp\libc_nano.a(libc_a-atoi.o)
 .debug_frame   0x000005a8       0x78 C:\Program Files (x86)\Arm GNU Toolchain arm-none-eabi\13.2 Rel1\lib\gcc\arm-none-eabi\13.2.1\thumb\v6-m\nofp\libc_nano.a(libc_a-strtol.o)
 .debug_frame   0x00000620       0x68 C:\Program Files (x86)\Arm GNU Toolchain arm-none-eabi\13.2 Rel1\lib\gcc\arm-none-eabi\13.2.1\thumb\v6-m\nofp\libc_nano.a(libc_a-fflush.o)
 .debug_frame   0x00000688      0x138 C:\Program Files (x86)\Arm GNU Toolchain arm-none-eabi\13.2 Rel1\lib\gcc\arm-none-eabi\13.2.1\thumb\v6-m\nofp\libc_nano.a(libc_a-findfp.o)
 .debug_frame   0x000007c0       0x34 C:\Program Files (x86)\Arm GNU Toolchain arm-none-eabi\13.2 Rel1\lib\gcc\arm-none-eabi\13.2.1\thumb\v6-m\nofp\libc_nano.a(libc_a-fwalk.o)
 .debug_frame   0x000007f4       0x4c C:\Program Files (x86)\Arm GNU Toolchain arm-none-eabi\13.2 Rel1\lib\gcc\arm-none-eabi\13.2.1\thumb\v6-m\nofp\libc_nano.a(libc_a-printf.o)
 .debug_frame   0x00000840       0x44 C:\Program Files (x86)\Arm GNU Toolchain arm-none-eabi\13.2 Rel1\lib\gcc\arm-none-eabi\13.2.1\thumb\v6-m\nofp\libc_nano.a(libc_a-puts.o)
 .debug_frame   0x00000884       0x90 C:\Program Files (x86)\Arm GNU Toolchain arm-none-eabi\13.2 Rel1\lib\gcc\arm-none-eabi\13.2.1\thumb\v6-m\nofp\libc_nano.a(libc_a-stdio.o)
 .debug_frame   0x00000914       0x48 C:\Program Files (x86)\Arm GNU Toolchain arm-none-eabi\13.2 Rel1\lib\gcc\arm-none-eabi\13.2.1\thumb\v6-m\nofp\libc_nano.a(libc_a-wbuf.o)
 .debug_frame   0x0000095c       0x2c C:\Program Files (x86)\Arm GNU Toolchain arm-none-eabi\13.2 Rel1\lib\gcc\arm-none-eabi\13.2.1\thumb\v6-m\nofp\libc_nano.a(libc_a-wsetup.o)
 .debug_frame   0x00000988       0x20 C:\Program Files (x86)\Arm GNU Toolchain arm-none-eabi\13.2 Rel1\lib\gcc\arm-none-eabi\13.2.1\thumb\v6-m\nofp\libc_nano.a(libc_a-memset.o)
 .debug_frame   0x000009a8       0x2c C:\Program Files (x86)\Arm GNU Toolchain arm-none-eabi\13.2 Rel1\lib\gcc\arm-none-eabi\13.2.1\thumb\v6-m\nofp\libc_nano.a(libc_a-closer.o)
 .debug_frame   0x000009d4       0x2c C:\Program Files (x86)\Arm GNU Toolchain arm-none-eabi\13.2 Rel1\lib\gcc\arm-none-eabi\13.2.1\thumb\v6-m\nofp\libc_nano.a(libc_a-lseekr.o)
 .debug_frame   0x00000a00       0x2c C:\Program Files (x86)\Arm GNU Toolchain arm-none-eabi\13.2 Rel1\lib\gcc\arm-none-eabi\13.2.1\thumb\v6-m\nofp\libc_nano.a(libc_a-readr.o)
 .debug_frame   0x00000a2c       0x2c C:\Program Files (x86)\Arm GNU Toolchain arm-none-eabi\13.2 Rel1\lib\gcc\arm-none-eabi\13.2.1\thumb\v6-m\nofp\libc_nano.a(libc_a-writer.o)
 .debug_frame   0x00000a58       0x20 C:\Program Files (x86)\Arm GNU Toolchain arm-none-eabi\13.2 Rel1\lib\gcc\arm-none-eabi\13.2.1\thumb\v6-m\nofp\libc_nano.a(libc_a-errno.o)
 .debug_frame   0x00000a78       0xb0 C:\Program Files (x86)\Arm GNU Toolchain arm-none-eabi\13.2 Rel1\lib\gcc\arm-none-eabi\13.2.1\thumb\v6-m\nofp\libc_nano.a(libc_a-lock.o)
 .debug_frame   0x00000b28       0x2c C:\Program Files (x86)\Arm GNU Toolchain arm-none-eabi\13.2 Rel1\lib\gcc\arm-none-eabi\13.2.1\thumb\v6-m\nofp\libc_nano.a(libc_a-freer.o)
 .debug_frame   0x00000b54       0x50 C:\Program Files (x86)\Arm GNU Toolchain arm-none-eabi\13.2 Rel1\lib\gcc\arm-none-eabi\13.2.1\thumb\v6-m\nofp\libc_nano.a(libc_a-mallocr.o)
 .debug_frame   0x00000ba4       0x40 C:\Program Files (x86)\Arm GNU Toolchain arm-none-eabi\13.2 Rel1\lib\gcc\arm-none-eabi\13.2.1\thumb\v6-m\nofp\libc_nano.a(libc_a-mlock.o)
 .debug_frame   0x00000be4       0x9c C:\Program Files (x86)\Arm GNU Toolchain arm-none-eabi\13.2 Rel1\lib\gcc\arm-none-eabi\13.2.1\thumb\v6-m\nofp\libc_nano.a(libc_a-nano-vfprintf.o)
 .debug_frame   0x00000c80       0x54 C:\Program Files (x86)\Arm GNU Toolchain arm-none-eabi\13.2 Rel1\lib\gcc\arm-none-eabi\13.2.1\thumb\v6-m\nofp\libc_nano.a(libc_a-nano-vfprintf_i.o)
 .debug_frame   0x00000cd4       0x30 C:\Program Files (x86)\Arm GNU Toolchain arm-none-eabi\13.2 Rel1\lib\gcc\arm-none-eabi\13.2.1\thumb\v6-m\nofp\libc_nano.a(libc_a-fvwrite.o)
 .debug_frame   0x00000d04       0x50 C:\Program Files (x86)\Arm GNU Toolchain arm-none-eabi\13.2 Rel1\lib\gcc\arm-none-eabi\13.2.1\thumb\v6-m\nofp\libc_nano.a(libc_a-makebuf.o)
 .debug_frame   0x00000d54       0x28 C:\Program Files (x86)\Arm GNU Toolchain arm-none-eabi\13.2 Rel1\lib\gcc\arm-none-eabi\13.2.1\thumb\v6-m\nofp\libc_nano.a(libc_a-memmove.o)
 .debug_frame   0x00000d7c       0x2c C:\Program Files (x86)\Arm GNU Toolchain arm-none-eabi\13.2 Rel1\lib\gcc\arm-none-eabi\13.2.1\thumb\v6-m\nofp\libc_nano.a(libc_a-fstatr.o)
 .debug_frame   0x00000da8       0x2c C:\Program Files (x86)\Arm GNU Toolchain arm-none-eabi\13.2 Rel1\lib\gcc\arm-none-eabi\13.2.1\thumb\v6-m\nofp\libc_nano.a(libc_a-isattyr.o)
 .debug_frame   0x00000dd4       0x2c C:\Program Files (x86)\Arm GNU Toolchain arm-none-eabi\13.2 Rel1\lib\gcc\arm-none-eabi\13.2.1\thumb\v6-m\nofp\libc_nano.a(libc_a-sbrkr.o)
 .debug_frame   0x00000e00       0x20 C:\Program Files (x86)\Arm GNU Toolchain arm-none-eabi\13.2 Rel1\lib\gcc\arm-none-eabi\13.2.1\thumb\v6-m\nofp\libc_nano.a(libc_a-memchr-stub.o)
 .debug_frame   0x00000e20       0x28 C:\Program Files (x86)\Arm GNU Toolchain arm-none-eabi\13.2 Rel1\lib\gcc\arm-none-eabi\13.2.1\thumb\v6-m\nofp\libc_nano.a(libc_a-memcpy-stub.o)
 .debug_frame   0x00000e48       0x34 C:\Program Files (x86)\Arm GNU Toolchain arm-none-eabi\13.2 Rel1\lib\gcc\arm-none-eabi\13.2.1\thumb\v6-m\nofp\libc_nano.a(libc_a-reallocr.o)
 .debug_frame   0x00000e7c       0x20 C:\Program Files (x86)\Arm GNU Toolchain arm-none-eabi\13.2 Rel1\lib\gcc\arm-none-eabi\13.2.1\thumb\v6-m\nofp\libc_nano.a(libc_a-msizer.o)
 .debug_frame   0x00000e9c       0x20 C:\Program Files (x86)\Arm GNU Toolchain arm-none-eabi\13.2 Rel1\lib\gcc\arm-none-eabi\13.2.1\thumb\v6-m\nofp\libgcc.a(_udivsi3.o)

.debug_rnglists
                0x00000000       0x1a
 .debug_rnglists
                0x00000000       0x1a startup.o

.debug_line_str
                0x00000000       0xc9
 .debug_line_str
                0x00000000       0xc9 C:\Program Files (x86)\Arm GNU Toolchain arm-none-eabi\13.2 Rel1\lib\gcc\arm-none-eabi\13.2.1\thumb\v6-m\nofp\libgcc.a(_divsi3.o)
 .debug_line_str
                0x000000c9       0xc9 C:\Program Files (x86)\Arm GNU Toolchain arm-none-eabi\13.2 Rel1\lib\gcc\arm-none-eabi\13.2.1\thumb\v6-m\nofp\libgcc.a(_dvmd_tls.o)
 .debug_line_str
                0x000000c9       0xc9 C:\Program Files (x86)\Arm GNU Toolchain arm-none-eabi\13.2 Rel1\lib\gcc\arm-none-eabi\13.2.1\thumb\v6-m\nofp\libgcc.a(_thumb1_case_shi.o)
 .debug_line_str
                0x000000c9       0xc9 C:\Program Files (x86)\Arm GNU Toolchain arm-none-eabi\13.2 Rel1\lib\gcc\arm-none-eabi\13.2.1\thumb\v6-m\nofp\libgcc.a(_udivsi3.o)

Cross Reference Table

Symbol                                            File
ADC_COMP_Handler                                  startup.o
ComBusy                                           serial.o
ComError                                          serial.o
ComOpen                                           serial.o
ComRXBuffer                                       serial.o
ComTXBuffer                                       serial.o
DMA_CH1_Handler                                   startup.o
DMA_CH2_3_Handler                                 startup.o
DMA_CH4_5_6_7_Handler                             startup.o
Default_Handler                                   startup.o
EXTI0_1_Handler                                   startup.o
EXTI2_3_Handler                                   startup.o
EXTI4_15_Handler                                  startup.o
FLASH_Handler                                     startup.o
GetBuf                                            serial.o
GetBufCount                                       serial.o
Hard_Fault_Handler                                startup.o
Hardware_Init                                     main.o
I2C1_Handler                                      startup.o
I2C2_Handler                                      startup.o
LPTIM1_Handler                                    startup.o
LPUART1_Handler                                   startup.o
NMI_Handler                                       startup.o
PVD_Handler                                       startup.o
PWM_Counter                                       main.o
PendSV_Handler                                    startup.o
PutBuf                                            serial.o
RCC_Handler                                       startup.o
RTC_Handler                                       startup.o
ReadCom                                           serial.o
ResetInit                                         startup.o
SPI1_Handler                                      startup.o
SPI2_Handler                                      startup.o
SVC_Handler                                       startup.o
SysTick_Handler                                   startup.o
TIM21_Handler                                     startup.o
TIM22_Handler                                     startup.o
TIM2_Handler                                      main.o
TIM6_Handler                                      startup.o
USART1_Handler                                    serial.o
USART2_Handler                                    startup.o
Vectors                                           startup.o
WWDG_Handler                                      startup.o
WriteCom                                          serial.o
_HeapStart                                        newlib_stubs.o
_StackTop                                         newlib_stubs.o
                                                  startup.o
__aeabi_idiv                                      C:\Program Files (x86)\Arm GNU Toolchain arm-none-eabi\13.2 Rel1\lib\gcc\arm-none-eabi\13.2.1\thumb\v6-m\nofp\libgcc.a(_divsi3.o)
                                                  C:\Program Files (x86)\Arm GNU Toolchain arm-none-eabi\13.2 Rel1\lib\gcc\arm-none-eabi\13.2.1\thumb\v6-m\nofp\libc_nano.a(libc_a-fvwrite.o)
                                                  serial.o
__aeabi_idiv0                                     C:\Program Files (x86)\Arm GNU Toolchain arm-none-eabi\13.2 Rel1\lib\gcc\arm-none-eabi\13.2.1\thumb\v6-m\nofp\libgcc.a(_dvmd_tls.o)
                                                  C:\Program Files (x86)\Arm GNU Toolchain arm-none-eabi\13.2 Rel1\lib\gcc\arm-none-eabi\13.2.1\thumb\v6-m\nofp\libgcc.a(_udivsi3.o)
                                                  C:\Program Files (x86)\Arm GNU Toolchain arm-none-eabi\13.2 Rel1\lib\gcc\arm-none-eabi\13.2.1\thumb\v6-m\nofp\libgcc.a(_divsi3.o)
__aeabi_idivmod                                   C:\Program Files (x86)\Arm GNU Toolchain arm-none-eabi\13.2 Rel1\lib\gcc\arm-none-eabi\13.2.1\thumb\v6-m\nofp\libgcc.a(_divsi3.o)
                                                  C:\Program Files (x86)\Arm GNU Toolchain arm-none-eabi\13.2 Rel1\lib\gcc\arm-none-eabi\13.2.1\thumb\v6-m\nofp\libc_nano.a(libc_a-fvwrite.o)
__aeabi_ldiv0                                     C:\Program Files (x86)\Arm GNU Toolchain arm-none-eabi\13.2 Rel1\lib\gcc\arm-none-eabi\13.2.1\thumb\v6-m\nofp\libgcc.a(_dvmd_tls.o)
__aeabi_uidiv                                     C:\Program Files (x86)\Arm GNU Toolchain arm-none-eabi\13.2 Rel1\lib\gcc\arm-none-eabi\13.2.1\thumb\v6-m\nofp\libgcc.a(_udivsi3.o)
__aeabi_uidivmod                                  C:\Program Files (x86)\Arm GNU Toolchain arm-none-eabi\13.2 Rel1\lib\gcc\arm-none-eabi\13.2.1\thumb\v6-m\nofp\libgcc.a(_udivsi3.o)
                                                  C:\Program Files (x86)\Arm GNU Toolchain arm-none-eabi\13.2 Rel1\lib\gcc\arm-none-eabi\13.2.1\thumb\v6-m\nofp\libc_nano.a(libc_a-nano-vfprintf_i.o)
                                                  C:\Program Files (x86)\Arm GNU Toolchain arm-none-eabi\13.2 Rel1\lib\gcc\arm-none-eabi\13.2.1\thumb\v6-m\nofp\libc_nano.a(libc_a-strtol.o)
__divsi3                                          C:\Program Files (x86)\Arm GNU Toolchain arm-none-eabi\13.2 Rel1\lib\gcc\arm-none-eabi\13.2.1\thumb\v6-m\nofp\libgcc.a(_divsi3.o)
__env                                             newlib_stubs.o
__errno                                           C:\Program Files (x86)\Arm GNU Toolchain arm-none-eabi\13.2 Rel1\lib\gcc\arm-none-eabi\13.2.1\thumb\v6-m\nofp\libc_nano.a(libc_a-errno.o)
                                                  C:\Program Files (x86)\Arm GNU Toolchain arm-none-eabi\13.2 Rel1\lib\gcc\arm-none-eabi\13.2.1\thumb\v6-m\nofp\libc_nano.a(libc_a-strtol.o)
__fp_lock_all                                     C:\Program Files (x86)\Arm GNU Toolchain arm-none-eabi\13.2 Rel1\lib\gcc\arm-none-eabi\13.2.1\thumb\v6-m\nofp\libc_nano.a(libc_a-findfp.o)
__fp_unlock_all                                   C:\Program Files (x86)\Arm GNU Toolchain arm-none-eabi\13.2 Rel1\lib\gcc\arm-none-eabi\13.2.1\thumb\v6-m\nofp\libc_nano.a(libc_a-findfp.o)
__gnu_thumb1_case_shi                             C:\Program Files (x86)\Arm GNU Toolchain arm-none-eabi\13.2 Rel1\lib\gcc\arm-none-eabi\13.2.1\thumb\v6-m\nofp\libgcc.a(_thumb1_case_shi.o)
                                                  C:\Program Files (x86)\Arm GNU Toolchain arm-none-eabi\13.2 Rel1\lib\gcc\arm-none-eabi\13.2.1\thumb\v6-m\nofp\libc_nano.a(libc_a-nano-vfprintf_i.o)
__init_array_end                                  startup.o
__init_array_start                                startup.o
__lock___arc4random_mutex                         C:\Program Files (x86)\Arm GNU Toolchain arm-none-eabi\13.2 Rel1\lib\gcc\arm-none-eabi\13.2.1\thumb\v6-m\nofp\libc_nano.a(libc_a-lock.o)
__lock___at_quick_exit_mutex                      C:\Program Files (x86)\Arm GNU Toolchain arm-none-eabi\13.2 Rel1\lib\gcc\arm-none-eabi\13.2.1\thumb\v6-m\nofp\libc_nano.a(libc_a-lock.o)
__lock___atexit_recursive_mutex                   C:\Program Files (x86)\Arm GNU Toolchain arm-none-eabi\13.2 Rel1\lib\gcc\arm-none-eabi\13.2.1\thumb\v6-m\nofp\libc_nano.a(libc_a-lock.o)
__lock___dd_hash_mutex                            C:\Program Files (x86)\Arm GNU Toolchain arm-none-eabi\13.2 Rel1\lib\gcc\arm-none-eabi\13.2.1\thumb\v6-m\nofp\libc_nano.a(libc_a-lock.o)
__lock___env_recursive_mutex                      C:\Program Files (x86)\Arm GNU Toolchain arm-none-eabi\13.2 Rel1\lib\gcc\arm-none-eabi\13.2.1\thumb\v6-m\nofp\libc_nano.a(libc_a-lock.o)
__lock___malloc_recursive_mutex                   C:\Program Files (x86)\Arm GNU Toolchain arm-none-eabi\13.2 Rel1\lib\gcc\arm-none-eabi\13.2.1\thumb\v6-m\nofp\libc_nano.a(libc_a-lock.o)
                                                  C:\Program Files (x86)\Arm GNU Toolchain arm-none-eabi\13.2 Rel1\lib\gcc\arm-none-eabi\13.2.1\thumb\v6-m\nofp\libc_nano.a(libc_a-mlock.o)
__lock___sfp_recursive_mutex                      C:\Program Files (x86)\Arm GNU Toolchain arm-none-eabi\13.2 Rel1\lib\gcc\arm-none-eabi\13.2.1\thumb\v6-m\nofp\libc_nano.a(libc_a-lock.o)
                                                  C:\Program Files (x86)\Arm GNU Toolchain arm-none-eabi\13.2 Rel1\lib\gcc\arm-none-eabi\13.2.1\thumb\v6-m\nofp\libc_nano.a(libc_a-findfp.o)
__lock___tz_mutex                                 C:\Program Files (x86)\Arm GNU Toolchain arm-none-eabi\13.2 Rel1\lib\gcc\arm-none-eabi\13.2.1\thumb\v6-m\nofp\libc_nano.a(libc_a-lock.o)
__malloc_free_list                                C:\Program Files (x86)\Arm GNU Toolchain arm-none-eabi\13.2 Rel1\lib\gcc\arm-none-eabi\13.2.1\thumb\v6-m\nofp\libc_nano.a(libc_a-mallocr.o)
                                                  C:\Program Files (x86)\Arm GNU Toolchain arm-none-eabi\13.2 Rel1\lib\gcc\arm-none-eabi\13.2.1\thumb\v6-m\nofp\libc_nano.a(libc_a-freer.o)
__malloc_lock                                     C:\Program Files (x86)\Arm GNU Toolchain arm-none-eabi\13.2 Rel1\lib\gcc\arm-none-eabi\13.2.1\thumb\v6-m\nofp\libc_nano.a(libc_a-mlock.o)
                                                  C:\Program Files (x86)\Arm GNU Toolchain arm-none-eabi\13.2 Rel1\lib\gcc\arm-none-eabi\13.2.1\thumb\v6-m\nofp\libc_nano.a(libc_a-mallocr.o)
                                                  C:\Program Files (x86)\Arm GNU Toolchain arm-none-eabi\13.2 Rel1\lib\gcc\arm-none-eabi\13.2.1\thumb\v6-m\nofp\libc_nano.a(libc_a-freer.o)
__malloc_sbrk_start                               C:\Program Files (x86)\Arm GNU Toolchain arm-none-eabi\13.2 Rel1\lib\gcc\arm-none-eabi\13.2.1\thumb\v6-m\nofp\libc_nano.a(libc_a-mallocr.o)
__malloc_unlock                                   C:\Program Files (x86)\Arm GNU Toolchain arm-none-eabi\13.2 Rel1\lib\gcc\arm-none-eabi\13.2.1\thumb\v6-m\nofp\libc_nano.a(libc_a-mlock.o)
                                                  C:\Program Files (x86)\Arm GNU Toolchain arm-none-eabi\13.2 Rel1\lib\gcc\arm-none-eabi\13.2.1\thumb\v6-m\nofp\libc_nano.a(libc_a-mallocr.o)
                                                  C:\Program Files (x86)\Arm GNU Toolchain arm-none-eabi\13.2 Rel1\lib\gcc\arm-none-eabi\13.2.1\thumb\v6-m\nofp\libc_nano.a(libc_a-freer.o)
__retarget_lock_acquire                           C:\Program Files (x86)\Arm GNU Toolchain arm-none-eabi\13.2 Rel1\lib\gcc\arm-none-eabi\13.2.1\thumb\v6-m\nofp\libc_nano.a(libc_a-lock.o)
__retarget_lock_acquire_recursive                 C:\Program Files (x86)\Arm GNU Toolchain arm-none-eabi\13.2 Rel1\lib\gcc\arm-none-eabi\13.2.1\thumb\v6-m\nofp\libc_nano.a(libc_a-lock.o)
                                                  C:\Program Files (x86)\Arm GNU Toolchain arm-none-eabi\13.2 Rel1\lib\gcc\arm-none-eabi\13.2.1\thumb\v6-m\nofp\libc_nano.a(libc_a-nano-vfprintf.o)
                                                  C:\Program Files (x86)\Arm GNU Toolchain arm-none-eabi\13.2 Rel1\lib\gcc\arm-none-eabi\13.2.1\thumb\v6-m\nofp\libc_nano.a(libc_a-mlock.o)
                                                  C:\Program Files (x86)\Arm GNU Toolchain arm-none-eabi\13.2 Rel1\lib\gcc\arm-none-eabi\13.2.1\thumb\v6-m\nofp\libc_nano.a(libc_a-puts.o)
                                                  C:\Program Files (x86)\Arm GNU Toolchain arm-none-eabi\13.2 Rel1\lib\gcc\arm-none-eabi\13.2.1\thumb\v6-m\nofp\libc_nano.a(libc_a-findfp.o)
                                                  C:\Program Files (x86)\Arm GNU Toolchain arm-none-eabi\13.2 Rel1\lib\gcc\arm-none-eabi\13.2.1\thumb\v6-m\nofp\libc_nano.a(libc_a-fflush.o)
__retarget_lock_close                             C:\Program Files (x86)\Arm GNU Toolchain arm-none-eabi\13.2 Rel1\lib\gcc\arm-none-eabi\13.2.1\thumb\v6-m\nofp\libc_nano.a(libc_a-lock.o)
__retarget_lock_close_recursive                   C:\Program Files (x86)\Arm GNU Toolchain arm-none-eabi\13.2 Rel1\lib\gcc\arm-none-eabi\13.2.1\thumb\v6-m\nofp\libc_nano.a(libc_a-lock.o)
__retarget_lock_init                              C:\Program Files (x86)\Arm GNU Toolchain arm-none-eabi\13.2 Rel1\lib\gcc\arm-none-eabi\13.2.1\thumb\v6-m\nofp\libc_nano.a(libc_a-lock.o)
__retarget_lock_init_recursive                    C:\Program Files (x86)\Arm GNU Toolchain arm-none-eabi\13.2 Rel1\lib\gcc\arm-none-eabi\13.2.1\thumb\v6-m\nofp\libc_nano.a(libc_a-lock.o)
                                                  C:\Program Files (x86)\Arm GNU Toolchain arm-none-eabi\13.2 Rel1\lib\gcc\arm-none-eabi\13.2.1\thumb\v6-m\nofp\libc_nano.a(libc_a-findfp.o)
__retarget_lock_release                           C:\Program Files (x86)\Arm GNU Toolchain arm-none-eabi\13.2 Rel1\lib\gcc\arm-none-eabi\13.2.1\thumb\v6-m\nofp\libc_nano.a(libc_a-lock.o)
__retarget_lock_release_recursive                 C:\Program Files (x86)\Arm GNU Toolchain arm-none-eabi\13.2 Rel1\lib\gcc\arm-none-eabi\13.2.1\thumb\v6-m\nofp\libc_nano.a(libc_a-lock.o)
                                                  C:\Program Files (x86)\Arm GNU Toolchain arm-none-eabi\13.2 Rel1\lib\gcc\arm-none-eabi\13.2.1\thumb\v6-m\nofp\libc_nano.a(libc_a-nano-vfprintf.o)
                                                  C:\Program Files (x86)\Arm GNU Toolchain arm-none-eabi\13.2 Rel1\lib\gcc\arm-none-eabi\13.2.1\thumb\v6-m\nofp\libc_nano.a(libc_a-mlock.o)
                                                  C:\Program Files (x86)\Arm GNU Toolchain arm-none-eabi\13.2 Rel1\lib\gcc\arm-none-eabi\13.2.1\thumb\v6-m\nofp\libc_nano.a(libc_a-puts.o)
                                                  C:\Program Files (x86)\Arm GNU Toolchain arm-none-eabi\13.2 Rel1\lib\gcc\arm-none-eabi\13.2.1\thumb\v6-m\nofp\libc_nano.a(libc_a-findfp.o)
                                                  C:\Program Files (x86)\Arm GNU Toolchain arm-none-eabi\13.2 Rel1\lib\gcc\arm-none-eabi\13.2.1\thumb\v6-m\nofp\libc_nano.a(libc_a-fflush.o)
__retarget_lock_try_acquire                       C:\Program Files (x86)\Arm GNU Toolchain arm-none-eabi\13.2 Rel1\lib\gcc\arm-none-eabi\13.2.1\thumb\v6-m\nofp\libc_nano.a(libc_a-lock.o)
__retarget_lock_try_acquire_recursive             C:\Program Files (x86)\Arm GNU Toolchain arm-none-eabi\13.2 Rel1\lib\gcc\arm-none-eabi\13.2.1\thumb\v6-m\nofp\libc_nano.a(libc_a-lock.o)
__sclose                                          C:\Program Files (x86)\Arm GNU Toolchain arm-none-eabi\13.2 Rel1\lib\gcc\arm-none-eabi\13.2.1\thumb\v6-m\nofp\libc_nano.a(libc_a-stdio.o)
                                                  C:\Program Files (x86)\Arm GNU Toolchain arm-none-eabi\13.2 Rel1\lib\gcc\arm-none-eabi\13.2.1\thumb\v6-m\nofp\libc_nano.a(libc_a-findfp.o)
__seofread                                        C:\Program Files (x86)\Arm GNU Toolchain arm-none-eabi\13.2 Rel1\lib\gcc\arm-none-eabi\13.2.1\thumb\v6-m\nofp\libc_nano.a(libc_a-stdio.o)
__sf                                              C:\Program Files (x86)\Arm GNU Toolchain arm-none-eabi\13.2 Rel1\lib\gcc\arm-none-eabi\13.2.1\thumb\v6-m\nofp\libc_nano.a(libc_a-findfp.o)
                                                  C:\Program Files (x86)\Arm GNU Toolchain arm-none-eabi\13.2 Rel1\lib\gcc\arm-none-eabi\13.2.1\thumb\v6-m\nofp\libc_nano.a(libc_a-impure.o)
__sflush_r                                        C:\Program Files (x86)\Arm GNU Toolchain arm-none-eabi\13.2 Rel1\lib\gcc\arm-none-eabi\13.2.1\thumb\v6-m\nofp\libc_nano.a(libc_a-fflush.o)
__sfp                                             C:\Program Files (x86)\Arm GNU Toolchain arm-none-eabi\13.2 Rel1\lib\gcc\arm-none-eabi\13.2.1\thumb\v6-m\nofp\libc_nano.a(libc_a-findfp.o)
__sfp_lock_acquire                                C:\Program Files (x86)\Arm GNU Toolchain arm-none-eabi\13.2 Rel1\lib\gcc\arm-none-eabi\13.2.1\thumb\v6-m\nofp\libc_nano.a(libc_a-findfp.o)
__sfp_lock_release                                C:\Program Files (x86)\Arm GNU Toolchain arm-none-eabi\13.2 Rel1\lib\gcc\arm-none-eabi\13.2.1\thumb\v6-m\nofp\libc_nano.a(libc_a-findfp.o)
__sfputs_r                                        C:\Program Files (x86)\Arm GNU Toolchain arm-none-eabi\13.2 Rel1\lib\gcc\arm-none-eabi\13.2.1\thumb\v6-m\nofp\libc_nano.a(libc_a-nano-vfprintf.o)
__sfvwrite_r                                      C:\Program Files (x86)\Arm GNU Toolchain arm-none-eabi\13.2 Rel1\lib\gcc\arm-none-eabi\13.2.1\thumb\v6-m\nofp\libc_nano.a(libc_a-fvwrite.o)
                                                  C:\Program Files (x86)\Arm GNU Toolchain arm-none-eabi\13.2 Rel1\lib\gcc\arm-none-eabi\13.2.1\thumb\v6-m\nofp\libc_nano.a(libc_a-nano-vfprintf.o)
__sglue                                           C:\Program Files (x86)\Arm GNU Toolchain arm-none-eabi\13.2 Rel1\lib\gcc\arm-none-eabi\13.2.1\thumb\v6-m\nofp\libc_nano.a(libc_a-findfp.o)
                                                  C:\Program Files (x86)\Arm GNU Toolchain arm-none-eabi\13.2 Rel1\lib\gcc\arm-none-eabi\13.2.1\thumb\v6-m\nofp\libc_nano.a(libc_a-fflush.o)
__sinit                                           C:\Program Files (x86)\Arm GNU Toolchain arm-none-eabi\13.2 Rel1\lib\gcc\arm-none-eabi\13.2.1\thumb\v6-m\nofp\libc_nano.a(libc_a-findfp.o)
                                                  C:\Program Files (x86)\Arm GNU Toolchain arm-none-eabi\13.2 Rel1\lib\gcc\arm-none-eabi\13.2.1\thumb\v6-m\nofp\libc_nano.a(libc_a-nano-vfprintf.o)
                                                  C:\Program Files (x86)\Arm GNU Toolchain arm-none-eabi\13.2 Rel1\lib\gcc\arm-none-eabi\13.2.1\thumb\v6-m\nofp\libc_nano.a(libc_a-wsetup.o)
                                                  C:\Program Files (x86)\Arm GNU Toolchain arm-none-eabi\13.2 Rel1\lib\gcc\arm-none-eabi\13.2.1\thumb\v6-m\nofp\libc_nano.a(libc_a-wbuf.o)
                                                  C:\Program Files (x86)\Arm GNU Toolchain arm-none-eabi\13.2 Rel1\lib\gcc\arm-none-eabi\13.2.1\thumb\v6-m\nofp\libc_nano.a(libc_a-puts.o)
                                                  C:\Program Files (x86)\Arm GNU Toolchain arm-none-eabi\13.2 Rel1\lib\gcc\arm-none-eabi\13.2.1\thumb\v6-m\nofp\libc_nano.a(libc_a-fflush.o)
__smakebuf_r                                      C:\Program Files (x86)\Arm GNU Toolchain arm-none-eabi\13.2 Rel1\lib\gcc\arm-none-eabi\13.2.1\thumb\v6-m\nofp\libc_nano.a(libc_a-makebuf.o)
                                                  C:\Program Files (x86)\Arm GNU Toolchain arm-none-eabi\13.2 Rel1\lib\gcc\arm-none-eabi\13.2.1\thumb\v6-m\nofp\libc_nano.a(libc_a-wsetup.o)
__sprint_r                                        C:\Program Files (x86)\Arm GNU Toolchain arm-none-eabi\13.2 Rel1\lib\gcc\arm-none-eabi\13.2.1\thumb\v6-m\nofp\libc_nano.a(libc_a-nano-vfprintf.o)
__sread                                           C:\Program Files (x86)\Arm GNU Toolchain arm-none-eabi\13.2 Rel1\lib\gcc\arm-none-eabi\13.2.1\thumb\v6-m\nofp\libc_nano.a(libc_a-stdio.o)
                                                  C:\Program Files (x86)\Arm GNU Toolchain arm-none-eabi\13.2 Rel1\lib\gcc\arm-none-eabi\13.2.1\thumb\v6-m\nofp\libc_nano.a(libc_a-findfp.o)
__sseek                                           C:\Program Files (x86)\Arm GNU Toolchain arm-none-eabi\13.2 Rel1\lib\gcc\arm-none-eabi\13.2.1\thumb\v6-m\nofp\libc_nano.a(libc_a-stdio.o)
                                                  C:\Program Files (x86)\Arm GNU Toolchain arm-none-eabi\13.2 Rel1\lib\gcc\arm-none-eabi\13.2.1\thumb\v6-m\nofp\libc_nano.a(libc_a-findfp.o)
__stdio_exit_handler                              C:\Program Files (x86)\Arm GNU Toolchain arm-none-eabi\13.2 Rel1\lib\gcc\arm-none-eabi\13.2.1\thumb\v6-m\nofp\libc_nano.a(libc_a-findfp.o)
__swbuf                                           C:\Program Files (x86)\Arm GNU Toolchain arm-none-eabi\13.2 Rel1\lib\gcc\arm-none-eabi\13.2.1\thumb\v6-m\nofp\libc_nano.a(libc_a-wbuf.o)
__swbuf_r                                         C:\Program Files (x86)\Arm GNU Toolchain arm-none-eabi\13.2 Rel1\lib\gcc\arm-none-eabi\13.2.1\thumb\v6-m\nofp\libc_nano.a(libc_a-wbuf.o)
                                                  C:\Program Files (x86)\Arm GNU Toolchain arm-none-eabi\13.2 Rel1\lib\gcc\arm-none-eabi\13.2.1\thumb\v6-m\nofp\libc_nano.a(libc_a-nano-vfprintf.o)
                                                  C:\Program Files (x86)\Arm GNU Toolchain arm-none-eabi\13.2 Rel1\lib\gcc\arm-none-eabi\13.2.1\thumb\v6-m\nofp\libc_nano.a(libc_a-puts.o)
__swhatbuf_r                                      C:\Program Files (x86)\Arm GNU Toolchain arm-none-eabi\13.2 Rel1\lib\gcc\arm-none-eabi\13.2.1\thumb\v6-m\nofp\libc_nano.a(libc_a-makebuf.o)
__swrite                                          C:\Program Files (x86)\Arm GNU Toolchain arm-none-eabi\13.2 Rel1\lib\gcc\arm-none-eabi\13.2.1\thumb\v6-m\nofp\libc_nano.a(libc_a-stdio.o)
                                                  C:\Program Files (x86)\Arm GNU Toolchain arm-none-eabi\13.2 Rel1\lib\gcc\arm-none-eabi\13.2.1\thumb\v6-m\nofp\libc_nano.a(libc_a-findfp.o)
__swsetup_r                                       C:\Program Files (x86)\Arm GNU Toolchain arm-none-eabi\13.2 Rel1\lib\gcc\arm-none-eabi\13.2.1\thumb\v6-m\nofp\libc_nano.a(libc_a-wsetup.o)
                                                  C:\Program Files (x86)\Arm GNU Toolchain arm-none-eabi\13.2 Rel1\lib\gcc\arm-none-eabi\13.2.1\thumb\v6-m\nofp\libc_nano.a(libc_a-fvwrite.o)
                                                  C:\Program Files (x86)\Arm GNU Toolchain arm-none-eabi\13.2 Rel1\lib\gcc\arm-none-eabi\13.2.1\thumb\v6-m\nofp\libc_nano.a(libc_a-nano-vfprintf.o)
                                                  C:\Program Files (x86)\Arm GNU Toolchain arm-none-eabi\13.2 Rel1\lib\gcc\arm-none-eabi\13.2.1\thumb\v6-m\nofp\libc_nano.a(libc_a-wbuf.o)
                                                  C:\Program Files (x86)\Arm GNU Toolchain arm-none-eabi\13.2 Rel1\lib\gcc\arm-none-eabi\13.2.1\thumb\v6-m\nofp\libc_nano.a(libc_a-puts.o)
__udivsi3                                         C:\Program Files (x86)\Arm GNU Toolchain arm-none-eabi\13.2 Rel1\lib\gcc\arm-none-eabi\13.2.1\thumb\v6-m\nofp\libgcc.a(_udivsi3.o)
_atoi_r                                           C:\Program Files (x86)\Arm GNU Toolchain arm-none-eabi\13.2 Rel1\lib\gcc\arm-none-eabi\13.2.1\thumb\v6-m\nofp\libc_nano.a(libc_a-atoi.o)
_close                                            newlib_stubs.o
                                                  C:\Program Files (x86)\Arm GNU Toolchain arm-none-eabi\13.2 Rel1\lib\gcc\arm-none-eabi\13.2.1\thumb\v6-m\nofp\libc_nano.a(libc_a-closer.o)
_close_r                                          C:\Program Files (x86)\Arm GNU Toolchain arm-none-eabi\13.2 Rel1\lib\gcc\arm-none-eabi\13.2.1\thumb\v6-m\nofp\libc_nano.a(libc_a-closer.o)
                                                  C:\Program Files (x86)\Arm GNU Toolchain arm-none-eabi\13.2 Rel1\lib\gcc\arm-none-eabi\13.2.1\thumb\v6-m\nofp\libc_nano.a(libc_a-stdio.o)
_ctype_                                           C:\Program Files (x86)\Arm GNU Toolchain arm-none-eabi\13.2 Rel1\lib\gcc\arm-none-eabi\13.2.1\thumb\v6-m\nofp\libc_nano.a(libc_a-ctype_.o)
                                                  C:\Program Files (x86)\Arm GNU Toolchain arm-none-eabi\13.2 Rel1\lib\gcc\arm-none-eabi\13.2.1\thumb\v6-m\nofp\libc_nano.a(libc_a-strtol.o)
_data                                             startup.o
_ebss                                             startup.o
_edata                                            startup.o
_etext                                            startup.o
_execve                                           newlib_stubs.o
_exit                                             newlib_stubs.o
_fflush_r                                         C:\Program Files (x86)\Arm GNU Toolchain arm-none-eabi\13.2 Rel1\lib\gcc\arm-none-eabi\13.2.1\thumb\v6-m\nofp\libc_nano.a(libc_a-fflush.o)
                                                  C:\Program Files (x86)\Arm GNU Toolchain arm-none-eabi\13.2 Rel1\lib\gcc\arm-none-eabi\13.2.1\thumb\v6-m\nofp\libc_nano.a(libc_a-fvwrite.o)
                                                  C:\Program Files (x86)\Arm GNU Toolchain arm-none-eabi\13.2 Rel1\lib\gcc\arm-none-eabi\13.2.1\thumb\v6-m\nofp\libc_nano.a(libc_a-wbuf.o)
                                                  C:\Program Files (x86)\Arm GNU Toolchain arm-none-eabi\13.2 Rel1\lib\gcc\arm-none-eabi\13.2.1\thumb\v6-m\nofp\libc_nano.a(libc_a-findfp.o)
_fork                                             newlib_stubs.o
_free_r                                           C:\Program Files (x86)\Arm GNU Toolchain arm-none-eabi\13.2 Rel1\lib\gcc\arm-none-eabi\13.2.1\thumb\v6-m\nofp\libc_nano.a(libc_a-freer.o)
                                                  C:\Program Files (x86)\Arm GNU Toolchain arm-none-eabi\13.2 Rel1\lib\gcc\arm-none-eabi\13.2.1\thumb\v6-m\nofp\libc_nano.a(libc_a-reallocr.o)
                                                  C:\Program Files (x86)\Arm GNU Toolchain arm-none-eabi\13.2 Rel1\lib\gcc\arm-none-eabi\13.2.1\thumb\v6-m\nofp\libc_nano.a(libc_a-fvwrite.o)
                                                  C:\Program Files (x86)\Arm GNU Toolchain arm-none-eabi\13.2 Rel1\lib\gcc\arm-none-eabi\13.2.1\thumb\v6-m\nofp\libc_nano.a(libc_a-wsetup.o)
                                                  C:\Program Files (x86)\Arm GNU Toolchain arm-none-eabi\13.2 Rel1\lib\gcc\arm-none-eabi\13.2.1\thumb\v6-m\nofp\libc_nano.a(libc_a-fflush.o)
_fstat                                            newlib_stubs.o