Modules linked:
   'Controller' from 'Controller.obj'
   'gptrget' from 'C:\call51\bin64\..\lib\small\libc51.lib'
   'divulong' from 'C:\call51\bin64\..\lib\small\liblong.lib'
   'sscanf' from 'C:\call51\bin64\..\lib\small\libc51.lib'
   'uint2fs' from 'C:\call51\bin64\..\lib\small\libfloat.lib'
   'fsgt' from 'C:\call51\bin64\..\lib\small\libfloat.lib'
   'fs2sint' from 'C:\call51\bin64\..\lib\small\libfloat.lib'
   'fslt' from 'C:\call51\bin64\..\lib\small\libfloat.lib'
   'fsmul' from 'C:\call51\bin64\..\lib\small\libfloat.lib'
   'abs' from 'C:\call51\bin64\..\lib\small\libc51.lib'
   'mulint' from 'C:\call51\bin64\..\lib\small\libint.lib'
   'fsadd' from 'C:\call51\bin64\..\lib\small\libfloat.lib'
   'vprintf' from 'C:\call51\bin64\..\lib\small\libc51.lib'
   'getchar' from 'C:\call51\bin64\..\lib\small\libc51.lib'
   'gptrput' from 'C:\call51\bin64\..\lib\small\libc51.lib'
   'divsint' from 'C:\call51\bin64\..\lib\small\libint.lib'
   'sprintf' from 'C:\call51\bin64\..\lib\small\libc51.lib'
   'fssub' from 'C:\call51\bin64\..\lib\small\libfloat.lib'
   'crt0' from 'C:\call51\bin64\..\lib\small\libc51.lib'
   'sint2fs' from 'C:\call51\bin64\..\lib\small\libfloat.lib'
   'fsdiv' from 'C:\call51\bin64\..\lib\small\libfloat.lib'
   'divuint' from 'C:\call51\bin64\..\lib\small\libint.lib'
   'bp' from 'C:\call51\bin64\..\lib\small\libc51.lib'
   'scan_format' from 'C:\call51\bin64\..\lib\small\libc51.lib'
   'ulong2fs' from 'C:\call51\bin64\..\lib\small\libfloat.lib'
   'fscmp' from 'C:\call51\bin64\..\lib\small\libfloat.lib'
   'fs2slong' from 'C:\call51\bin64\..\lib\small\libfloat.lib'
   'fsreturnval' from 'C:\call51\bin64\..\lib\small\libfloat.lib'
   'fsnormalize' from 'C:\call51\bin64\..\lib\small\libfloat.lib'
   'fsget2args' from 'C:\call51\bin64\..\lib\small\libfloat.lib'
   'fsswapargs' from 'C:\call51\bin64\..\lib\small\libfloat.lib'
   'fsrshift' from 'C:\call51\bin64\..\lib\small\libfloat.lib'
   'print_format' from 'C:\call51\bin64\..\lib\small\libc51.lib'
   'putchar' from 'C:\call51\bin64\..\lib\small\libc51.lib'
   'slong2fs' from 'C:\call51\bin64\..\lib\small\libfloat.lib'
   'mullong' from 'C:\call51\bin64\..\lib\small\liblong.lib'
   'c51_call_dptr' from 'C:\call51\bin64\..\lib\small\libc51.lib'
   'taos' from 'C:\call51\bin64\..\lib\small\libc51.lib'
   'fsget1arg' from 'C:\call51\bin64\..\lib\small\libfloat.lib'
   'strlen' from 'C:\call51\bin64\..\lib\small\libc51.lib'

Memory use per module linked:
C:04996 D:073 I:052 B:001 X:00020 - Controller
C:00028 D:000 I:000 B:000 X:00000 - gptrget
C:00101 D:004 I:000 B:000 X:00000 - divulong
C:00100 D:007 I:000 B:000 X:00000 - sscanf
C:00012 D:000 I:000 B:000 X:00000 - uint2fs
C:00048 D:000 I:000 B:000 X:00000 - fsgt
C:00052 D:000 I:000 B:000 X:00000 - fs2sint
C:00048 D:000 I:000 B:000 X:00000 - fslt
C:00163 D:000 I:000 B:000 X:00000 - fsmul
C:00015 D:000 I:000 B:000 X:00000 - abs
C:00029 D:002 I:000 B:000 X:00000 - mulint
C:00089 D:000 I:000 B:000 X:00000 - fsadd
C:00054 D:001 I:000 B:000 X:00000 - vprintf
C:00019 D:000 I:000 B:000 X:00000 - getchar
C:00025 D:001 I:000 B:000 X:00000 - gptrput
C:00056 D:000 I:000 B:000 X:00000 - divsint
C:00149 D:007 I:000 B:000 X:00000 - sprintf
C:00011 D:000 I:000 B:000 X:00000 - fssub
C:00113 D:000 I:000 B:000 X:00000 - crt0
C:00013 D:000 I:000 B:000 X:00000 - sint2fs
C:00287 D:004 I:000 B:000 X:00000 - fsdiv
C:00041 D:002 I:000 B:000 X:00000 - divuint
C:00000 D:001 I:000 B:000 X:00000 - bp
C:01464 D:023 I:000 B:007 X:00000 - scan_format
C:00019 D:000 I:000 B:000 X:00000 - ulong2fs
C:00073 D:000 I:000 B:000 X:00000 - fscmp
C:00091 D:000 I:000 B:000 X:00000 - fs2slong
C:00079 D:000 I:000 B:000 X:00000 - fsreturnval
C:00051 D:000 I:000 B:000 X:00000 - fsnormalize
C:00046 D:000 I:000 B:000 X:00000 - fsget2args
C:00026 D:000 I:000 B:000 X:00000 - fsswapargs
C:00067 D:000 I:000 B:000 X:00000 - fsrshift
C:01579 D:021 I:006 B:014 X:00000 - print_format
C:00021 D:000 I:000 B:000 X:00000 - putchar
C:00045 D:000 I:000 B:000 X:00000 - slong2fs
C:00110 D:004 I:000 B:000 X:00000 - mullong
C:00002 D:000 I:000 B:000 X:00000 - c51_call_dptr
C:00000 D:000 I:016 B:000 X:00000 - taos
C:00018 D:000 I:000 B:000 X:00000 - fsget1arg
C:00040 D:000 I:000 B:000 X:00000 - strlen
C:00004 D:000 I:000 B:000 X:00000 - ABSOLUTE
------------------------------------------------------
C:10184 D:150 I:074 B:022 X:00020 - Totals

INTERMAL RAM map (see legend below):
00: 0 0 0 0 0 0 0 0 a a a a a a a b 
10: d d d d d d d e g g g g . . . . 
20: B B B c c c c c c c c c c c c c 
30: c c c c c c c c c c c c c c c c 
40: c c c c c c c c c c c c c c c c 
50: c c c c c c c c c c c c c c c c 
60: c c c c c c c c f f f f f f f f 
70: f f f f f f f f f f f f f f f h 
80: h h h h h h h h h h h h h h h h 
90: h h h h h h h h h h h h h h h h 
A0: h h h h h h h h h h h h h h h h 
B0: h h h h h h h h h h h h h h h h 
C0: h h h h h h h h h . . . . . . . 
D0: . . . . . . . . . . . . . . . . 
E0: . . . . . . . . . . . . . . . . 
F0: . . . . . . . . . . . . . . . . 

Legend:
	0: Register bank 0
	1: Register bank 1
	2: Register bank 2
	3: Register bank 3
	B: bits (see 'BIT map' below)
	a: sscanf:R_DSEG
	b: bp:R_DSEG
	c: Controller:R_DSEG
	d: sprintf:R_DSEG
	e: vprintf:R_DSEG
	f: ?lib?dseg?1
	g: R_OSEG
	h: R_ISEG

BIT map:
00: U U U U U U U U U U U U U U U U 
10: U U U U U U . . . . . . . . . . 
20: . . . . . . . . . . . . . . . . 
30: . . . . . . . . . . . . . . . . 
40: . . . . . . . . . . . . . . . . 
50: . . . . . . . . . . . . . . . . 
60: . . . . . . . . . . . . . . . . 
70: . . . . . . . . . . . . . . . . 

CODE usage map:
0000: 256 256 256 256 256 256 256 256 256 256 256 256 256 256 256 256 
1000: 256 256 256 256 256 256 256 256 256 256 256 256 256 256 256 256 
2000: 256 256 256 256 256 256 256 200 000 000 000 000 000 000 000 000 
3000: 000 000 000 000 000 000 000 000 000 000 000 000 000 000 000 000 
4000: 000 000 000 000 000 000 000 000 000 000 000 000 000 000 000 000 
5000: 000 000 000 000 000 000 000 000 000 000 000 000 000 000 000 000 
6000: 000 000 000 000 000 000 000 000 000 000 000 000 000 000 000 000 
7000: 000 000 000 000 000 000 000 000 000 000 000 000 000 000 000 000 
8000: 000 000 000 000 000 000 000 000 000 000 000 000 000 000 000 000 
9000: 000 000 000 000 000 000 000 000 000 000 000 000 000 000 000 000 
A000: 000 000 000 000 000 000 000 000 000 000 000 000 000 000 000 000 
B000: 000 000 000 000 000 000 000 000 000 000 000 000 000 000 000 000 
C000: 000 000 000 000 000 000 000 000 000 000 000 000 000 000 000 000 
D000: 000 000 000 000 000 000 000 000 000 000 000 000 000 000 000 000 
E000: 000 000 000 000 000 000 000 000 000 000 000 000 000 000 000 000 
F000: 000 000 000 000 000 000 000 000 000 000 000 000 000 000 000 000 
Total: 10184 bytes

XDATA usage map:
0000: 020 000 000 000 000 000 000 000 000 000 000 000 000 000 000 000 
1000: 000 000 000 000 000 000 000 000 000 000 000 000 000 000 000 000 
2000: 000 000 000 000 000 000 000 000 000 000 000 000 000 000 000 000 
3000: 000 000 000 000 000 000 000 000 000 000 000 000 000 000 000 000 
4000: 000 000 000 000 000 000 000 000 000 000 000 000 000 000 000 000 
5000: 000 000 000 000 000 000 000 000 000 000 000 000 000 000 000 000 
6000: 000 000 000 000 000 000 000 000 000 000 000 000 000 000 000 000 
7000: 000 000 000 000 000 000 000 000 000 000 000 000 000 000 000 000 
8000: 000 000 000 000 000 000 000 000 000 000 000 000 000 000 000 000 
9000: 000 000 000 000 000 000 000 000 000 000 000 000 000 000 000 000 
A000: 000 000 000 000 000 000 000 000 000 000 000 000 000 000 000 000 
B000: 000 000 000 000 000 000 000 000 000 000 000 000 000 000 000 000 
C000: 000 000 000 000 000 000 000 000 000 000 000 000 000 000 000 000 
D000: 000 000 000 000 000 000 000 000 000 000 000 000 000 000 000 000 
E000: 000 000 000 000 000 000 000 000 000 000 000 000 000 000 000 000 
F000: 000 000 000 000 000 000 000 000 000 000 000 000 000 000 000 000 
Total: 20 bytes

Base Segments:
   ?lib?dseg?1=D:0068, size=0017
   BIT_BANK=D:0000, size=0000
   R_BSEG=B:0000, size=0016
   R_CONST=C:0074, size=00FD
   R_CSEG=C:0177, size=2651
   R_DINIT=C:0171, size=0005
   R_DSEG=D:0000, size=0055
   R_GSINIT=C:0003, size=0071
   R_HOME=C:0000, size=0000
   R_ISEG=I:007F, size=004A
   R_IXSEG=X:0000, size=0000
   R_OSEG=D:0018, size=0004
   R_PSEG=X:0000, size=0000
   R_XINIT=C:0000, size=0000
   R_XSEG=X:0000, size=0014
   rbank0=D:0000, size=0008

Module Segments:
   CSEG=C:0000, size=0004
   Controller:R_BSEG=B:0000, size=0001
   Controller:R_CONST=C:0074, size=00F2
   Controller:R_CSEG=C:0177, size=128D
   Controller:R_DINIT=C:0171, size=0005
   Controller:R_DSEG=D:0023, size=0045
   Controller:R_ISEG=I:007F, size=0034
   Controller:R_OSEG=D:0018, size=0004
   Controller:R_XSEG=X:0000, size=0014
   abs:R_CSEG=C:162C, size=000F
   bp:R_DSEG=D:000F, size=0001
   c51_call_dptr:R_CSEG=C:278C, size=0002
   crt0:R_GSINIT=C:0003, size=0071
   divsint:R_CSEG=C:1713, size=0038
   divuint:R_CSEG=C:1917, size=0029
   divuint:R_OSEG=D:0018, size=0002
   divulong:R_CSEG=C:1420, size=0065
   divulong:R_OSEG=D:0018, size=0004
   fs2sint:R_CSEG=C:1525, size=0034
   fs2slong:R_CSEG=C:1F54, size=005B
   fsadd:R_CSEG=C:1658, size=0059
   fscmp:R_CSEG=C:1F0B, size=0049
   fsdiv:R_CSEG=C:17F8, size=011F
   fsdiv:R_OSEG=D:0018, size=0004
   fsget1arg:R_CSEG=C:278E, size=0012
   fsget2args:R_CSEG=C:2031, size=002E
   fsgt:R_CSEG=C:14F5, size=0030
   fslt:R_CSEG=C:1559, size=0030
   fsmul:R_CSEG=C:1589, size=00A3
   fsnormalize:R_CSEG=C:1FFE, size=0033
   fsreturnval:R_CSEG=C:1FAF, size=004F
   fsrshift:R_CSEG=C:2079, size=0043
   fssub:R_CSEG=C:17E0, size=000B
   fsswapargs:R_CSEG=C:205F, size=001A
   getchar:R_CSEG=C:16E7, size=0013
   gptrget:R_CSEG=C:1404, size=001C
   gptrput:R_CSEG=C:16FA, size=0019
   gptrput:R_OSEG=D:0018, size=0001
   mulint:R_CSEG=C:163B, size=001D
   mulint:R_OSEG=D:0018, size=0002
   mullong:R_CSEG=C:271E, size=006E
   mullong:R_OSEG=D:0018, size=0004
   print_format:?lib?dseg?1=D:0068, size=0015
   print_format:R_BSEG=B:0008, size=000E
   print_format:R_CONST=C:0166, size=000B
   print_format:R_CSEG=C:20BC, size=0620
   print_format:R_ISEG=I:00B3, size=0006
   putchar:R_CSEG=C:26DC, size=0015
   scan_format:?lib?dseg?1=D:0068, size=0017
   scan_format:R_BSEG=B:0001, size=0007
   scan_format:R_CSEG=C:1940, size=05B8
   sint2fs:R_CSEG=C:17EB, size=000D
   slong2fs:R_CSEG=C:26F1, size=002D
   sprintf:R_CSEG=C:174B, size=0095
   sprintf:R_DSEG=D:0010, size=0007
   sscanf:R_CSEG=C:1485, size=0064
   sscanf:R_DSEG=D:0008, size=0007
   strlen:R_CSEG=C:27A0, size=0028
   taos:R_ISEG=I:00B9, size=0010
   uint2fs:R_CSEG=C:14E9, size=000C
   ulong2fs:R_CSEG=C:1EF8, size=0013
   vprintf:R_CSEG=C:16B1, size=0036
   vprintf:R_DSEG=D:0017, size=0001

Public symbols:
   _?lib?dseg?1_size=L:0017
   _?lib?dseg?1_start=L:0068
   _ADC_at_Pin=C:026A
   _Check_Joystick_Button=C:06D5
   _Controller_R_DSEG_size=L:0045
   _Controller_R_DSEG_start=L:0023
   _Generate_Motor_Command=C:06EF
   _Generate_Motor_Command_PARM_2=D:0024
   _Generate_Motor_Command_PARM_3=D:0026
   _Generate_Pivot_Command=C:0C3C
   _Generate_Pivot_Command_PARM_2=D:0018
   _Generate_Pivot_Command_PARM_3=D:001A
   _InitADC=C:01EA
   _InitPinADC=C:0204
   _InitPinADC_PARM_2=D:0023
   _LCD_4BIT=C:0F65
   _LCD_byte=C:0F11
   _LCD_pulse=C:0F06
   _LCDprint=C:0F97
   _LCDprint_PARM_2=D:0044
   _LCDprint_PARM_3=B:0000
   _Package_Signed_int=C:0559
   _RXU1=C:0489
   _R_BSEG_size=L:0016
   _R_BSEG_start=L:0000
   _R_CONST_size=L:00FD
   _R_CONST_start=L:0074
   _R_CSEG_size=L:2651
   _R_CSEG_start=L:0177
   _R_DINIT_size=L:0005
   _R_DINIT_start=L:0171
   _R_GSINIT_size=L:0071
   _R_GSINIT_start=L:0003
   _R_HOME_size=L:0000
   _R_HOME_start=L:0000
   _R_ISEG_size=L:004A
   _R_ISEG_start=L:0000
   _R_IXSEG_size=L:0000
   _R_IXSEG_start=L:0000
   _R_OSEG_size=L:0004
   _R_OSEG_start=L:0018
   _R_PSEG_size=L:0000
   _R_PSEG_start=L:0000
   _R_XINIT_size=L:0000
   _R_XINIT_start=L:0000
   _R_XSEG_size=L:0014
   _R_XSEG_start=L:0000
   _SendATCommand=C:04E9
   _Timer3us=C:02D6
   _UART1_Init=C:033B
   _Voltage_to_Coordinate=C:058B
   _Volts_at_Pin=C:027B
   _Wait_For_Calibration=C:0E56
   _Weigh_Dual_Inputs=C:0C65
   _Weigh_Dual_Inputs_PARM_2=D:002B
   _Weigh_Dual_Inputs_PARM_3=D:002E
   _Weigh_Dual_Inputs_PARM_4=D:0031
   _WriteCommand=C:0F56
   _WriteData=C:0F47
   ___fs2sint=C:1525
   ___fs2slong=C:1F54
   ___fsadd=C:1658
   ___fsdiv=C:17F8
   ___fsgt=C:14F5
   ___fslt=C:1559
   ___fsmul=C:1589
   ___fssub=C:17E0
   ___sint2fs=C:17EB
   ___slong2fs=C:26F1
   ___uint2fs=C:14E9
   ___ulong2fs=C:1EF8
   __c51_call_dptr=C:278C
   __c51_external_startup=C:0177
   __divsint=C:1713
   __divsint_PARM_2=D:0018
   __divslong_PARM_2=D:0018
   __divuint=C:1917
   __divuint_PARM_2=D:0018
   __divulong=C:1420
   __divulong_PARM_2=D:0018
   __gptrget=C:1404
   __gptrput=C:16FA
   __gptrput_PARM_2=D:0018
   __mulint=C:163B
   __mulint_PARM_2=D:0018
   __mulint_dummy=C:163B
   __mullong=C:271E
   __mullong_PARM_2=D:0018
   __mullong_dummy=C:271E
   __print_format=C:2145
   __print_format_PARM_2=D:0076
   __print_format_PARM_3=D:0079
   __scan_format=C:1B50
   __scan_format_PARM_2=D:0078
   __scan_format_PARM_3=D:007B
   __taos=I:00B9
   _abs=C:162C
   _bp=D:000F
   _bp_R_DSEG_size=L:0001
   _bp_R_DSEG_start=L:000F
   _buff=X:0000
   _bufr=D:0008
   _crt0=C:0003
   _dummy_name_crt0=C:17EB
   _getchar1=C:0406
   _getchar1_with_timeout=C:0418
   _getchar=C:16E7
   _getsn=C:101F
   _getsn_PARM_2=D:0045
   _getstr1=C:0454
   _main=C:1124
   _mcmd1=I:00A7
   _mcmd2=I:00AB
   _mcmd=I:00AF
   _printCharAsBinary=C:10C0
   _printf=C:16C6
   _putchar1=C:039C
   _putchar=C:26DC
   _rbuff=I:0093
   _sendstr1=C:03AC
   _sendstr2=C:03D7
   _sprintf=C:179A
   _sprintf_R_DSEG_size=L:0007
   _sprintf_R_DSEG_start=L:0010
   _sscanf=C:14BB
   _sscanf_R_DSEG_size=L:0007
   _sscanf_R_DSEG_start=L:0008
   _stack_start=L:00C9
   _strlen=C:27A0
   _t=D:004C
   _tbuff=I:007F
   _vprintf=C:16B4
   _vprintf_PARM_2=D:0017
   _vprintf_R_DSEG_size=L:0001
   _vprintf_R_DSEG_start=L:0017
   _vsprintf=C:1766
   _vsprintf_PARM_2=D:0013
   _vsprintf_PARM_3=D:0016
   _vsscanf=C:14A0
   _vsscanf_PARM_2=D:000B
   _vsscanf_PARM_3=D:000E
   _waitms=C:0300
   _waitms_or_RI1=C:0492
   fs_check_negative_zeros=C:1F29
   fs_compare_uint32=C:1F0B
   fs_direct_return=C:1FD8
   fs_normalize_a=C:1FFE
   fs_return_inf=C:1FE6
   fs_return_nan=C:1FF3
   fs_return_zero=C:1FD0
   fs_round_and_return=C:1FAF
   fs_rshift_a=C:2079
   fs_swap_a_b=C:205F
   fs_zerocheck_return=C:1FC7
   fsadd_direct_entry=C:165B
   fsgetarg=C:278E
   fsgetargs=C:2031
   slong2fs_doit=C:26FA
   ulong2fs_doit=C:1F01

Local symbols:
   Controller:L002001?=C:0195
   Controller:L002004?=C:01A0
   Controller:L004001?=C:0227
   Controller:L004002?=C:0231
   Controller:L004003?=C:023B
   Controller:L004005?=C:0243
   Controller:L004011?=C:020F
   Controller:L004013?=C:0211
   Controller:L004014?=C:021D
   Controller:L004015?=C:0222
   Controller:L005001?=C:0271
   Controller:L007001?=C:02F1
   Controller:L007004?=C:02EC
   Controller:L007007?=C:02FC
   Controller:L008001?=C:0311
   Controller:L008005?=C:0308
   Controller:L008007?=C:0333
   Controller:L008009?=C:033A
   Controller:L008018?=C:0314
   Controller:L010001?=C:03A1
   Controller:L010008?=C:03A6
   Controller:L011001?=C:03B2
   Controller:L011004?=C:03D6
   Controller:L012002?=C:03DD
   Controller:L012005?=C:0405
   Controller:L012012?=C:03ED
   Controller:L013001?=C:0409
   Controller:L013008?=C:040E
   Controller:L014003?=C:041F
   Controller:L014005?=C:0448
   Controller:L014012?=C:043B
   Controller:L015002?=C:0478
   Controller:L015004?=C:045A
   Controller:L017002?=C:04C4
   Controller:L017003?=C:04A3
   Controller:L017007?=C:049A
   Controller:L017009?=C:04E1
   Controller:L017011?=C:04E8
   Controller:L017019?=C:04A6
   Controller:L019002?=C:0565
   Controller:L020002?=C:06D1
   Controller:L020005?=C:0634
   Controller:L021002?=C:06EB
   Controller:L022002?=C:0728
   Controller:L022005?=C:07EF
   Controller:L022008?=C:07A4
   Controller:L022011?=C:08F1
   Controller:L022014?=C:089F
   Controller:L022017?=C:0830
   Controller:L022020?=C:09BB
   Controller:L022023?=C:0AF1
   Controller:L022026?=C:0AA1
   Controller:L022029?=C:0BF6
   Controller:L022032?=C:0BA4
   Controller:L022035?=C:0B40
   Controller:L022038?=C:0A2A
   Controller:L022042?=C:0939
   Controller:L022064?=C:0733
   Controller:L022065?=C:0747
   Controller:L022072?=C:093F
   Controller:L022073?=C:094F
   Controller:L022075?=C:0A3E
   Controller:L025001?=C:0E96
   Controller:L025002?=C:0EBC
   Controller:L025005?=C:0ED5
   Controller:L025012?=C:0E56
   Controller:L025025?=C:0ED5
   Controller:L031003?=C:0FC3
   Controller:L031006?=C:0FF7
   Controller:L031007?=C:0FFE
   Controller:L031011?=C:101E
   Controller:L031013?=C:0FA6
   Controller:L031014?=C:0FA8
   Controller:L032001?=C:1067
   Controller:L032002?=C:1084
   Controller:L032005?=C:103B
   Controller:L032008?=C:10A3
   Controller:L032015?=C:1064
   Controller:L032018?=C:109D
   Controller:L033001?=C:10C6
   Controller:L033004?=C:110E
   Controller:L033011?=C:10D5
   Controller:L033012?=C:10D8
   Controller:L033013?=C:110C
   Controller:L034006?=C:137E
   Controller:L034007?=C:13AD
   Controller:L034009?=C:13BB
   Controller:L034011?=C:11EA
   Controller:L034021?=C:139E
   Controller:_Generate_Motor_Command_sloc0_1_0=D:0028
   Controller:_Weigh_Dual_Inputs_mout_1_144=D:0035
   Controller:_Weigh_Dual_Inputs_sloc0_1_0=D:0038
   Controller:_Weigh_Dual_Inputs_sloc1_1_0=D:003A
   Controller:_Weigh_Dual_Inputs_sloc2_1_0=D:003D
   Controller:_Weigh_Dual_Inputs_sloc3_1_0=D:0041
   Controller:__str_0=C:0074
   Controller:__str_10=C:0115
   Controller:__str_11=C:011F
   Controller:__str_12=C:0129
   Controller:__str_13=C:0132
   Controller:__str_14=C:0159
   Controller:__str_15=C:0162
   Controller:__str_1=C:0092
   Controller:__str_2=C:009E
   Controller:__str_3=C:00AD
   Controller:__str_4=C:00B0
   Controller:__str_5=C:00B2
   Controller:__str_6=C:00EA
   Controller:__str_7=C:00F4
   Controller:__str_8=C:00FE
   Controller:__str_9=C:010C
   Controller:_getsn_buff_1_162=D:0047
   Controller:_getsn_sloc0_1_0=D:004A
   Controller:_main_freq_1_171=D:0066
   Controller:_main_sw_left_1_171=D:005E
   Controller:_main_sw_right_1_171=D:0052
   Controller:_main_vx1_1_171=D:0062
   Controller:_main_vx_left_1_171=D:0056
   Controller:_main_vx_right_1_171=D:004E
   Controller:_main_vy1_1_171=D:0064
   Controller:_main_vy_left_1_171=D:005A
   abs:?Done=C:163A
   abs:_dummy=C:162C
   crt0:PClearLoop?done?=C:006C
   crt0:PClearLoop?repeat?=C:005E
   crt0:XClearLoop?done?=C:0054
   crt0:XClearLoop?repeat?=C:0046
   crt0:XInitLoop?done?=C:003C
   crt0:XInitLoop?repeat?=C:001C
   crt0:__c51_init_data=C:0010
   crt0:__c51_program_startup=C:006F
   crt0:forever?home?=C:0072
   divsint:__divsint_dummy=C:1713
   divsint:a_not_negative=C:1727
   divsint:b_not_negative=C:1739
   divsint:not_negative=C:174A
   divuint:__divuint_dummy=C:1917
   divuint:loop=C:191C
   divuint:smaller=C:193D
   divulong:__divlong_dummy=C:1420
   divulong:exit=C:1483
   divulong:in_lp=C:1454
   divulong:loop=C:1441
   divulong:lp0=C:1428
   divulong:minus=C:1481
   fs2sint:_dummy=C:1525
   fs2sint:fs2sint_clr_a=C:1533
   fs2sint:fs2sint_maxval_neg=C:1545
   fs2sint:fs2sint_maxval_pos=C:1555
   fs2sint:fs2sint_neg=C:1537
   fs2sint:fs2sint_not_zero=C:1534
   fs2sint:fs2sint_pos=C:1549
   fs2slong:_dummy=C:1F54
   fs2slong:fs2slong_clr_a=C:1F87
   fs2slong:fs2slong_int_ok=C:1F5E
   fs2slong:fs2slong_maxval=C:1F97
   fs2slong:fs2slong_maxval_neg=C:1F9A
   fs2slong:fs2slong_maxval_pos=C:1FA4
   fs2slong:fs2slong_neg=C:1F66
   fs2slong:fs2slong_not_zero=C:1F88
   fs2slong:fs2slong_pos=C:1F8C
   fsadd:L00005?=C:1664
   fsadd:L00010?=C:1669
   fsadd:L00011?=C:1671
   fsadd:L00020?=C:1679
   fsadd:L00021?=C:168D
   fsadd:L00022?=C:1690
   fsadd:L00025?=C:16AB
   fsadd:_dummy=C:1658
   fscmp:_dummy=C:1F0B
   fscmp:a_check=C:1F29
   fscmp:a_not_neg_zero=C:1F3B
   fscmp:a_not_neg_zero_cleanup=C:1F3A
   fscmp:b_check=C:1F3B
   fscmp:b_not_neg_zero=C:1F53
   fscmp:b_not_neg_zero_cleanup_1=C:1F52
   fscmp:b_not_neg_zero_cleanup_2=C:1F51
   fscmp:b_not_neg_zero_cleanup_3=C:1F50
   fscmp:compare32_done=C:1F28
   fsdiv:L00001?=C:1800
   fsdiv:L00002?=C:1809
   fsdiv:L00003?=C:180C
   fsdiv:L00004?=C:1812
   fsdiv:L00005?=C:181F
   fsdiv:L00006?=C:1822
   fsdiv:L00007?=C:182A
   fsdiv:L00008?=C:1836
   fsdiv:L00009?=C:183E
   fsdiv:L00010?=C:1854
   fsdiv:L00011?=C:18A4
   fsdiv:L00012?=C:18B7
   fsdiv:L00013?=C:1906
   fsdiv:L00014?=C:1914
   fsdiv:_dummy=C:17F8
   fsdiv:saved_b=D:001B
   fsdiv:saved_r5=D:0018
   fsdiv:saved_r6=D:0019
   fsdiv:saved_r7=D:001A
   fsget1arg:L00001?=C:279B
   fsget1arg:_dummy=C:278E
   fsget2args:L00001?=C:203E
   fsget2args:L00002?=C:205A
   fsget2args:_dummy=C:2031
   fsgt:_dummy=C:14F5
   fsgt:a_negative=C:150A
   fsgt:a_positive=C:1503
   fsgt:ab_different=C:151C
   fsgt:ab_negative=C:1513
   fsgt:ab_positive=C:1511
   fsgt:skip_invert=C:1520
   fslt:_dummy=C:1559
   fslt:a_negative=C:156E
   fslt:a_positive=C:1567
   fslt:ab_different=C:1580
   fslt:ab_negative=C:1577
   fslt:ab_positive=C:1575
   fslt:skip_invert=C:1584
   fsmul:L00001?=C:158F
   fsmul:L00002?=C:1592
   fsmul:L00003?=C:159A
   fsmul:L00004?=C:15A2
   fsmul:L00005?=C:15AA
   fsmul:L00006?=C:15B5
   fsmul:L00007?=C:15BD
   fsmul:L00010?=C:1629
   fsmul:_dummy=C:1589
   fsnormalize:L00001?=C:2001
   fsnormalize:L00002?=C:2013
   fsnormalize:L00003?=C:2014
   fsnormalize:L00004?=C:2018
   fsnormalize:L00005?=C:201F
   fsnormalize:L00006?=C:202E
   fsnormalize:_dummy=C:1FFE
   fsreturnval:L00001?=C:1FB5
   fsreturnval:_dummy=C:1FAF
   fsrshift:L00001?=C:2082
   fsrshift:L00003?=C:20A7
   fsrshift:L00005?=C:20AC
   fsrshift:L00020?=C:20BB
   fsrshift:_dummy=C:2079
   fssub:_dummy=C:17E0
   fsswapargs:_dummy=C:205F
   getchar:L002001?=C:16E7
   getchar:L002008?=C:16EC
   gptrget:codeptr?=C:141B
   gptrget:dataptrrestore?=C:1412
   gptrget:pdataptr?=C:1418
   gptrget:xdataptr?=C:141E
   gptrput:codeptr?=C:170D
   gptrput:dataptrrestore?=C:1708
   gptrput:pdataptr?=C:170E
   gptrput:xdataptr?=C:1711
   mullong:b0=D:0018
   mullong:b1=D:0018
   mullong:b2=D:0018
   mullong:b3=D:0018
   print_format:L002003?=C:20CD
   print_format:L002004?=C:20D5
   print_format:L003004?=C:20EA
   print_format:L005003?=C:2113
   print_format:L005004?=C:2137
   print_format:L006001?=C:219F
   print_format:L006003?=C:21BE
   print_format:L006007?=C:21E4
   print_format:L006010?=C:21F3
   print_format:L006015?=C:2200
   print_format:L006017?=C:2215
   print_format:L006018?=C:2217
   print_format:L006020?=C:2287
   print_format:L006021?=C:228C
   print_format:L006022?=C:2291
   print_format:L006023?=C:2296
   print_format:L006024?=C:229B
   print_format:L006025?=C:22A0
   print_format:L006026?=C:22A5
   print_format:L006028?=C:22B8
   print_format:L006031?=C:22D8
   print_format:L006034?=C:22CA
   print_format:L006036?=C:22EA
   print_format:L006038?=C:22F7
   print_format:L006039?=C:2306
   print_format:L006040?=C:230E
   print_format:L006042?=C:233C
   print_format:L006043?=C:234D
   print_format:L006050?=C:235C
   print_format:L006052?=C:2395
   print_format:L006053?=C:23AC
   print_format:L006059?=C:23BE
   print_format:L006061?=C:23F0
   print_format:L006064?=C:23E8
   print_format:L006067?=C:23DF
   print_format:L006068?=C:23F2
   print_format:L006070?=C:241D
   print_format:L006073?=C:2425
   print_format:L006074?=C:242C
   print_format:L006075?=C:2431
   print_format:L006076?=C:2436
   print_format:L006077?=C:243B
   print_format:L006078?=C:243F
   print_format:L006079?=C:2443
   print_format:L006080?=C:2447
   print_format:L006081?=C:2471
   print_format:L006082?=C:2476
   print_format:L006083?=C:24A5
   print_format:L006091?=C:2532
   print_format:L006094?=C:2510
   print_format:L006095?=C:255C
   print_format:L006097?=C:2598
   print_format:L006102?=C:257A
   print_format:L006105?=C:25A2
   print_format:L006108?=C:25C8
   print_format:L006111?=C:25CA
   print_format:L006113?=C:25EB
   print_format:L006114?=C:25ED
   print_format:L006115?=C:25D1
   print_format:L006119?=C:2604
   print_format:L006120?=C:260A
   print_format:L006124?=C:2621
   print_format:L006129?=C:2647
   print_format:L006134?=C:2632
   print_format:L006135?=C:2656
   print_format:L006136?=C:2659
   print_format:L006140?=C:2687
   print_format:L006143?=C:2677
   print_format:L006146?=C:26A2
   print_format:L006147?=C:26A9
   print_format:L006148?=C:268C
   print_format:L006150?=C:26B5
   print_format:L006151?=C:26BB
   print_format:L006158?=C:247F
   print_format:L006159?=C:24D9
   print_format:L006164?=C:26CD
   print_format:L006166?=C:2150
   print_format:L006168?=C:26D5
   print_format:L006171?=C:266A
   print_format:L006172?=C:266C
   print_format:L006259?=C:268A
   print_format:L006264?=C:2172
   print_format:L006265?=C:2177
   print_format:L006266?=C:217A
   print_format:L006269?=C:21C3
   print_format:L006279?=C:2205
   print_format:L006282?=C:221C
   print_format:L006283?=C:2222
   print_format:L006284?=C:2228
   print_format:L006285?=C:222D
   print_format:L006286?=C:2232
   print_format:L006287?=C:2237
   print_format:L006288?=C:223D
   print_format:L006289?=C:2243
   print_format:L006290?=C:2249
   print_format:L006291?=C:224F
   print_format:L006292?=C:2255
   print_format:L006293?=C:225B
   print_format:L006294?=C:2260
   print_format:L006295?=C:2266
   print_format:L006296?=C:226C
   print_format:L006297?=C:2272
   print_format:L006298?=C:2278
   print_format:L006299?=C:227E
   print_format:L006300?=C:2284
   print_format:L006313?=C:238D
   print_format:L006314?=C:239B
   print_format:L006315?=C:23A5
   print_format:L006316?=C:23B6
   print_format:L006320?=C:2412
   print_format:L006321?=C:2417
   print_format:L006325?=C:24D2
   print_format:L006326?=C:24E0
   print_format:L006356?=C:26BB
   print_format:L006357?=C:26C5
   print_format:__output_char=C:20BC
   print_format:__print_format_sloc0_1_0=D:007A
   print_format:__print_format_store_4_108=I:00B3
   print_format:__str_0=C:0166
   print_format:_calculate_digit=C:2106
   print_format:_char_argument=B:0011
   print_format:_charsOutputted=D:006F
   print_format:_decimals=D:0073
   print_format:_e_argument=B:000A
   print_format:_f_argument=B:0009
   print_format:_fflag=B:0015
   print_format:_g_argument=B:000B
   print_format:_i=D:0075
   print_format:_left_justify=B:000C
   print_format:_length=D:0074
   print_format:_long_argument=B:0012
   print_format:_lower_case=B:0008
   print_format:_lsd=B:0014
   print_format:_output_2digits=C:20EF
   print_format:_output_char=D:0068
   print_format:_output_digit=C:20D6
   print_format:_pound_argument=B:0013
   print_format:_prefix_sign=B:000E
   print_format:_prefix_space=B:000F
   print_format:_radix=D:0071
   print_format:_signed_argument=B:0010
   print_format:_value=D:006A
   print_format:_width=D:0072
   print_format:_zero_padding=B:000D
   putchar:L002001?=C:26E1
   putchar:L002006?=C:26E9
   putchar:L002017?=C:26E6
   putchar:L002018?=C:26EE
   scan_format:L002002?=C:195A
   scan_format:L002003?=C:195C
   scan_format:L003003?=C:1997
   scan_format:L003010?=C:19AB
   scan_format:L003013?=C:19B6
   scan_format:L003017?=C:19C2
   scan_format:L003018?=C:19CD
   scan_format:L003023?=C:196C
   scan_format:L003034?=C:196C
   scan_format:L003041?=C:197E
   scan_format:L003042?=C:1983
   scan_format:L003043?=C:1988
   scan_format:L003044?=C:198D
   scan_format:L003045?=C:1992
   scan_format:L003048?=C:19A0
   scan_format:L003049?=C:19A9
   scan_format:L003055?=C:19DF
   scan_format:L004005?=C:1A1E
   scan_format:L004009?=C:1A05
   scan_format:L004010?=C:1A35
   scan_format:L004013?=C:1A3E
   scan_format:L005003?=C:1A52
   scan_format:L005009?=C:1A6A
   scan_format:L005010?=C:1ACD
   scan_format:L005017?=C:1A6A
   scan_format:L006006?=C:1AE9
   scan_format:L006009?=C:1B24
   scan_format:L006010?=C:1B25
   scan_format:L006014?=C:1B40
   scan_format:L006015?=C:1B48
   scan_format:L006023?=C:1B0F
   scan_format:L006026?=C:1B07
   scan_format:L006027?=C:1B0C
   scan_format:L006028?=C:1B19
   scan_format:L006029?=C:1B1A
   scan_format:L006030?=C:1B21
   scan_format:L007001?=C:1B9D
   scan_format:L007003?=C:1BDA
   scan_format:L007006?=C:1BEB
   scan_format:L007008?=C:1C30
   scan_format:L007009?=C:1C35
   scan_format:L007010?=C:1C3A
   scan_format:L007012?=C:1C3F
   scan_format:L007013?=C:1C41
   scan_format:L007015?=C:1C5B
   scan_format:L007017?=C:1C6A
   scan_format:L007019?=C:1C79
   scan_format:L007021?=C:1C83
   scan_format:L007024?=C:1CB9
   scan_format:L007028?=C:1CDA
   scan_format:L007032?=C:1CFC
   scan_format:L007034?=C:1CDE
   scan_format:L007036?=C:1CA0
   scan_format:L007037?=C:1CBF
   scan_format:L007042?=C:1C98
   scan_format:L007044?=C:1C9B
   scan_format:L007046?=C:1C6D
   scan_format:L007048?=C:1D01
   scan_format:L007050?=C:1D03
   scan_format:L007051?=C:1D08
   scan_format:L007052?=C:1D0F
   scan_format:L007053?=C:1D16
   scan_format:L007055?=C:1D3E
   scan_format:L007057?=C:1DD6
   scan_format:L007060?=C:1DAD
   scan_format:L007063?=C:1E60
   scan_format:L007066?=C:1E38
   scan_format:L007069?=C:1E01
   scan_format:L007077?=C:1E88
   scan_format:L007078?=C:1EC5
   scan_format:L007083?=C:1E94
   scan_format:L007088?=C:1B5F
   scan_format:L007090?=C:1EEF
   scan_format:L007093?=C:1C66
   scan_format:L007094?=C:1C68
   scan_format:L007143?=C:1B81
   scan_format:L007144?=C:1B86
   scan_format:L007145?=C:1B89
   scan_format:L007146?=C:1BC2
   scan_format:L007149?=C:1BDF
   scan_format:L007152?=C:1BF0
   scan_format:L007153?=C:1BF5
   scan_format:L007154?=C:1BFA
   scan_format:L007155?=C:1BFF
   scan_format:L007156?=C:1C05
   scan_format:L007157?=C:1C0B
   scan_format:L007158?=C:1C10
   scan_format:L007159?=C:1C16
   scan_format:L007160?=C:1C1C
   scan_format:L007161?=C:1C21
   scan_format:L007162?=C:1C27
   scan_format:L007163?=C:1C2D
   scan_format:L007169?=C:1C83
   scan_format:L007171?=C:1C8B
   scan_format:L007172?=C:1C90
   scan_format:L007173?=C:1C95
   scan_format:L007185?=C:1CD4
   scan_format:L007187?=C:1CF6
   scan_format:L007188?=C:1D45
   scan_format:L007189?=C:1D50
   scan_format:L007190?=C:1D56
   scan_format:L007191?=C:1D75
   scan_format:L007196?=C:1E8E
   scan_format:L007197?=C:1EB0
   scan_format:L007200?=C:1EC2
   scan_format:_String_to_Long=C:1AD9
   scan_format:_String_to_Long_sign_1_92=B:0007
   scan_format:_String_to_ULong=C:1A42
   scan_format:__input_char=C:1940
   scan_format:__input_char_c_1_75=D:0077
   scan_format:__scan_format_sloc0_1_0=D:007C
   scan_format:_assigned=D:0075
   scan_format:_char_argument=B:0001
   scan_format:_char_to_val=C:19E8
   scan_format:_charsInputted=D:0071
   scan_format:_gets_taos=C:1960
   scan_format:_input_EOF=B:0004
   scan_format:_input_char=D:0068
   scan_format:_ischar=B:0006
   scan_format:_issigned=B:0003
   scan_format:_long_argument=B:0002
   scan_format:_radix=D:0073
   scan_format:_rv=D:006D
   scan_format:_stopchar=D:0076
   scan_format:_suppressed=B:0005
   scan_format:_value=D:006A
   scan_format:_width=D:0074
   sint2fs:_dummy=C:17EB
   slong2fs:_dummy=C:26F1
   slong2fs:slong2fs_positive=C:2718
   sprintf:L002003?=C:1765
   sprintf:_obuf=D:0010
   sprintf:_put_char_to_string=C:174B
   sscanf:L002003?=C:149D
   sscanf:_get_char_from_string=C:1485
   strlen:L002001?=C:27AA
   strlen:L002003?=C:27C3
   uint2fs:_dummy=C:14E9
   ulong2fs:_dummy=C:1EF8
   ulong2fs:long2fs_doit=C:1F03
   vprintf:_put_char_to_stdout=C:16B1
